###############################################################################
#
# IAR ELF Linker V7.80.3.12102/W32 for ARM                07/Apr/2019  17:19:30
# Copyright 2007-2016 IAR Systems AB.
#
#    Output file  =  
#        D:\MyLife\work\UAV\Custom-Flight-Controller\FlightController\FlightController\EWARM\FlightController\Exe\FlightController.out
#    Map file     =  
#        D:\MyLife\work\UAV\Custom-Flight-Controller\FlightController\FlightController\EWARM\FlightController\List\FlightController.map
#    Command line =  
#        D:\MyLife\work\UAV\Custom-Flight-Controller\FlightController\FlightController\EWARM\FlightController\Obj\cmd_listener.o
#        D:\MyLife\work\UAV\Custom-Flight-Controller\FlightController\FlightController\EWARM\FlightController\Obj\controller.o
#        D:\MyLife\work\UAV\Custom-Flight-Controller\FlightController\FlightController\EWARM\FlightController\Obj\controller_att.o
#        D:\MyLife\work\UAV\Custom-Flight-Controller\FlightController\FlightController\EWARM\FlightController\Obj\controller_att_rate.o
#        D:\MyLife\work\UAV\Custom-Flight-Controller\FlightController\FlightController\EWARM\FlightController\Obj\controller_util.o
#        D:\MyLife\work\UAV\Custom-Flight-Controller\FlightController\FlightController\EWARM\FlightController\Obj\controller_vel.o
#        D:\MyLife\work\UAV\Custom-Flight-Controller\FlightController\FlightController\EWARM\FlightController\Obj\DeviceCtrl.o
#        D:\MyLife\work\UAV\Custom-Flight-Controller\FlightController\FlightController\EWARM\FlightController\Obj\i2c.o
#        D:\MyLife\work\UAV\Custom-Flight-Controller\FlightController\FlightController\EWARM\FlightController\Obj\IMU.o
#        D:\MyLife\work\UAV\Custom-Flight-Controller\FlightController\FlightController\EWARM\FlightController\Obj\interrupt_mgr.o
#        D:\MyLife\work\UAV\Custom-Flight-Controller\FlightController\FlightController\EWARM\FlightController\Obj\led.o
#        D:\MyLife\work\UAV\Custom-Flight-Controller\FlightController\FlightController\EWARM\FlightController\Obj\logging.o
#        D:\MyLife\work\UAV\Custom-Flight-Controller\FlightController\FlightController\EWARM\FlightController\Obj\MadgwickAHRS.o
#        D:\MyLife\work\UAV\Custom-Flight-Controller\FlightController\FlightController\EWARM\FlightController\Obj\main.o
#        D:\MyLife\work\UAV\Custom-Flight-Controller\FlightController\FlightController\EWARM\FlightController\Obj\main_app.o
#        D:\MyLife\work\UAV\Custom-Flight-Controller\FlightController\FlightController\EWARM\FlightController\Obj\motor_ctrl.o
#        D:\MyLife\work\UAV\Custom-Flight-Controller\FlightController\FlightController\EWARM\FlightController\Obj\MPU9250.o
#        D:\MyLife\work\UAV\Custom-Flight-Controller\FlightController\FlightController\EWARM\FlightController\Obj\PID.o
#        D:\MyLife\work\UAV\Custom-Flight-Controller\FlightController\FlightController\EWARM\FlightController\Obj\ping_pong_buffer.o
#        D:\MyLife\work\UAV\Custom-Flight-Controller\FlightController\FlightController\EWARM\FlightController\Obj\pwm.o
#        D:\MyLife\work\UAV\Custom-Flight-Controller\FlightController\FlightController\EWARM\FlightController\Obj\QKF.o
#        D:\MyLife\work\UAV\Custom-Flight-Controller\FlightController\FlightController\EWARM\FlightController\Obj\receiver.o
#        D:\MyLife\work\UAV\Custom-Flight-Controller\FlightController\FlightController\EWARM\FlightController\Obj\ringbuf.o
#        D:\MyLife\work\UAV\Custom-Flight-Controller\FlightController\FlightController\EWARM\FlightController\Obj\sbus.o
#        D:\MyLife\work\UAV\Custom-Flight-Controller\FlightController\FlightController\EWARM\FlightController\Obj\sensor_reader.o
#        D:\MyLife\work\UAV\Custom-Flight-Controller\FlightController\FlightController\EWARM\FlightController\Obj\startup_stm32f429xx.o
#        D:\MyLife\work\UAV\Custom-Flight-Controller\FlightController\FlightController\EWARM\FlightController\Obj\state_estimator.o
#        D:\MyLife\work\UAV\Custom-Flight-Controller\FlightController\FlightController\EWARM\FlightController\Obj\stm32f4xx_hal.o
#        D:\MyLife\work\UAV\Custom-Flight-Controller\FlightController\FlightController\EWARM\FlightController\Obj\stm32f4xx_hal_cortex.o
#        D:\MyLife\work\UAV\Custom-Flight-Controller\FlightController\FlightController\EWARM\FlightController\Obj\stm32f4xx_hal_dma.o
#        D:\MyLife\work\UAV\Custom-Flight-Controller\FlightController\FlightController\EWARM\FlightController\Obj\stm32f4xx_hal_dma_ex.o
#        D:\MyLife\work\UAV\Custom-Flight-Controller\FlightController\FlightController\EWARM\FlightController\Obj\stm32f4xx_hal_flash.o
#        D:\MyLife\work\UAV\Custom-Flight-Controller\FlightController\FlightController\EWARM\FlightController\Obj\stm32f4xx_hal_flash_ex.o
#        D:\MyLife\work\UAV\Custom-Flight-Controller\FlightController\FlightController\EWARM\FlightController\Obj\stm32f4xx_hal_flash_ramfunc.o
#        D:\MyLife\work\UAV\Custom-Flight-Controller\FlightController\FlightController\EWARM\FlightController\Obj\stm32f4xx_hal_gpio.o
#        D:\MyLife\work\UAV\Custom-Flight-Controller\FlightController\FlightController\EWARM\FlightController\Obj\stm32f4xx_hal_i2c.o
#        D:\MyLife\work\UAV\Custom-Flight-Controller\FlightController\FlightController\EWARM\FlightController\Obj\stm32f4xx_hal_i2c_ex.o
#        D:\MyLife\work\UAV\Custom-Flight-Controller\FlightController\FlightController\EWARM\FlightController\Obj\stm32f4xx_hal_msp.o
#        D:\MyLife\work\UAV\Custom-Flight-Controller\FlightController\FlightController\EWARM\FlightController\Obj\stm32f4xx_hal_pwr.o
#        D:\MyLife\work\UAV\Custom-Flight-Controller\FlightController\FlightController\EWARM\FlightController\Obj\stm32f4xx_hal_pwr_ex.o
#        D:\MyLife\work\UAV\Custom-Flight-Controller\FlightController\FlightController\EWARM\FlightController\Obj\stm32f4xx_hal_rcc.o
#        D:\MyLife\work\UAV\Custom-Flight-Controller\FlightController\FlightController\EWARM\FlightController\Obj\stm32f4xx_hal_rcc_ex.o
#        D:\MyLife\work\UAV\Custom-Flight-Controller\FlightController\FlightController\EWARM\FlightController\Obj\stm32f4xx_hal_tim.o
#        D:\MyLife\work\UAV\Custom-Flight-Controller\FlightController\FlightController\EWARM\FlightController\Obj\stm32f4xx_hal_tim_ex.o
#        D:\MyLife\work\UAV\Custom-Flight-Controller\FlightController\FlightController\EWARM\FlightController\Obj\stm32f4xx_hal_uart.o
#        D:\MyLife\work\UAV\Custom-Flight-Controller\FlightController\FlightController\EWARM\FlightController\Obj\stm32f4xx_it.o
#        D:\MyLife\work\UAV\Custom-Flight-Controller\FlightController\FlightController\EWARM\FlightController\Obj\system_stm32f4xx.o
#        D:\MyLife\work\UAV\Custom-Flight-Controller\FlightController\FlightController\EWARM\FlightController\Obj\TestIMU.o
#        D:\MyLife\work\UAV\Custom-Flight-Controller\FlightController\FlightController\EWARM\FlightController\Obj\uart.o
#        --redirect _Printf=_PrintfFull --redirect _Scanf=_ScanfFull -o
#        D:\MyLife\work\UAV\Custom-Flight-Controller\FlightController\FlightController\EWARM\FlightController\Exe\FlightController.out
#        --map
#        D:\MyLife\work\UAV\Custom-Flight-Controller\FlightController\FlightController\EWARM\FlightController\List\FlightController.map
#        --config
#        D:\MyLife\work\UAV\Custom-Flight-Controller\FlightController\FlightController\EWARM/stm32f429xx_flash.icf
#        --semihosting --entry __iar_program_start
#        E:\software\IAR\arm\CMSIS\Lib\IAR\iar_cortexM4lf_math.a --vfe
#
###############################################################################

*******************************************************************************
*** RUNTIME MODEL ATTRIBUTES
***

CppFlavor                     = *
__CPP_Language                = EC++
__Heap_Handler                = DLMalloc
__SystemLibrary               = DLib
__dlib_dynamic_initialization = normal


*******************************************************************************
*** PLACEMENT SUMMARY
***

"A0":  place at 0x08000000 { ro section .intvec };
"P1":  place in [from 0x08000000 to 0x081fffff] { ro };
"P2":  place in [from 0x20000000 to 0x2002ffff] { rw, block CSTACK, block HEAP };
initialize by copy { rw };

  Section             Kind        Address    Size  Object
  -------             ----        -------    ----  ------
"A0":                                       0x1ac
  .intvec             ro code  0x08000000   0x1ac  startup_stm32f429xx.o [1]
                             - 0x080001ac   0x1ac

"P1":                                      0x8f6d
  .text               ro code  0x080001ac  0x14f4  dlmalloc.o [3]
  .text               ro code  0x080016a0     0x6  abort.o [3]
  .text               ro code  0x080016a6    0x1a  xsnprout.o [3]
  .text               ro code  0x080016c0    0x2c  xgetmemchunk.o [3]
  .text               ro code  0x080016ec    0x14  exit.o [7]
  .text               ro code  0x08001700  0x138e  stm32f4xx_hal_i2c.o [1]
  .text               ro code  0x08002a8e     0xa  xsprout.o [3]
  .text               ro code  0x08002a98   0x200  stm32f4xx_hal_msp.o [1]
  .text               ro code  0x08002c98   0x1bc  stm32f4xx_hal_rcc.o [1]
  .text               ro code  0x08002e54     0xc  stm32f4xx_hal.o [1]
  .text               ro code  0x08002e60     0x2  stm32f4xx_hal_i2c.o [1]
  .text               ro code  0x08002e62     0x2  stm32f4xx_hal_i2c.o [1]
  .text               ro code  0x08002e64     0x2  stm32f4xx_hal_i2c.o [1]
  .text               ro code  0x08002e66     0x2  stm32f4xx_hal_i2c.o [1]
  .text               ro code  0x08002e68     0x2  stm32f4xx_hal_i2c.o [1]
  .text               ro code  0x08002e6a     0x2  stm32f4xx_hal_i2c.o [1]
  .text               ro code  0x08002e6c     0x2  stm32f4xx_hal_i2c.o [1]
  .text               ro code  0x08002e6e     0x2  stm32f4xx_hal_i2c.o [1]
  .text               ro code  0x08002e70   0x490  stm32f4xx_hal_dma.o [1]
  .text               ro code  0x08003300     0x2  stm32f4xx_hal_i2c.o [1]
  .text               ro code  0x08003302     0x2  stm32f4xx_hal_i2c.o [1]
  .text               ro code  0x08003304     0x6  ABImemclr4.o [6]
  .text               ro code  0x0800330c   0x200  stm32f4xx_hal_gpio.o [1]
  .text               ro code  0x0800350c    0xec  stm32f4xx_hal_cortex.o [1]
  .text               ro code  0x080035f8    0x48  stm32f4xx_hal.o [1]
  .text               ro code  0x08003640    0xee  I64DivMod.o [6]
  .text               ro code  0x08003730    0x3a  ABImemset48.o [6]
  .text               ro code  0x0800376c     0x2  I64DivZer.o [6]
  .text               ro code  0x08003770  0x119a  xprintffull.o [3]
  .text               ro code  0x0800490a    0x20  xmbtowc.o [3]
  .text               ro code  0x0800492c    0x16  strchr.o [6]
  .text               ro code  0x08004944    0x36  strlen.o [6]
  .text               ro code  0x0800497c    0x58  memchr.o [6]
  .text               ro code  0x080049d4     0xa  xmbcurmax.o [3]
  .text               ro code  0x080049de    0x1a  xwctomb.o [3]
  .text               ro code  0x080049f8    0x76  ABImemcpy_unaligned.o [6]
  .text               ro code  0x08004a6e    0x44  xdnorm.o [5]
  .text               ro code  0x08004ab4    0x2e  DblCmpLe.o [5]
  .text               ro code  0x08004ae4    0x2e  DblCmpGe.o [5]
  .text               ro code  0x08004b14   0x114  xdscale.o [5]
  .text               ro code  0x08004c28    0x58  DblToI32.o [5]
  .text               ro code  0x08004c80    0x30  I32ToDbl.o [5]
  .text               ro code  0x08004cb0   0x180  DblSub.o [5]
  .text               ro code  0x08004e30   0x1a2  DblMul.o [5]
  .text               ro code  0x08004fd4   0x256  DblDiv.o [5]
  .text               ro code  0x0800522c    0x6c  localeconv.o [3]
  .text               ro code  0x08005298     0xe  div.o [3]
  .text               ro code  0x080052a8    0x14  setlocale.o [3]
  .text               ro code  0x080052bc    0x60  xencoding_sb.o [3]
  .text               ro code  0x0800531c    0xd4  DblAdd.o [5]
  .text               ro code  0x080053f0     0x2  xtls.o [3]
  .text               ro code  0x080053f4   0x7f4  stm32f4xx_hal_uart.o [1]
  .text               ro code  0x08005be8   0x3e4  sbus.o [1]
  .text               ro code  0x08005fcc     0x2  stm32f4xx_hal_uart.o [1]
  .text               ro code  0x08005fce     0x2  stm32f4xx_hal_uart.o [1]
  .text               ro code  0x08005fd0    0x60  logging.o [1]
  .text               ro code  0x08006030   0x184  ping_pong_buffer.o [1]
  .text               ro code  0x080061b4    0x28  stm32f4xx_hal.o [1]
  .text               ro code  0x080061dc    0x70  led.o [1]
  .text               ro code  0x0800624c    0x2c  vsprintf.o [3]
  .text               ro code  0x08006278    0x44  snprintf.o [3]
  .text               ro code  0x080062bc    0x74  uart.o [1]
  .text               ro code  0x08006330    0x66  ABImemset.o [6]
  .text               ro code  0x08006398   0x630  DeviceCtrl.o [1]
  .text               ro code  0x080069c8   0x2f0  stm32f4xx_hal_rcc.o [1]
  .text               ro code  0x08006cb8    0x6c  stm32f4xx_hal_pwr_ex.o [1]
  .text               ro code  0x08006d24   0x114  i2c.o [1]
  .text               ro code  0x08006e38   0x1ac  pwm.o [1]
  .text               ro code  0x08006fe4    0x94  state_estimator.o [1]
  .text               ro code  0x08007078    0xfc  sensor_reader.o [1]
  .text               ro code  0x08007174    0xce  controller.o [1]
  .text               ro code  0x08007244    0xa4  cmd_listener.o [1]
  .text               ro code  0x080072e8    0x34  stm32f4xx_hal.o [1]
  .text               ro code  0x0800731c   0x578  stm32f4xx_hal_tim.o [1]
  .text               ro code  0x08007894    0xa8  stm32f4xx_hal_tim_ex.o [1]
  .text               ro code  0x0800793c   0x342  MadgwickAHRS.o [1]
  .text               ro code  0x08007c7e     0xe  TestIMU.o [1]
  .text               ro code  0x08007c8c    0x16  state_estimator.o [1]
  .text               ro code  0x08007ca2    0x16  state_estimator.o [1]
  .text               ro code  0x08007cb8    0x16  state_estimator.o [1]
  .text               ro code  0x08007cd0   0x53c  IMU.o [1]
  .text               ro code  0x0800820c    0x3a  controller_vel.o [1]
  .text               ro code  0x08008246    0x3a  controller_att.o [1]
  .text               ro code  0x08008280    0x3a  controller_att_rate.o [1]
  .text               ro code  0x080082bc    0x14  motor_ctrl.o [1]
  .text               ro code  0x080082d0    0xa0  receiver.o [1]
  .text               ro code  0x08008370     0x2  stm32f4xx_hal_tim.o [1]
  .text               ro code  0x08008374    0x6a  atan2f.o [5]
  .text               ro code  0x080083e0    0x5c  asinf.o [5]
  .text               ro code  0x0800843c   0x4a8  MPU9250.o [1]
  .text               ro code  0x080088e4    0x4e  FltToDbl.o [5]
  .text               ro code  0x08008934   0x19c  PID.o [1]
  .text               ro code  0x08008ad0    0xa4  xatanf.o [5]
  .text               ro code  0x08008b74     0xc  iarEdom.o [6]
  .text               ro code  0x08008b80     0xc  errno.o [3]
  .text               ro code  0x08008b8c   0x1f4  main_app.o [1]
  .text               ro code  0x08008d80    0x30  interrupt_mgr.o [1]
  .text               ro code  0x08008db0    0x10  stm32f4xx_hal.o [1]
  .text               ro code  0x08008dc0    0x60  system_stm32f4xx.o [1]
  .text               ro code  0x08008e20    0x40  zero_init3.o [6]
  .text               ro code  0x08008e60    0x38  packbits_init_single.o [6]
  .text               ro code  0x08008e98    0x28  data_init.o [6]
  .text               ro code  0x08008ec0    0x22  fpinit_M.o [5]
  .iar.init_table     const    0x08008ee4    0x20  - Linker created -
  .text               ro code  0x08008f04    0x1a  cmain.o [6]
  .text               ro code  0x08008f1e     0x4  low_level_init.o [3]
  .text               ro code  0x08008f22    0x18  main.o [1]
  .text               ro code  0x08008f3a     0x4  exit.o [3]
  .text               ro code  0x08008f40     0xa  cexit.o [6]
  .text               ro code  0x08008f4c    0x10  startup_stm32f429xx.o [1]
  .text               ro code  0x08008f5c     0xc  cstartup_M.o [6]
  .rodata             const    0x08008f68     0x8  system_stm32f4xx.o [1]
  .text               ro code  0x08008f70     0x4  startup_stm32f429xx.o [1]
  .text               ro code  0x08008f74     0x4  startup_stm32f429xx.o [1]
  .text               ro code  0x08008f78     0x4  startup_stm32f429xx.o [1]
  .text               ro code  0x08008f7c     0x4  startup_stm32f429xx.o [1]
  .text               ro code  0x08008f80     0x4  startup_stm32f429xx.o [1]
  .text               ro code  0x08008f84     0x4  startup_stm32f429xx.o [1]
  .text               ro code  0x08008f88     0x4  startup_stm32f429xx.o [1]
  .text               ro code  0x08008f8c     0x4  startup_stm32f429xx.o [1]
  .text               ro code  0x08008f90     0x4  startup_stm32f429xx.o [1]
  .text               ro code  0x08008f94     0x4  startup_stm32f429xx.o [1]
  .text               ro code  0x08008f98     0x4  startup_stm32f429xx.o [1]
  .text               ro code  0x08008f9c     0x4  startup_stm32f429xx.o [1]
  .text               ro code  0x08008fa0     0x4  startup_stm32f429xx.o [1]
  .text               ro code  0x08008fa4     0x4  startup_stm32f429xx.o [1]
  .text               ro code  0x08008fa8     0x4  startup_stm32f429xx.o [1]
  .text               ro code  0x08008fac     0x4  startup_stm32f429xx.o [1]
  .text               ro code  0x08008fb0     0x4  startup_stm32f429xx.o [1]
  .text               ro code  0x08008fb4     0x4  startup_stm32f429xx.o [1]
  .text               ro code  0x08008fb8     0x4  startup_stm32f429xx.o [1]
  .text               ro code  0x08008fbc     0x4  startup_stm32f429xx.o [1]
  .text               ro code  0x08008fc0     0x4  startup_stm32f429xx.o [1]
  .text               ro code  0x08008fc4     0x4  startup_stm32f429xx.o [1]
  .text               ro code  0x08008fc8     0x4  startup_stm32f429xx.o [1]
  .text               ro code  0x08008fcc     0x4  startup_stm32f429xx.o [1]
  .text               ro code  0x08008fd0     0x4  startup_stm32f429xx.o [1]
  .text               ro code  0x08008fd4     0x4  startup_stm32f429xx.o [1]
  .text               ro code  0x08008fd8     0x4  startup_stm32f429xx.o [1]
  .text               ro code  0x08008fdc     0x4  startup_stm32f429xx.o [1]
  .text               ro code  0x08008fe0     0x4  startup_stm32f429xx.o [1]
  .text               ro code  0x08008fe4     0x4  startup_stm32f429xx.o [1]
  .text               ro code  0x08008fe8     0x4  startup_stm32f429xx.o [1]
  .text               ro code  0x08008fec     0x4  startup_stm32f429xx.o [1]
  .text               ro code  0x08008ff0     0x4  startup_stm32f429xx.o [1]
  .text               ro code  0x08008ff4     0x4  startup_stm32f429xx.o [1]
  .text               ro code  0x08008ff8     0x4  startup_stm32f429xx.o [1]
  .text               ro code  0x08008ffc     0x4  startup_stm32f429xx.o [1]
  .text               ro code  0x08009000     0x4  startup_stm32f429xx.o [1]
  .text               ro code  0x08009004     0x4  startup_stm32f429xx.o [1]
  .text               ro code  0x08009008     0x4  startup_stm32f429xx.o [1]
  .text               ro code  0x0800900c     0x4  startup_stm32f429xx.o [1]
  .text               ro code  0x08009010     0x4  startup_stm32f429xx.o [1]
  .text               ro code  0x08009014     0x4  startup_stm32f429xx.o [1]
  .text               ro code  0x08009018     0x4  startup_stm32f429xx.o [1]
  .text               ro code  0x0800901c     0x4  startup_stm32f429xx.o [1]
  .text               ro code  0x08009020     0x4  startup_stm32f429xx.o [1]
  .text               ro code  0x08009024     0x4  startup_stm32f429xx.o [1]
  .text               ro code  0x08009028     0x4  startup_stm32f429xx.o [1]
  .text               ro code  0x0800902c     0x4  startup_stm32f429xx.o [1]
  .text               ro code  0x08009030     0x4  startup_stm32f429xx.o [1]
  .text               ro code  0x08009034     0x4  startup_stm32f429xx.o [1]
  .text               ro code  0x08009038     0x4  startup_stm32f429xx.o [1]
  .text               ro code  0x0800903c     0x4  startup_stm32f429xx.o [1]
  .text               ro code  0x08009040     0x4  startup_stm32f429xx.o [1]
  .text               ro code  0x08009044     0x4  startup_stm32f429xx.o [1]
  .text               ro code  0x08009048     0x4  startup_stm32f429xx.o [1]
  .text               ro code  0x0800904c     0x4  startup_stm32f429xx.o [1]
  .text               ro code  0x08009050     0x4  startup_stm32f429xx.o [1]
  .text               ro code  0x08009054     0x4  startup_stm32f429xx.o [1]
  .text               ro code  0x08009058     0x4  startup_stm32f429xx.o [1]
  .text               ro code  0x0800905c     0x4  startup_stm32f429xx.o [1]
  .text               ro code  0x08009060     0x4  startup_stm32f429xx.o [1]
  .text               ro code  0x08009064     0x4  startup_stm32f429xx.o [1]
  .text               ro code  0x08009068     0x4  startup_stm32f429xx.o [1]
  .text               ro code  0x0800906c     0x4  startup_stm32f429xx.o [1]
  .text               ro code  0x08009070     0x4  startup_stm32f429xx.o [1]
  .text               ro code  0x08009074     0x4  startup_stm32f429xx.o [1]
  .text               ro code  0x08009078     0x4  startup_stm32f429xx.o [1]
  .text               ro code  0x0800907c     0x4  startup_stm32f429xx.o [1]
  .text               ro code  0x08009080     0x4  startup_stm32f429xx.o [1]
  .text               ro code  0x08009084     0x4  startup_stm32f429xx.o [1]
  .text               ro code  0x08009088     0x4  startup_stm32f429xx.o [1]
  .text               ro code  0x0800908c     0x4  startup_stm32f429xx.o [1]
  .text               ro code  0x08009090     0x4  startup_stm32f429xx.o [1]
  .text               ro code  0x08009094     0x4  startup_stm32f429xx.o [1]
  .text               ro code  0x08009098     0x4  startup_stm32f429xx.o [1]
  .text               ro code  0x0800909c     0x4  startup_stm32f429xx.o [1]
  .text               ro code  0x080090a0     0x4  startup_stm32f429xx.o [1]
  .text               ro code  0x080090a4     0x4  startup_stm32f429xx.o [1]
  .text               ro code  0x080090a8     0x4  startup_stm32f429xx.o [1]
  .text               ro code  0x080090ac     0x4  startup_stm32f429xx.o [1]
  .text               ro code  0x080090b0     0x4  startup_stm32f429xx.o [1]
  .text               ro code  0x080090b4     0x4  startup_stm32f429xx.o [1]
  .text               ro code  0x080090b8     0x4  startup_stm32f429xx.o [1]
  .text               ro code  0x080090bc     0x4  startup_stm32f429xx.o [1]
  .text               ro code  0x080090c0     0x4  startup_stm32f429xx.o [1]
  .text               ro code  0x080090c4     0x4  startup_stm32f429xx.o [1]
  .text               ro code  0x080090c8     0x4  startup_stm32f429xx.o [1]
  .text               ro code  0x080090cc     0x4  startup_stm32f429xx.o [1]
  .text               ro code  0x080090d0     0x4  startup_stm32f429xx.o [1]
  .text               ro code  0x080090d4     0x4  startup_stm32f429xx.o [1]
  .text               ro code  0x080090d8     0x4  startup_stm32f429xx.o [1]
  .text               ro code  0x080090dc     0x4  startup_stm32f429xx.o [1]
  .text               ro code  0x080090e0     0x4  startup_stm32f429xx.o [1]
  .rodata             const    0x080090e4     0x0  zero_init3.o [6]
  .rodata             const    0x080090e4     0x0  packbits_init_single.o [6]
  Initializer bytes   const    0x080090e4    0x35  <for P2-1>
                             - 0x08009119  0x8f6d

"P2", part 1 of 3:                          0x23c
  P2-1                         0x20000000   0x23c  <Init block>
    .data             inited   0x20000000    0x94  logging.o [1]
    .data             inited   0x20000094    0x2c  main_app.o [1]
    .data             inited   0x200000c0    0x6c  sbus.o [1]
    .data             inited   0x2000012c     0xc  stm32f4xx_hal.o [1]
    .data             inited   0x20000138     0x4  system_stm32f4xx.o [1]
    __DLIB_PERTHREAD  inited   0x2000013c     0x4  errno.o [3]
    __DLIB_PERTHREAD  inited   0x20000140    0x88  localeconv.o [3]
    __DLIB_PERTHREAD  inited   0x200001c8    0x74  setlocale.o [3]
                             - 0x2000023c   0x23c

"P2", part 2 of 3:                         0x2000
  CSTACK                       0x20000240  0x1000  <Block>
    CSTACK            uninit   0x20000240  0x1000  <Block tail>
  HEAP                         0x20001240  0x1000  <Block>
    HEAP              uninit   0x20001240  0x1000  <Block tail>
                             - 0x20002240  0x2000

"P2", part 3 of 3:                          0x7c0
  .bss                zero     0x20002240   0x398  controller.o [1]
  .bss                zero     0x200025d8   0x1d8  dlmalloc.o [3]
  .bss                zero     0x200027b0    0x88  IMU.o [1]
  .bss                zero     0x20002838    0x60  sbus.o [1]
  .bss                zero     0x20002898    0x54  i2c.o [1]
  .bss                zero     0x200028ec    0x44  state_estimator.o [1]
  .bss                zero     0x20002930    0x40  uart.o [1]
  .bss                zero     0x20002970    0x3c  pwm.o [1]
  .bss                zero     0x200029ac    0x18  dlmalloc.o [3]
  .bss                zero     0x200029c4    0x14  cmd_listener.o [1]
  .bss                zero     0x200029d8    0x10  sensor_reader.o [1]
  .bss                zero     0x200029e8     0x8  motor_ctrl.o [1]
  .bss                zero     0x200029f0     0x8  receiver.o [1]
  .bss                zero     0x200029f8     0x4  interrupt_mgr.o [1]
  .bss                zero     0x200029fc     0x4  xgetmemchunk.o [3]
                             - 0x20002a00   0x7c0


*******************************************************************************
*** INIT TABLE
***

          Address     Size
          -------     ----
Zero (__iar_zero_init3)
    1 destination range, total size 0x7c0:
          0x20002240  0x7c0

Copy/packbits (__iar_packbits_init_single3)
    1 source range, total size 0x35 (9% of destination):
          0x080090e4   0x35
    1 destination range, total size 0x23c:
          0x20000000  0x23c



*******************************************************************************
*** MODULE SUMMARY
***

    Module                  ro code  ro data  rw data
    ------                  -------  -------  -------
D:\MyLife\work\UAV\Custom-Flight-Controller\FlightController\FlightController\EWARM\FlightController\Obj: [1]
    DeviceCtrl.o              1 584
    IMU.o                     1 340               136
    MPU9250.o                 1 192
    MadgwickAHRS.o              834
    PID.o                       412
    TestIMU.o                    14
    cmd_listener.o              164                20
    controller.o                206               920
    controller_att.o             58
    controller_att_rate.o        58
    controller_vel.o             58
    i2c.o                       276                84
    interrupt_mgr.o              48                 4
    led.o                       112
    logging.o                    96       13      148
    main.o                       24
    main_app.o                  500        4       44
    motor_ctrl.o                 20                 8
    ping_pong_buffer.o          388
    pwm.o                       428                60
    receiver.o                  160                 8
    sbus.o                      996       10      204
    sensor_reader.o             252                16
    startup_stm32f429xx.o       816
    state_estimator.o           214                68
    stm32f4xx_hal.o             192        1       12
    stm32f4xx_hal_cortex.o      236
    stm32f4xx_hal_dma.o       1 168
    stm32f4xx_hal_gpio.o        512
    stm32f4xx_hal_i2c.o       5 026
    stm32f4xx_hal_msp.o         512
    stm32f4xx_hal_pwr_ex.o      108
    stm32f4xx_hal_rcc.o       1 196
    stm32f4xx_hal_tim.o       1 402
    stm32f4xx_hal_tim_ex.o      168
    stm32f4xx_hal_uart.o      2 040
    system_stm32f4xx.o           96        9        4
    uart.o                      116                64
    -------------------------------------------------
    Total:                   23 022       37    1 800

command line: [2]
    -------------------------------------------------
    Total:

dl7M_tlf.a: [3]
    abort.o                       6
    div.o                        14
    dlmalloc.o                5 364               496
    errno.o                      12                 4
    exit.o                        4
    localeconv.o                108       13      136
    low_level_init.o              4
    setlocale.o                  20       11      116
    snprintf.o                   68
    vsprintf.o                   44
    xencoding_sb.o               96
    xgetmemchunk.o               44                 4
    xmbcurmax.o                  10
    xmbtowc.o                    32
    xprintffull.o             4 506
    xsnprout.o                   26
    xsprout.o                    10
    xtls.o                        2
    xwctomb.o                    26
    -------------------------------------------------
    Total:                   10 396       24      756

iar_cortexM4lf_math.a: [4]
    -------------------------------------------------
    Total:

m7M_tls.a: [5]
    DblAdd.o                    212
    DblCmpGe.o                   46
    DblCmpLe.o                   46
    DblDiv.o                    598
    DblMul.o                    418
    DblSub.o                    384
    DblToI32.o                   88
    FltToDbl.o                   78
    I32ToDbl.o                   48
    asinf.o                      92
    atan2f.o                    106
    fpinit_M.o                   34
    xatanf.o                    164
    xdnorm.o                     68
    xdscale.o                   276
    -------------------------------------------------
    Total:                    2 658

rt7M_tl.a: [6]
    ABImemclr4.o                  6
    ABImemcpy_unaligned.o       118
    ABImemset.o                 102
    ABImemset48.o                58
    I64DivMod.o                 238
    I64DivZer.o                   2
    cexit.o                      10
    cmain.o                      26
    cstartup_M.o                 12
    data_init.o                  40
    iarEdom.o                    12
    memchr.o                     88
    packbits_init_single.o       56
    strchr.o                     22
    strlen.o                     54
    zero_init3.o                 64
    -------------------------------------------------
    Total:                      908

shb_l.a: [7]
    exit.o                       20
    -------------------------------------------------
    Total:                       20

    Gaps                         46        2
    Linker created                        32    8 192
-----------------------------------------------------
    Grand Total:             37 050       95   10 748


*******************************************************************************
*** ENTRY LIST
***

Entry                      Address   Size  Type      Object
-----                      -------   ----  ----      ------
.iar.init_table$$Base   0x08008ee4          --   Gb  - Linker created -
.iar.init_table$$Limit  0x08008f04          --   Gb  - Linker created -
?main                   0x08008f05         Code  Gb  cmain.o [6]
AHBPrescTable           0x08008e10   0x10  Data  Gb  system_stm32f4xx.o [1]
APBPrescTable           0x08008f68    0x8  Data  Gb  system_stm32f4xx.o [1]
AttController::AttController()
                        0x08008247   0x3a  Code  Gb  controller_att.o [1]
AttRateController::AttRateController()
                        0x08008281   0x3a  Code  Gb  controller_att_rate.o [1]
CSTACK$$Base            0x20000240          --   Gb  - Linker created -
CSTACK$$Limit           0x20001240          --   Gb  - Linker created -
CmdListener::GetCmd(FCCmdType &)
                        0x080072ab   0x12  Code  Gb  cmd_listener.o [1]
CmdListener::GetInstance()
                        0x08007245   0x10  Code  Gb  cmd_listener.o [1]
CmdListener::GetInstance()::cmdListener
                        0x200029c8   0x10  Data  Lc  cmd_listener.o [1]
CmdListener::GetInstance()::static guard for cmdListener
                        0x200029c4    0x1  Data  Lc  cmd_listener.o [1]
CmdListener::Init()     0x08007259   0x14  Code  Gb  cmd_listener.o [1]
CmdListener::Start()    0x0800726d   0x3e  Code  Gb  cmd_listener.o [1]
Controller::Controller()
                        0x08007175   0x60  Code  Gb  controller.o [1]
Controller::GetInstance()
                        0x080071d5   0x18  Code  Gb  controller.o [1]
Controller::GetInstance()::controller
                        0x20002244  0x394  Data  Lc  controller.o [1]
Controller::GetInstance()::static guard for controller
                        0x20002240    0x1  Data  Lc  controller.o [1]
Controller::Init()      0x080071f5    0x4  Code  Gb  controller.o [1]
Controller::SetAccSetpoint(FCSensorDataType &)
                        0x080071f9   0x16  Code  Gb  controller.o [1]
Controller::SetCurAtt(FCAttType &)
                        0x0800720f   0x16  Code  Gb  controller.o [1]
Controller::SetCurAttRate(FCAttType &)
                        0x08007225   0x16  Code  Gb  controller.o [1]
Controller::SetYawSetpoint(float)
                        0x0800723b    0x8  Code  Gb  controller.o [1]
DMA2_Stream1_IRQHandler
                        0x08008d8b    0x4  Code  Gb  interrupt_mgr.o [1]
DMA_CalcBaseAndBitshift(DMA_HandleTypeDef *)::flagBitshiftOffset
                        0x080032f8    0x8  Data  Lc  stm32f4xx_hal_dma.o [1]
DMA_CalcBaseAndBitshift(__DMA_HandleTypeDef *)
                        0x0800325b   0x28  Code  Lc  stm32f4xx_hal_dma.o [1]
DMA_CheckFifoParam(__DMA_HandleTypeDef *)
                        0x08003285   0x72  Code  Lc  stm32f4xx_hal_dma.o [1]
DMA_Init()              0x08005be9   0x2c  Code  Lc  sbus.o [1]
DMA_SetConfig(__DMA_HandleTypeDef *, unsigned int, unsigned int, unsigned int)
                        0x08003231   0x2a  Code  Lc  stm32f4xx_hal_dma.o [1]
DeviceGPIOInit()        0x0800644b  0x1b8  Code  Lc  DeviceCtrl.o [1]
DeviceInit()            0x08006769   0x8c  Code  Gb  DeviceCtrl.o [1]
DriversInit()           0x08006629   0x9e  Code  Lc  DeviceCtrl.o [1]
HAL_DMA_Abort           0x08002fa9   0x8a  Code  Gb  stm32f4xx_hal_dma.o [1]
HAL_DMA_Abort_IT        0x08003033   0x24  Code  Gb  stm32f4xx_hal_dma.o [1]
HAL_DMA_IRQHandler      0x08003057  0x1ce  Code  Gb  stm32f4xx_hal_dma.o [1]
HAL_DMA_Init            0x08002e71   0xc8  Code  Gb  stm32f4xx_hal_dma.o [1]
HAL_DMA_Start_IT        0x08002f39   0x70  Code  Gb  stm32f4xx_hal_dma.o [1]
HAL_Delay               0x080061b5   0x28  Code  Wk  stm32f4xx_hal.o [1]
HAL_GPIO_Init           0x0800330d  0x1bc  Code  Gb  stm32f4xx_hal_gpio.o [1]
HAL_GPIO_WritePin       0x080034c9    0xe  Code  Gb  stm32f4xx_hal_gpio.o [1]
HAL_GetTick             0x08002e55    0xc  Code  Wk  stm32f4xx_hal.o [1]
HAL_I2C_AbortCpltCallback
                        0x08003301    0x2  Code  Wk  stm32f4xx_hal_i2c.o [1]
HAL_I2C_AddrCallback    0x08002e6d    0x2  Code  Wk  stm32f4xx_hal_i2c.o [1]
HAL_I2C_EV_IRQHandler   0x08001c17  0x13e  Code  Gb  stm32f4xx_hal_i2c.o [1]
HAL_I2C_ErrorCallback   0x08003303    0x2  Code  Wk  stm32f4xx_hal_i2c.o [1]
HAL_I2C_Init            0x08001701   0xf4  Code  Gb  stm32f4xx_hal_i2c.o [1]
HAL_I2C_ListenCpltCallback
                        0x08002e6f    0x2  Code  Wk  stm32f4xx_hal_i2c.o [1]
HAL_I2C_MasterRxCpltCallback
                        0x08002e67    0x2  Code  Wk  stm32f4xx_hal_i2c.o [1]
HAL_I2C_MasterTxCpltCallback
                        0x08002e61    0x2  Code  Wk  stm32f4xx_hal_i2c.o [1]
HAL_I2C_MemRxCpltCallback
                        0x08002e65    0x2  Code  Wk  stm32f4xx_hal_i2c.o [1]
HAL_I2C_MemTxCpltCallback
                        0x08002e63    0x2  Code  Wk  stm32f4xx_hal_i2c.o [1]
HAL_I2C_Mem_Read        0x0800196d  0x2aa  Code  Gb  stm32f4xx_hal_i2c.o [1]
HAL_I2C_Mem_Write       0x080017fd  0x16e  Code  Gb  stm32f4xx_hal_i2c.o [1]
HAL_I2C_MspInit         0x08002ac9   0x72  Code  Gb  stm32f4xx_hal_msp.o [1]
HAL_I2C_SlaveRxCpltCallback
                        0x08002e6b    0x2  Code  Wk  stm32f4xx_hal_i2c.o [1]
HAL_I2C_SlaveTxCpltCallback
                        0x08002e69    0x2  Code  Wk  stm32f4xx_hal_i2c.o [1]
HAL_IncTick             0x08008db1   0x10  Code  Wk  stm32f4xx_hal.o [1]
HAL_Init                0x080072e9   0x30  Code  Gb  stm32f4xx_hal.o [1]
HAL_InitTick            0x080035f9   0x48  Code  Wk  stm32f4xx_hal.o [1]
HAL_MspInit             0x08002a99   0x30  Code  Gb  stm32f4xx_hal_msp.o [1]
HAL_NVIC_EnableIRQ      0x080035db    0x2  Code  Gb  stm32f4xx_hal_cortex.o [1]
HAL_NVIC_SetPriority    0x080035bd   0x1e  Code  Gb  stm32f4xx_hal_cortex.o [1]
HAL_NVIC_SetPriorityGrouping
                        0x080035bb    0x2  Code  Gb  stm32f4xx_hal_cortex.o [1]
HAL_PWREx_EnableOverDrive
                        0x08006cb9   0x60  Code  Gb  stm32f4xx_hal_pwr_ex.o [1]
HAL_RCC_ClockConfig     0x08002c99  0x10e  Code  Gb  stm32f4xx_hal_rcc.o [1]
HAL_RCC_GetHCLKFreq     0x08002da7    0x6  Code  Gb  stm32f4xx_hal_rcc.o [1]
HAL_RCC_GetPCLK1Freq    0x08002dad   0x16  Code  Gb  stm32f4xx_hal_rcc.o [1]
HAL_RCC_GetPCLK2Freq    0x08002dc3   0x16  Code  Gb  stm32f4xx_hal_rcc.o [1]
HAL_RCC_GetSysClockFreq
                        0x08002df1   0x64  Code  Wk  stm32f4xx_hal_rcc.o [1]
HAL_RCC_OscConfig       0x080069c9  0x2f0  Code  Wk  stm32f4xx_hal_rcc.o [1]
HAL_SYSTICK_Config      0x080035dd    0x2  Code  Gb  stm32f4xx_hal_cortex.o [1]
HAL_TIMEx_ConfigBreakDeadTime
                        0x080078e1   0x5c  Code  Gb  stm32f4xx_hal_tim_ex.o [1]
HAL_TIMEx_MasterConfigSynchronization
                        0x08007895   0x4c  Code  Gb  stm32f4xx_hal_tim_ex.o [1]
HAL_TIM_Base_Init       0x0800731d   0x32  Code  Gb  stm32f4xx_hal_tim.o [1]
HAL_TIM_Base_MspInit    0x08002b3b   0x24  Code  Gb  stm32f4xx_hal_msp.o [1]
HAL_TIM_ConfigClockSource
                        0x0800749b   0xfe  Code  Gb  stm32f4xx_hal_tim.o [1]
HAL_TIM_MspPostInit     0x08002b5f   0x4c  Code  Gb  stm32f4xx_hal_msp.o [1]
HAL_TIM_PWM_ConfigChannel
                        0x080073c9   0xd2  Code  Gb  stm32f4xx_hal_tim.o [1]
HAL_TIM_PWM_Init        0x0800734f   0x32  Code  Gb  stm32f4xx_hal_tim.o [1]
HAL_TIM_PWM_MspInit     0x08008371    0x2  Code  Wk  stm32f4xx_hal_tim.o [1]
HAL_TIM_PWM_Start       0x08007381   0x3e  Code  Gb  stm32f4xx_hal_tim.o [1]
HAL_UART_DMAStop        0x080055bb   0x64  Code  Gb  stm32f4xx_hal_uart.o [1]
HAL_UART_ErrorCallback  0x08005cc3   0x12  Code  Gb  sbus.o [1]
HAL_UART_IRQHandler     0x0800561f  0x10c  Code  Gb  stm32f4xx_hal_uart.o [1]
HAL_UART_Init           0x080053f5   0x5e  Code  Gb  stm32f4xx_hal_uart.o [1]
HAL_UART_MspInit        0x08002bab   0xc2  Code  Gb  stm32f4xx_hal_msp.o [1]
HAL_UART_Receive_DMA    0x08005523   0x98  Code  Gb  stm32f4xx_hal_uart.o [1]
HAL_UART_RxCpltCallback
                        0x08005cd5   0x3e  Code  Gb  sbus.o [1]
HAL_UART_RxHalfCpltCallback
                        0x08005fcd    0x2  Code  Wk  stm32f4xx_hal_uart.o [1]
HAL_UART_Transmit       0x08005453   0xd0  Code  Gb  stm32f4xx_hal_uart.o [1]
HAL_UART_TxCpltCallback
                        0x08005fcf    0x2  Code  Wk  stm32f4xx_hal_uart.o [1]
HEAP$$Base              0x20001240          --   Gb  - Linker created -
HEAP$$Limit             0x20002240          --   Gb  - Linker created -
I2C1_EV_IRQHandler      0x08008d87    0x4  Code  Gb  interrupt_mgr.o [1]
I2C_DMAAbort(__DMA_HandleTypeDef *)
                        0x080027fd   0x52  Code  Lc  stm32f4xx_hal_i2c.o [1]
I2C_ITError(I2C_HandleTypeDef *)
                        0x0800248f  0x12c  Code  Lc  stm32f4xx_hal_i2c.o [1]
I2C_Init                0x08006d25   0x2e  Code  Gb  i2c.o [1]
I2C_InterruptHandler    0x08006d53    0x6  Code  Gb  i2c.o [1]
I2C_IsAcknowledgeFailed(I2C_HandleTypeDef *)
                        0x08002a65   0x2a  Code  Lc  stm32f4xx_hal_i2c.o [1]
I2C_MasterReceive_BTF(I2C_HandleTypeDef *)
                        0x08001fa1   0xee  Code  Lc  stm32f4xx_hal_i2c.o [1]
I2C_MasterReceive_RXNE(I2C_HandleTypeDef *)
                        0x08001f19   0x88  Code  Lc  stm32f4xx_hal_i2c.o [1]
I2C_MasterTransmit_BTF(I2C_HandleTypeDef *)
                        0x08001e89   0x8c  Code  Lc  stm32f4xx_hal_i2c.o [1]
I2C_MasterTransmit_TXE(I2C_HandleTypeDef *)
                        0x08001d5d  0x128  Code  Lc  stm32f4xx_hal_i2c.o [1]
I2C_Master_ADD10(I2C_HandleTypeDef *)
                        0x08002113    0xc  Code  Lc  stm32f4xx_hal_i2c.o [1]
I2C_Master_ADDR(I2C_HandleTypeDef *)
                        0x0800211f  0x1a4  Code  Lc  stm32f4xx_hal_i2c.o [1]
I2C_Master_SB(I2C_HandleTypeDef *)
                        0x0800208f   0x84  Code  Lc  stm32f4xx_hal_i2c.o [1]
I2C_Read                0x08006d8f   0x38  Code  Gb  i2c.o [1]
I2C_RequestMemoryRead(I2C_HandleTypeDef *, unsigned short, unsigned short, unsigned short, unsigned int, unsigned int)
                        0x080026a1  0x152  Code  Lc  stm32f4xx_hal_i2c.o [1]
I2C_RequestMemoryWrite(I2C_HandleTypeDef *, unsigned short, unsigned short, unsigned short, unsigned int, unsigned int)
                        0x080025cd   0xcc  Code  Lc  stm32f4xx_hal_i2c.o [1]
I2C_SlaveReceive_BTF(I2C_HandleTypeDef *)
                        0x08002369   0x1c  Code  Lc  stm32f4xx_hal_i2c.o [1]
I2C_SlaveReceive_RXNE(I2C_HandleTypeDef *)
                        0x08002325   0x44  Code  Lc  stm32f4xx_hal_i2c.o [1]
I2C_SlaveTransmit_BTF(I2C_HandleTypeDef *)
                        0x08002309   0x1c  Code  Lc  stm32f4xx_hal_i2c.o [1]
I2C_SlaveTransmit_TXE(I2C_HandleTypeDef *)
                        0x080022c5   0x44  Code  Lc  stm32f4xx_hal_i2c.o [1]
I2C_Slave_ADDR(I2C_HandleTypeDef *)
                        0x08002385   0x24  Code  Lc  stm32f4xx_hal_i2c.o [1]
I2C_Slave_STOPF(I2C_HandleTypeDef *)
                        0x080023a9   0xe6  Code  Lc  stm32f4xx_hal_i2c.o [1]
I2C_WaitOnBTFFlagUntilTimeout(I2C_HandleTypeDef *, unsigned int, unsigned int)
                        0x080029b7   0x52  Code  Lc  stm32f4xx_hal_i2c.o [1]
I2C_WaitOnFlagUntilTimeout(I2C_HandleTypeDef *, unsigned int, FlagStatus, unsigned int, unsigned int)
                        0x0800284f   0x7e  Code  Lc  stm32f4xx_hal_i2c.o [1]
I2C_WaitOnMasterAddressFlagUntilTimeout(I2C_HandleTypeDef *, unsigned int, unsigned int, unsigned int)
                        0x080028cd   0x98  Code  Lc  stm32f4xx_hal_i2c.o [1]
I2C_WaitOnRXNEFlagUntilTimeout(I2C_HandleTypeDef *, unsigned int, unsigned int)
                        0x08002a09   0x5c  Code  Lc  stm32f4xx_hal_i2c.o [1]
I2C_WaitOnTXEFlagUntilTimeout(I2C_HandleTypeDef *, unsigned int, unsigned int)
                        0x08002965   0x52  Code  Lc  stm32f4xx_hal_i2c.o [1]
I2C_Write               0x08006d59   0x36  Code  Gb  i2c.o [1]
IMU::CalibrateSensorBias()
                        0x08007fed  0x170  Code  Gb  IMU.o [1]
IMU::GetAccelData(FCSensorDataType *)
                        0x08007e91   0x6e  Code  Gb  IMU.o [1]
IMU::GetCompassData(FCSensorDataType *)
                        0x08007eff   0xe0  Code  Gb  IMU.o [1]
IMU::GetGyroData(FCSensorDataType *)
                        0x08007d71   0xc2  Code  Gb  IMU.o [1]
IMU::GetInstance()      0x08007d0d   0x1a  Code  Gb  IMU.o [1]
IMU::GetInstance()::imu
                        0x200027b4   0x84  Data  Lc  IMU.o [1]
IMU::GetInstance()::static guard for imu
                        0x200027b0    0x1  Data  Lc  IMU.o [1]
IMU::GetRawGyroData(FCSensorDataType *)
                        0x08007e33   0x5e  Code  Gb  IMU.o [1]
IMU::IMU()              0x08007cd1   0x3c  Code  Gb  IMU.o [1]
IMU::Init()             0x08007d27   0x2c  Code  Gb  IMU.o [1]
IMU::Start()            0x08007d53   0x1e  Code  Gb  IMU.o [1]
InterruptMgr_RegisterSystickHandler(void (*)())
                        0x08008d81    0x6  Code  Gb  interrupt_mgr.o [1]
LED_Init                0x080061dd   0x36  Code  Gb  led.o [1]
LED_SetOn               0x08006213   0x36  Code  Gb  led.o [1]
LEVEL_MAP               0x20000000    0x4  Data  Lc  logging.o [1]
LoadInt                 0x08003de7   0x6e  Code  Lc  xprintffull.o [3]
LogPrint(int, char const *, char const *, ...)
                        0x08005fd1   0x4a  Code  Gb  logging.o [1]
MPU9250::GetMagSensitivityAdjData(float *)
                        0x0800885b   0x64  Code  Gb  MPU9250.o [1]
MPU9250::Init()         0x080084a1   0x4e  Code  Gb  MPU9250.o [1]
MPU9250::MPU9250()      0x0800843d   0x5c  Code  Gb  MPU9250.o [1]
MPU9250::getAcceleration(short *, short *, short *)
                        0x0800862d   0x42  Code  Gb  MPU9250.o [1]
MPU9250::getCompassDataReady()
                        0x08008837   0x24  Code  Gb  MPU9250.o [1]
MPU9250::getDeviceID()  0x080086e7   0x1e  Code  Gb  MPU9250.o [1]
MPU9250::getMagData(short *, short *, short *)
                        0x080087e9   0x4e  Code  Gb  MPU9250.o [1]
MPU9250::getRotation(short *, short *, short *)
                        0x0800866f   0x3e  Code  Gb  MPU9250.o [1]
MPU9250::setAccDLPFMode(unsigned char)
                        0x080085ef   0x3e  Code  Gb  MPU9250.o [1]
MPU9250::setBypassEnable(unsigned char)
                        0x08008705   0x50  Code  Gb  MPU9250.o [1]
MPU9250::setClockSource(unsigned char)
                        0x080086ad   0x3a  Code  Gb  MPU9250.o [1]
MPU9250::setFullScaleAccelRange(unsigned char)
                        0x08008591   0x5e  Code  Gb  MPU9250.o [1]
MPU9250::setFullScaleGyroRange(unsigned char)
                        0x08008529   0x68  Code  Gb  MPU9250.o [1]
MPU9250::setGyroDLPFMode(unsigned char)
                        0x080084ef   0x3a  Code  Gb  MPU9250.o [1]
MPU9250::setMagContMeasMode(unsigned char)
                        0x0800879f   0x4a  Code  Gb  MPU9250.o [1]
MPU9250::setMagMeasOutputBit(unsigned char)
                        0x08008755   0x4a  Code  Gb  MPU9250.o [1]
MX_TIM1_Init()          0x08006e39  0x118  Code  Lc  pwm.o [1]
Madgwick::Madgwick()    0x0800793d   0x22  Code  Gb  MadgwickAHRS.o [1]
Madgwick::begin(float)  0x08007c7f    0xe  Code  Gb  TestIMU.o [1]
Madgwick::computeAngles()
                        0x08007bf1   0x8e  Code  Gb  MadgwickAHRS.o [1]
Madgwick::getPitchRadians()
                        0x08007ca3   0x16  Code  Gb  state_estimator.o [1]
Madgwick::getRollRadians()
                        0x08007c8d   0x16  Code  Gb  state_estimator.o [1]
Madgwick::getYawRadians()
                        0x08007cb9   0x16  Code  Gb  state_estimator.o [1]
Madgwick::invSqrt(float)
                        0x08007ba9   0x3c  Code  Gb  MadgwickAHRS.o [1]
Madgwick::updateIMU(float, float, float, float, float, float)
                        0x08007961  0x248  Code  Gb  MadgwickAHRS.o [1]
MainApp()               0x08008baf  0x106  Code  Gb  main_app.o [1]
MotorCtrl::GetInstance()
                        0x080082bd   0x10  Code  Gb  motor_ctrl.o [1]
MotorCtrl::GetInstance()::motorCtrl
                        0x200029ec    0x4  Data  Lc  motor_ctrl.o [1]
MotorCtrl::GetInstance()::static guard for motorCtrl
                        0x200029e8    0x1  Data  Lc  motor_ctrl.o [1]
NVIC_EnableIRQ(IRQn_Type)
                        0x08003531   0x12  Code  Lc  stm32f4xx_hal_cortex.o [1]
NVIC_EncodePriority(unsigned int, unsigned int, unsigned int)
                        0x0800355d   0x36  Code  Lc  stm32f4xx_hal_cortex.o [1]
NVIC_GetPriorityGrouping()
                        0x08003527    0xa  Code  Lc  stm32f4xx_hal_cortex.o [1]
NVIC_SetPriority(IRQn_Type, unsigned int)
                        0x08003543   0x1a  Code  Lc  stm32f4xx_hal_cortex.o [1]
NVIC_SetPriorityGrouping(unsigned int)
                        0x0800350d   0x1a  Code  Lc  stm32f4xx_hal_cortex.o [1]
OnCoreTimerTick()       0x08008b8d   0x22  Code  Lc  main_app.o [1]
PID::PID(float *, float *, float *, float, float, float, int)
                        0x08008935   0x58  Code  Gb  PID.o [1]
PID::SetControllerDirection(int)
                        0x08008a97   0x3a  Code  Gb  PID.o [1]
PID::SetOutputLimits(float, float)
                        0x08008a29   0x6e  Code  Gb  PID.o [1]
PID::SetTunings(float, float, float)
                        0x08008a25    0x4  Code  Gb  PID.o [1]
PID::SetTunings(float, float, float, int)
                        0x0800898d   0x8a  Code  Gb  PID.o [1]
PWM_Init                0x08006f51   0x32  Code  Gb  pwm.o [1]
PWM_Start               0x08006f83   0x28  Code  Gb  pwm.o [1]
PendSV_Handler          0x08008d95    0x2  Code  Gb  interrupt_mgr.o [1]
PingPongBuffer_DeInit(PPBufferType *)
                        0x0800608f   0x26  Code  Gb  ping_pong_buffer.o [1]
PingPongBuffer_Init(unsigned int)
                        0x08006031   0x5e  Code  Gb  ping_pong_buffer.o [1]
PingPongBuffer_Read(PPBufferType *, uint8_t *, uint32_t *)::__func__
                        0x080061a0   0x14  Data  Lc  ping_pong_buffer.o [1]
PingPongBuffer_Read(PPBufferType *, unsigned char *, unsigned int *)
                        0x080060fd   0x54  Code  Gb  ping_pong_buffer.o [1]
PingPongBuffer_Write(PPBufferType *, uint8_t const *, uint32_t)::__func__
                        0x08006174   0x18  Data  Lc  ping_pong_buffer.o [1]
PingPongBuffer_Write(PPBufferType *, unsigned char const *, unsigned int)
                        0x080060b5   0x48  Code  Gb  ping_pong_buffer.o [1]
ProductInit()           0x080066c7   0x7e  Code  Lc  DeviceCtrl.o [1]
ProductStart()          0x08006745   0x24  Code  Lc  DeviceCtrl.o [1]
Receiver::GetCmd(FCCmdType &)
                        0x080082ed   0x5c  Code  Gb  receiver.o [1]
Receiver::GetInstance()
                        0x080082d1   0x10  Code  Gb  receiver.o [1]
Receiver::GetInstance()::receiver
                        0x200029f4    0x4  Data  Lc  receiver.o [1]
Receiver::GetInstance()::static guard for receiver
                        0x200029f0    0x1  Data  Lc  receiver.o [1]
Receiver::Init()        0x080082e5    0x4  Code  Gb  receiver.o [1]
Receiver::Start()       0x080082e9    0x4  Code  Gb  receiver.o [1]
Region$$Table$$Base     0x08008ee4          --   Gb  - Linker created -
Region$$Table$$Limit    0x08008f04          --   Gb  - Linker created -
SBUS_DMAInterruptHandler
                        0x08005cbd    0x6  Code  Gb  sbus.o [1]
SBUS_Init               0x08005d13   0x44  Code  Gb  sbus.o [1]
SBUS_InterruptHandler   0x08005c8f   0x2e  Code  Gb  sbus.o [1]
SBUS_Read               0x08005da1  0x190  Code  Gb  sbus.o [1]
SBUS_Start              0x08005d57   0x48  Code  Gb  sbus.o [1]
SVC_Handler             0x08008d93    0x2  Code  Gb  interrupt_mgr.o [1]
SensorReader::GetInstance()
                        0x08007079   0x10  Code  Gb  sensor_reader.o [1]
SensorReader::GetInstance()::sensorReader
                        0x200029dc    0xc  Data  Lc  sensor_reader.o [1]
SensorReader::GetInstance()::static guard for sensorReader
                        0x200029d8    0x1  Data  Lc  sensor_reader.o [1]
SensorReader::GetSensorMeas(FCSensorMeasType &)
                        0x080070ed   0x1e  Code  Gb  sensor_reader.o [1]
SensorReader::Init()    0x0800708d   0x60  Code  Gb  sensor_reader.o [1]
StateEstimator::EstimateState(FCSensorMeasType &)
                        0x08007029   0x50  Code  Gb  state_estimator.o [1]
StateEstimator::GetInstance()
                        0x08007003   0x18  Code  Gb  state_estimator.o [1]
StateEstimator::GetInstance()::stateEstimator
                        0x200028f0   0x40  Data  Lc  state_estimator.o [1]
StateEstimator::GetInstance()::static guard for stateEstimator
                        0x200028ec    0x1  Data  Lc  state_estimator.o [1]
StateEstimator::Init()  0x08007025    0x4  Code  Gb  state_estimator.o [1]
StateEstimator::StateEstimator()
                        0x08006fe5   0x1e  Code  Gb  state_estimator.o [1]
SysTick_Config(unsigned int)
                        0x08003593   0x28  Code  Lc  stm32f4xx_hal_cortex.o [1]
SysTick_Handler         0x08008d97   0x16  Code  Gb  interrupt_mgr.o [1]
SystemClock_Config()    0x08006399   0xb2  Code  Lc  DeviceCtrl.o [1]
SystemCoreClock         0x20000138    0x4  Data  Gb  system_stm32f4xx.o [1]
SystemInit              0x08008dc1   0x3a  Code  Gb  system_stm32f4xx.o [1]
TIM_Base_SetConfig      0x0800759b   0xc8  Code  Gb  stm32f4xx_hal_tim.o [1]
TIM_CCxChannelCmd       0x080076c7   0x1a  Code  Gb  stm32f4xx_hal_tim.o [1]
TIM_ETR_SetConfig(TIM_TypeDef *, unsigned int, unsigned int, unsigned int)
                        0x0800787f   0x16  Code  Lc  stm32f4xx_hal_tim.o [1]
TIM_ITRx_SetConfig(TIM_TypeDef *, unsigned short)
                        0x0800786f   0x10  Code  Lc  stm32f4xx_hal_tim.o [1]
TIM_OC1_SetConfig(TIM_TypeDef *, TIM_OC_InitTypeDef *)
                        0x080076e3   0x5c  Code  Lc  stm32f4xx_hal_tim.o [1]
TIM_OC2_SetConfig       0x08007663   0x64  Code  Gb  stm32f4xx_hal_tim.o [1]
TIM_OC3_SetConfig(TIM_TypeDef *, TIM_OC_InitTypeDef *)
                        0x0800773f   0x62  Code  Lc  stm32f4xx_hal_tim.o [1]
TIM_OC4_SetConfig(TIM_TypeDef *, TIM_OC_InitTypeDef *)
                        0x080077a1   0x52  Code  Lc  stm32f4xx_hal_tim.o [1]
TIM_TI1_ConfigInputStage(TIM_TypeDef *, unsigned int, unsigned int)
                        0x08007825   0x24  Code  Lc  stm32f4xx_hal_tim.o [1]
TIM_TI2_ConfigInputStage(TIM_TypeDef *, unsigned int, unsigned int)
                        0x08007849   0x26  Code  Lc  stm32f4xx_hal_tim.o [1]
UART_DMAAbortOnError(__DMA_HandleTypeDef *)
                        0x08005859    0xc  Code  Lc  stm32f4xx_hal_uart.o [1]
UART_DMAError(__DMA_HandleTypeDef *)
                        0x0800576d   0x56  Code  Lc  stm32f4xx_hal_uart.o [1]
UART_DMAReceiveCplt(__DMA_HandleTypeDef *)
                        0x0800572d   0x38  Code  Lc  stm32f4xx_hal_uart.o [1]
UART_DMARxHalfCplt(__DMA_HandleTypeDef *)
                        0x08005765    0x6  Code  Lc  stm32f4xx_hal_uart.o [1]
UART_EndRxTransfer(UART_HandleTypeDef *)
                        0x0800583b   0x1c  Code  Lc  stm32f4xx_hal_uart.o [1]
UART_EndTransmit_IT(UART_HandleTypeDef *)
                        0x080058c7   0x1a  Code  Lc  stm32f4xx_hal_uart.o [1]
UART_EndTxTransfer(UART_HandleTypeDef *)
                        0x08005829   0x12  Code  Lc  stm32f4xx_hal_uart.o [1]
UART_Init               0x080062bd   0x3e  Code  Gb  uart.o [1]
UART_Init()             0x08005c15   0x7a  Code  Lc  sbus.o [1]
UART_Receive_IT(UART_HandleTypeDef *)
                        0x080058e1   0x8e  Code  Lc  stm32f4xx_hal_uart.o [1]
UART_Send               0x080062fb    0xe  Code  Gb  uart.o [1]
UART_SetConfig(UART_HandleTypeDef *)
                        0x0800596f  0x26c  Code  Lc  stm32f4xx_hal_uart.o [1]
UART_Transmit_IT(UART_HandleTypeDef *)
                        0x08005865   0x62  Code  Lc  stm32f4xx_hal_uart.o [1]
UART_WaitOnFlagUntilTimeout(UART_HandleTypeDef *, unsigned int, FlagStatus, unsigned int, unsigned int)
                        0x080057c3   0x66  Code  Lc  stm32f4xx_hal_uart.o [1]
USART6_IRQHandler       0x08008d8f    0x4  Code  Gb  interrupt_mgr.o [1]
VelController::VelController()
                        0x0800820d   0x3a  Code  Gb  controller_vel.o [1]
_EncodingSb_Mbtowc      0x080052d7   0x30  Code  Gb  xencoding_sb.o [3]
_EncodingSb_Mbtowc::initial
                        0x08005314    0x8  Data  Lc  xencoding_sb.o [3]
_EncodingSb_Wctomb      0x080052bd   0x1a  Code  Gb  xencoding_sb.o [3]
_EncodingSb_Wctomb::initial
                        0x0800530c    0x8  Data  Lc  xencoding_sb.o [3]
_GenldFull              0x0800466d  0x254  Code  Lc  xprintffull.o [3]
_IsdstStr               0x200001cc    0x4  Data  Gb  setlocale.o [3]
_LdtobFull              0x0800426d  0x3fa  Code  Lc  xprintffull.o [3]
_LitobFull              0x08004161  0x10a  Code  Lc  xprintffull.o [3]
_LocaleEncoding         0x080052a9    0xe  Code  Gb  setlocale.o [3]
_LocaleReturnString     0x200001ec   0x50  Data  Lc  setlocale.o [3]
_Locale_Profile         0x200001d0   0x1c  Data  Gb  setlocale.o [3]
_Locale_aeabi_lconv     0x20000190   0x38  Data  Gb  localeconv.o [3]
_Locale_lconv           0x20000140   0x50  Data  Gb  localeconv.o [3]
_Mbtowc                 0x0800490b   0x20  Code  Gb  xmbtowc.o [3]
_PrintfFull             0x08003771  0x660  Code  Gb  xprintffull.o [3]
_PutcharsFull           0x080048c1   0x2e  Code  Lc  xprintffull.o [3]
_PutstrFull             0x08003e55  0x306  Code  Lc  xprintffull.o [3]
_SNProut                0x080016a7   0x1a  Code  Gb  xsnprout.o [3]
_SProut                 0x08002a8f    0xa  Code  Gb  xsprout.o [3]
_TzoneStr               0x200001c8    0x4  Data  Gb  setlocale.o [3]
_Wctomb                 0x080049df   0x1a  Code  Gb  xwctomb.o [3]
__aeabi_cdcmple         0x08004ab5         Code  Gb  DblCmpLe.o [5]
__aeabi_cdrcmple        0x08004ae5         Code  Gb  DblCmpGe.o [5]
__aeabi_d2iz            0x08004c29         Code  Gb  DblToI32.o [5]
__aeabi_d2uiz           0x08004c55         Code  Gb  DblToI32.o [5]
__aeabi_ddiv            0x08004fd5         Code  Gb  DblDiv.o [5]
__aeabi_dmul            0x08004e31         Code  Gb  DblMul.o [5]
__aeabi_dsub            0x08004cb1         Code  Gb  DblSub.o [5]
__aeabi_errno_addr      0x08008b81    0x6  Code  Gb  errno.o [3]
__aeabi_f2d             0x080088e5         Code  Gb  FltToDbl.o [5]
__aeabi_i2d             0x08004c81         Code  Gb  I32ToDbl.o [5]
__aeabi_ldiv0           0x0800376d         Code  Gb  I64DivZer.o [6]
__aeabi_memclr4         0x08003305         Code  Gb  ABImemclr4.o [6]
__aeabi_memset          0x08006331         Code  Gb  ABImemset.o [6]
__aeabi_memset4         0x08003731         Code  Gb  ABImemset48.o [6]
__aeabi_memset8         0x08003731         Code  Gb  ABImemset48.o [6]
__aeabi_ui2d            0x08004c95         Code  Gb  I32ToDbl.o [5]
__aeabi_uldivmod        0x08003641         Code  Gb  I64DivMod.o [6]
__cmain                 0x08008f05         Code  Gb  cmain.o [6]
__data_GetMemChunk      0x080016c1   0x2c  Code  Gb  xgetmemchunk.o [3]
__data_GetMemChunk::start
                        0x200029fc    0x4  Data  Lc  xgetmemchunk.o [3]
__exit                  0x080016ed   0x14  Code  Gb  exit.o [7]
__iar_Dnorm             0x08004a6f   0x44  Code  Gb  xdnorm.o [5]
__iar_Dscale            0x08004b15  0x114  Code  Gb  xdscale.o [5]
__iar_Errno             0x2000013c    0x4  Data  Gb  errno.o [3]
__iar_Locale_lconv_init
                        0x0800522d   0x3a  Code  Gb  localeconv.o [3]
__iar_Mbcurmax          0x080049d5    0xa  Code  Gb  xmbcurmax.o [3]
__iar_Memchr            0x0800497d         Code  Gb  memchr.o [6]
__iar_Memset            0x08006331         Code  Gb  ABImemset.o [6]
__iar_Memset4_word      0x08003739         Code  Gb  ABImemset48.o [6]
__iar_Memset8_word      0x08003739         Code  Gb  ABImemset48.o [6]
__iar_Memset_word       0x08006339         Code  Gb  ABImemset.o [6]
__iar_Strchr            0x0800492d         Code  Gb  strchr.o [6]
__iar_d2uiz             0x08004c61         Code  Gb  DblToI32.o [5]
__iar_dadd              0x0800531d         Code  Gb  DblAdd.o [5]
__iar_data_init3        0x08008e99   0x28  Code  Gb  data_init.o [6]
__iar_dlfree            0x0800117f  0x51a  Code  Gb  dlmalloc.o [3]
__iar_dlib_perthread_access
                        0x080053f1    0x2  Code  Gb  xtls.o [3]
__iar_dlmalloc          0x08000ec9  0x2aa  Code  Gb  dlmalloc.o [3]
__iar_dsub              0x08004cc5         Code  Gb  DblSub.o [5]
__iar_dsubStart         0x08004cd7         Code  Gb  DblSub.o [5]
__iar_edom              0x08008b75         Code  Gb  iarEdom.o [6]
__iar_init_vfp          0x08008ec1         Code  Gb  fpinit_M.o [5]
__iar_packbits_init_single3
                        0x08008e61   0x38  Code  Gb  packbits_init_single.o [6]
__iar_program_start     0x08008f5d         Code  Gb  cstartup_M.o [6]
__iar_ui2d              0x08004c99         Code  Gb  I32ToDbl.o [5]
__iar_unaligned___aeabi_memcpy
                        0x080049f9         Code  Gb  ABImemcpy_unaligned.o [6]
__iar_unaligned___aeabi_memcpy4
                        0x08004a19         Code  Gb  ABImemcpy_unaligned.o [6]
__iar_unaligned___aeabi_memcpy8
                        0x08004a19         Code  Gb  ABImemcpy_unaligned.o [6]
__iar_xatanf            0x08008ad1         Code  Gb  xatanf.o [5]
__iar_zero_init3        0x08008e21   0x40  Code  Gb  zero_init3.o [6]
__low_level_init        0x08008f1f    0x4  Code  Gb  low_level_init.o [3]
__vector_table          0x08000000         Data  Gb  startup_stm32f429xx.o [1]
_call_main              0x08008f11         Code  Gb  cmain.o [6]
_exit                   0x08008f41         Code  Gb  cexit.o [6]
_gm_                    0x200025d8  0x1d8  Data  Lc  dlmalloc.o [3]
_main                   0x08008f1b         Code  Gb  cmain.o [6]
abort                   0x080016a1    0x6  Code  Gb  abort.o [3]
asinf                   0x080083e1         Code  Gb  asinf.o [5]
atan2f                  0x08008375         Code  Gb  atan2f.o [5]
div                     0x08005299    0xe  Code  Gb  div.o [3]
exit                    0x08008f3b    0x4  Code  Gb  exit.o [3]
hdma_usart6_rx          0x20002838   0x60  Data  Lc  sbus.o [1]
headerBuf               0x20000004   0x10  Data  Lc  logging.o [1]
hi2c1                   0x20002898   0x54  Data  Lc  i2c.o [1]
htim1                   0x20002970   0x3c  Data  Lc  pwm.o [1]
huart3                  0x20002930   0x40  Data  Lc  uart.o [1]
huart6                  0x200000e0   0x40  Data  Lc  sbus.o [1]
init_mparams            0x080001c9   0x32  Code  Lc  dlmalloc.o [3]
init_top                0x080001fb   0x34  Code  Lc  dlmalloc.o [3]
localeconv              0x08005267   0x16  Code  Gb  localeconv.o [3]
main                    0x08008f23   0x18  Code  Gb  main.o [1]
memchr                  0x0800497d         Code  Gb  memchr.o [6]
mparams                 0x200029ac   0x18  Data  Lc  dlmalloc.o [3]
msgBuf                  0x20000014   0x80  Data  Lc  logging.o [1]
prepend_alloc           0x0800022f  0x372  Code  Lc  dlmalloc.o [3]
sChannelOutMax          0x20000128    0x4  Data  Lc  sbus.o [1]
sChannelOutMin          0x20000124    0x4  Data  Lc  sbus.o [1]
sControllerCnt          0x200000a0    0x4  Data  Lc  main_app.o [1]
sEstimateStateCnt       0x2000009c    0x4  Data  Lc  main_app.o [1]
sListenCmdCnt           0x200000a4    0x4  Data  Lc  main_app.o [1]
sMeas                   0x200000a8   0x18  Data  Lc  main_app.o [1]
sReadSensorCnt          0x20000098    0x4  Data  Lc  main_app.o [1]
sRecBuffer              0x200000c4   0x1c  Data  Lc  sbus.o [1]
sRetryCnt               0x200000c1    0x1  Data  Lc  sbus.o [1]
sStarted                0x200000c0    0x1  Data  Lc  sbus.o [1]
sSystickHandler         0x200029f8    0x4  Data  Lc  interrupt_mgr.o [1]
sTimerCnt               0x20000094    0x4  Data  Lc  main_app.o [1]
segment_holding         0x080001ad   0x1c  Code  Lc  dlmalloc.o [3]
snprintf                0x08006279   0x44  Code  Gb  snprintf.o [3]
spPPBuffer              0x20000120    0x4  Data  Lc  sbus.o [1]
strchr                  0x0800492d         Code  Gb  strchr.o [6]
strlen                  0x08004945         Code  Gb  strlen.o [6]
sys_alloc               0x080005a1  0x388  Code  Lc  dlmalloc.o [3]
tmalloc_large           0x08000935  0x380  Code  Lc  dlmalloc.o [3]
tmalloc_small           0x08000cb5  0x206  Code  Lc  dlmalloc.o [3]
uwTick                  0x20000130    0x4  Data  Gb  stm32f4xx_hal.o [1]
uwTickFreq              0x2000012c    0x1  Data  Gb  stm32f4xx_hal.o [1]
uwTickPrio              0x20000134    0x4  Data  Gb  stm32f4xx_hal.o [1]
vsprintf                0x0800624d   0x2c  Code  Gb  vsprintf.o [3]


[1] = D:\MyLife\work\UAV\Custom-Flight-Controller\FlightController\FlightController\EWARM\FlightController\Obj
[2] = command line
[3] = dl7M_tlf.a
[4] = iar_cortexM4lf_math.a
[5] = m7M_tls.a
[6] = rt7M_tl.a
[7] = shb_l.a

  37 050 bytes of readonly  code memory
      95 bytes of readonly  data memory
  10 748 bytes of readwrite data memory

Errors: none
Warnings: none
