###############################################################################
#
# IAR ELF Linker V7.80.3.12102/W32 for ARM                24/Dec/2019  15:07:29
# Copyright 2007-2016 IAR Systems AB.
#
#    Output file  =  
#        D:\MyLife\work\UAV\Custom-Flight-Controller\FlightController\FlightController\EWARM\FlightController\Exe\FlightController.out
#    Map file     =  
#        D:\MyLife\work\UAV\Custom-Flight-Controller\FlightController\FlightController\EWARM\FlightController\List\FlightController.map
#    Command line =  
#        D:\MyLife\work\UAV\Custom-Flight-Controller\FlightController\FlightController\EWARM\FlightController\Obj\cmd_listener.o
#        D:\MyLife\work\UAV\Custom-Flight-Controller\FlightController\FlightController\EWARM\FlightController\Obj\controller.o
#        D:\MyLife\work\UAV\Custom-Flight-Controller\FlightController\FlightController\EWARM\FlightController\Obj\controller_att.o
#        D:\MyLife\work\UAV\Custom-Flight-Controller\FlightController\FlightController\EWARM\FlightController\Obj\controller_att_rate.o
#        D:\MyLife\work\UAV\Custom-Flight-Controller\FlightController\FlightController\EWARM\FlightController\Obj\controller_util.o
#        D:\MyLife\work\UAV\Custom-Flight-Controller\FlightController\FlightController\EWARM\FlightController\Obj\controller_vel.o
#        D:\MyLife\work\UAV\Custom-Flight-Controller\FlightController\FlightController\EWARM\FlightController\Obj\DeviceCtrl.o
#        D:\MyLife\work\UAV\Custom-Flight-Controller\FlightController\FlightController\EWARM\FlightController\Obj\i2c.o
#        D:\MyLife\work\UAV\Custom-Flight-Controller\FlightController\FlightController\EWARM\FlightController\Obj\IMU.o
#        D:\MyLife\work\UAV\Custom-Flight-Controller\FlightController\FlightController\EWARM\FlightController\Obj\interrupt_mgr.o
#        D:\MyLife\work\UAV\Custom-Flight-Controller\FlightController\FlightController\EWARM\FlightController\Obj\led.o
#        D:\MyLife\work\UAV\Custom-Flight-Controller\FlightController\FlightController\EWARM\FlightController\Obj\logging.o
#        D:\MyLife\work\UAV\Custom-Flight-Controller\FlightController\FlightController\EWARM\FlightController\Obj\MadgwickAHRS.o
#        D:\MyLife\work\UAV\Custom-Flight-Controller\FlightController\FlightController\EWARM\FlightController\Obj\main.o
#        D:\MyLife\work\UAV\Custom-Flight-Controller\FlightController\FlightController\EWARM\FlightController\Obj\main_app.o
#        D:\MyLife\work\UAV\Custom-Flight-Controller\FlightController\FlightController\EWARM\FlightController\Obj\motor_ctrl.o
#        D:\MyLife\work\UAV\Custom-Flight-Controller\FlightController\FlightController\EWARM\FlightController\Obj\MPU9250.o
#        D:\MyLife\work\UAV\Custom-Flight-Controller\FlightController\FlightController\EWARM\FlightController\Obj\PID.o
#        D:\MyLife\work\UAV\Custom-Flight-Controller\FlightController\FlightController\EWARM\FlightController\Obj\ping_pong_buffer.o
#        D:\MyLife\work\UAV\Custom-Flight-Controller\FlightController\FlightController\EWARM\FlightController\Obj\pwm.o
#        D:\MyLife\work\UAV\Custom-Flight-Controller\FlightController\FlightController\EWARM\FlightController\Obj\QKF.o
#        D:\MyLife\work\UAV\Custom-Flight-Controller\FlightController\FlightController\EWARM\FlightController\Obj\receiver.o
#        D:\MyLife\work\UAV\Custom-Flight-Controller\FlightController\FlightController\EWARM\FlightController\Obj\ringbuf.o
#        D:\MyLife\work\UAV\Custom-Flight-Controller\FlightController\FlightController\EWARM\FlightController\Obj\sbus.o
#        D:\MyLife\work\UAV\Custom-Flight-Controller\FlightController\FlightController\EWARM\FlightController\Obj\sensor_reader.o
#        D:\MyLife\work\UAV\Custom-Flight-Controller\FlightController\FlightController\EWARM\FlightController\Obj\startup_stm32f429xx.o
#        D:\MyLife\work\UAV\Custom-Flight-Controller\FlightController\FlightController\EWARM\FlightController\Obj\state_estimator.o
#        D:\MyLife\work\UAV\Custom-Flight-Controller\FlightController\FlightController\EWARM\FlightController\Obj\stm32f4xx_hal.o
#        D:\MyLife\work\UAV\Custom-Flight-Controller\FlightController\FlightController\EWARM\FlightController\Obj\stm32f4xx_hal_cortex.o
#        D:\MyLife\work\UAV\Custom-Flight-Controller\FlightController\FlightController\EWARM\FlightController\Obj\stm32f4xx_hal_dma.o
#        D:\MyLife\work\UAV\Custom-Flight-Controller\FlightController\FlightController\EWARM\FlightController\Obj\stm32f4xx_hal_dma_ex.o
#        D:\MyLife\work\UAV\Custom-Flight-Controller\FlightController\FlightController\EWARM\FlightController\Obj\stm32f4xx_hal_flash.o
#        D:\MyLife\work\UAV\Custom-Flight-Controller\FlightController\FlightController\EWARM\FlightController\Obj\stm32f4xx_hal_flash_ex.o
#        D:\MyLife\work\UAV\Custom-Flight-Controller\FlightController\FlightController\EWARM\FlightController\Obj\stm32f4xx_hal_flash_ramfunc.o
#        D:\MyLife\work\UAV\Custom-Flight-Controller\FlightController\FlightController\EWARM\FlightController\Obj\stm32f4xx_hal_gpio.o
#        D:\MyLife\work\UAV\Custom-Flight-Controller\FlightController\FlightController\EWARM\FlightController\Obj\stm32f4xx_hal_i2c.o
#        D:\MyLife\work\UAV\Custom-Flight-Controller\FlightController\FlightController\EWARM\FlightController\Obj\stm32f4xx_hal_i2c_ex.o
#        D:\MyLife\work\UAV\Custom-Flight-Controller\FlightController\FlightController\EWARM\FlightController\Obj\stm32f4xx_hal_msp.o
#        D:\MyLife\work\UAV\Custom-Flight-Controller\FlightController\FlightController\EWARM\FlightController\Obj\stm32f4xx_hal_pwr.o
#        D:\MyLife\work\UAV\Custom-Flight-Controller\FlightController\FlightController\EWARM\FlightController\Obj\stm32f4xx_hal_pwr_ex.o
#        D:\MyLife\work\UAV\Custom-Flight-Controller\FlightController\FlightController\EWARM\FlightController\Obj\stm32f4xx_hal_rcc.o
#        D:\MyLife\work\UAV\Custom-Flight-Controller\FlightController\FlightController\EWARM\FlightController\Obj\stm32f4xx_hal_rcc_ex.o
#        D:\MyLife\work\UAV\Custom-Flight-Controller\FlightController\FlightController\EWARM\FlightController\Obj\stm32f4xx_hal_tim.o
#        D:\MyLife\work\UAV\Custom-Flight-Controller\FlightController\FlightController\EWARM\FlightController\Obj\stm32f4xx_hal_tim_ex.o
#        D:\MyLife\work\UAV\Custom-Flight-Controller\FlightController\FlightController\EWARM\FlightController\Obj\stm32f4xx_hal_uart.o
#        D:\MyLife\work\UAV\Custom-Flight-Controller\FlightController\FlightController\EWARM\FlightController\Obj\stm32f4xx_it.o
#        D:\MyLife\work\UAV\Custom-Flight-Controller\FlightController\FlightController\EWARM\FlightController\Obj\system_stm32f4xx.o
#        D:\MyLife\work\UAV\Custom-Flight-Controller\FlightController\FlightController\EWARM\FlightController\Obj\TestIMU.o
#        D:\MyLife\work\UAV\Custom-Flight-Controller\FlightController\FlightController\EWARM\FlightController\Obj\uart.o
#        D:\MyLife\work\UAV\Custom-Flight-Controller\FlightController\FlightController\EWARM\FlightController\Obj\util.o
#        --redirect _Printf=_PrintfFull --redirect _Scanf=_ScanfFull -o
#        D:\MyLife\work\UAV\Custom-Flight-Controller\FlightController\FlightController\EWARM\FlightController\Exe\FlightController.out
#        --map
#        D:\MyLife\work\UAV\Custom-Flight-Controller\FlightController\FlightController\EWARM\FlightController\List\FlightController.map
#        --config
#        D:\MyLife\work\UAV\Custom-Flight-Controller\FlightController\FlightController\EWARM/stm32f429xx_flash.icf
#        --semihosting --entry __iar_program_start
#        E:\software\IAR\arm\CMSIS\Lib\IAR\iar_cortexM4l_math.a --vfe
#
###############################################################################

*******************************************************************************
*** RUNTIME MODEL ATTRIBUTES
***

CppFlavor                     = *
__CPP_Language                = EC++
__Heap_Handler                = DLMalloc
__SystemLibrary               = DLib
__dlib_dynamic_initialization = normal


*******************************************************************************
*** PLACEMENT SUMMARY
***

"A0":  place at 0x08000000 { ro section .intvec };
"P1":  place in [from 0x08000000 to 0x081fffff] { ro };
"P2":  place in [from 0x20000000 to 0x2002ffff] { rw, block CSTACK, block HEAP };
initialize by copy { rw };

  Section             Kind        Address    Size  Object
  -------             ----        -------    ----  ------
"A0":                                       0x1ac
  .intvec             ro code  0x08000000   0x1ac  startup_stm32f429xx.o [1]
                             - 0x080001ac   0x1ac

"P1":                                      0xa985
  .text               ro code  0x080001ac  0x14f4  dlmalloc.o [3]
  .text               ro code  0x080016a0     0x6  abort.o [3]
  .text               ro code  0x080016a6    0x1a  xsnprout.o [3]
  .text               ro code  0x080016c0    0x2c  xgetmemchunk.o [3]
  .text               ro code  0x080016ec    0x14  exit.o [7]
  .text               ro code  0x08001700  0x138e  stm32f4xx_hal_i2c.o [1]
  .text               ro code  0x08002a8e     0xa  xsprout.o [3]
  .text               ro code  0x08002a98   0x200  stm32f4xx_hal_msp.o [1]
  .text               ro code  0x08002c98   0x1bc  stm32f4xx_hal_rcc.o [1]
  .text               ro code  0x08002e54     0xc  stm32f4xx_hal.o [1]
  .text               ro code  0x08002e60     0x2  stm32f4xx_hal_i2c.o [1]
  .text               ro code  0x08002e62     0x2  stm32f4xx_hal_i2c.o [1]
  .text               ro code  0x08002e64     0x2  stm32f4xx_hal_i2c.o [1]
  .text               ro code  0x08002e66     0x2  stm32f4xx_hal_i2c.o [1]
  .text               ro code  0x08002e68     0x2  stm32f4xx_hal_i2c.o [1]
  .text               ro code  0x08002e6a     0x2  stm32f4xx_hal_i2c.o [1]
  .text               ro code  0x08002e6c     0x2  stm32f4xx_hal_i2c.o [1]
  .text               ro code  0x08002e6e     0x2  stm32f4xx_hal_i2c.o [1]
  .text               ro code  0x08002e70   0x490  stm32f4xx_hal_dma.o [1]
  .text               ro code  0x08003300     0x2  stm32f4xx_hal_i2c.o [1]
  .text               ro code  0x08003302     0x2  stm32f4xx_hal_i2c.o [1]
  .text               ro code  0x08003304     0x6  ABImemclr4.o [6]
  .text               ro code  0x0800330c   0x200  stm32f4xx_hal_gpio.o [1]
  .text               ro code  0x0800350c    0xec  stm32f4xx_hal_cortex.o [1]
  .text               ro code  0x080035f8    0x48  stm32f4xx_hal.o [1]
  .text               ro code  0x08003640    0xee  I64DivMod.o [6]
  .text               ro code  0x08003730    0x3a  ABImemset48.o [6]
  .text               ro code  0x0800376c     0x2  I64DivZer.o [6]
  .text               ro code  0x08003770  0x119a  xprintffull.o [3]
  .text               ro code  0x0800490a    0x20  xmbtowc.o [3]
  .text               ro code  0x0800492c    0x16  strchr.o [6]
  .text               ro code  0x08004944    0x36  strlen.o [6]
  .text               ro code  0x0800497c    0x58  memchr.o [6]
  .text               ro code  0x080049d4     0xa  xmbcurmax.o [3]
  .text               ro code  0x080049de    0x1a  xwctomb.o [3]
  .text               ro code  0x080049f8    0x76  ABImemcpy_unaligned.o [6]
  .text               ro code  0x08004a6e    0x44  xdnorm.o [5]
  .text               ro code  0x08004ab4    0x2e  DblCmpLe.o [5]
  .text               ro code  0x08004ae4    0x2e  DblCmpGe.o [5]
  .text               ro code  0x08004b14   0x10c  xdscale.o [5]
  .text               ro code  0x08004c20    0x58  DblToI32.o [5]
  .text               ro code  0x08004c78    0x30  I32ToDbl.o [5]
  .text               ro code  0x08004ca8   0x180  DblSub.o [5]
  .text               ro code  0x08004e28   0x1a2  DblMul.o [5]
  .text               ro code  0x08004fcc   0x256  DblDiv.o [5]
  .text               ro code  0x08005224    0x6c  localeconv.o [3]
  .text               ro code  0x08005290     0xe  div.o [3]
  .text               ro code  0x080052a0    0x14  setlocale.o [3]
  .text               ro code  0x080052b4    0x60  xencoding_sb.o [3]
  .text               ro code  0x08005314    0xe8  DblAdd.o [5]
  .text               ro code  0x080053fc     0x2  xtls.o [3]
  .rodata             const    0x08005400   0x804  arm_common_tables.o [4]
  .text               ro code  0x08005c04   0x7f4  stm32f4xx_hal_uart.o [1]
  .text               ro code  0x080063f8   0x3b8  sbus.o [1]
  .text               ro code  0x080067b0     0x2  stm32f4xx_hal_uart.o [1]
  .text               ro code  0x080067b2     0x2  stm32f4xx_hal_uart.o [1]
  .text               ro code  0x080067b4    0x60  logging.o [1]
  .text               ro code  0x08006814   0x184  ping_pong_buffer.o [1]
  .text               ro code  0x08006998    0x28  stm32f4xx_hal.o [1]
  .text               ro code  0x080069c0    0x70  led.o [1]
  .text               ro code  0x08006a30    0x2c  vsprintf.o [3]
  .text               ro code  0x08006a5c    0x44  snprintf.o [3]
  .text               ro code  0x08006aa0    0x74  uart.o [1]
  .text               ro code  0x08006b14    0x66  ABImemset.o [6]
  .text               ro code  0x08006b7c   0x646  MadgwickAHRS.o [1]
  .text               ro code  0x080071c4    0xd8  FltMul.o [5]
  .text               ro code  0x0800729c    0xe6  FltSub.o [5]
  .text               ro code  0x08007384    0x84  FltAdd.o [5]
  .text               ro code  0x08007408    0x1c  FltCmpEq.o [5]
  .text               ro code  0x08007424    0xcc  atan2f.o [5]
  .text               ro code  0x080074f0    0xb0  asinf.o [5]
  .text               ro code  0x080075a0    0x24  FltCmpLe.o [5]
  .text               ro code  0x080075c4    0xfc  FltDiv.o [5]
  .text               ro code  0x080076c0    0xf4  xfatan.o [5]
  .text               ro code  0x080077b4    0x72  sqrtf.o [5]
  .text               ro code  0x08007828     0xc  errno.o [3]
  .text               ro code  0x08007834    0x24  FltCmpGe.o [5]
  .text               ro code  0x08007858     0xc  iarEdom.o [6]
  .text               ro code  0x08007864   0x5f8  DeviceCtrl.o [1]
  .text               ro code  0x08007e5c   0x2f0  stm32f4xx_hal_rcc.o [1]
  .text               ro code  0x0800814c    0x6c  stm32f4xx_hal_pwr_ex.o [1]
  .text               ro code  0x080081b8   0x114  i2c.o [1]
  .text               ro code  0x080082cc   0x1c4  pwm.o [1]
  .text               ro code  0x08008490    0x8a  state_estimator.o [1]
  .text               ro code  0x0800851c    0xfc  sensor_reader.o [1]
  .text               ro code  0x08008618   0x1c2  controller.o [1]
  .text               ro code  0x080087dc    0xa4  cmd_listener.o [1]
  .text               ro code  0x08008880    0x34  stm32f4xx_hal.o [1]
  .text               ro code  0x080088b4   0x578  stm32f4xx_hal_tim.o [1]
  .text               ro code  0x08008e2c    0xa8  stm32f4xx_hal_tim_ex.o [1]
  .text               ro code  0x08008ed4    0x10  TestIMU.o [1]
  .text               ro code  0x08008ee4    0x14  state_estimator.o [1]
  .text               ro code  0x08008ef8    0x14  state_estimator.o [1]
  .text               ro code  0x08008f0c    0x14  state_estimator.o [1]
  .text               ro code  0x08008f20   0x4a8  IMU.o [1]
  .text               ro code  0x080093c8    0x78  controller_vel.o [1]
  .text               ro code  0x08009440    0xd0  controller_att.o [1]
  .text               ro code  0x08009510    0x94  controller_att_rate.o [1]
  .text               ro code  0x080095a4   0x140  motor_ctrl.o [1]
  .text               ro code  0x080096e4   0x1e0  controller_util.o [1]
  .text               ro code  0x080098c4   0x10c  receiver.o [1]
  .text               ro code  0x080099d0     0x2  stm32f4xx_hal_tim.o [1]
  .text               ro code  0x080099d4   0x4ac  MPU9250.o [1]
  .text               ro code  0x08009e80    0x32  I32ToFlt.o [5]
  .text               ro code  0x08009eb4    0x4e  FltToDbl.o [5]
  .text               ro code  0x08009f04   0x2b4  PID.o [1]
  .text               ro code  0x0800a1b8    0x44  FltToS32.o [5]
  .text               ro code  0x0800a1fc     0x8  arm_mat_init_f32.o [4]
  .text               ro code  0x0800a204    0x90  DblToFlt.o [5]
  .text               ro code  0x0800a294    0x8c  arm_cos_f32.o [4]
  .text               ro code  0x0800a320    0xa0  arm_sin_f32.o [4]
  .text               ro code  0x0800a3c0   0x154  arm_mat_mult_f32.o [4]
  .text               ro code  0x0800a514    0x6c  atanf.o [5]
  .text               ro code  0x0800a580    0x60  util.o [1]
  .text               ro code  0x0800a5e0   0x1f0  main_app.o [1]
  .text               ro code  0x0800a7d0    0x30  interrupt_mgr.o [1]
  .text               ro code  0x0800a800    0x10  stm32f4xx_hal.o [1]
  .text               ro code  0x0800a810    0x50  system_stm32f4xx.o [1]
  .text               ro code  0x0800a860    0x40  zero_init3.o [6]
  .text               ro code  0x0800a8a0    0x38  packbits_init_single.o [6]
  .text               ro code  0x0800a8d8    0x28  data_init.o [6]
  .iar.init_table     const    0x0800a900    0x20  - Linker created -
  .text               ro code  0x0800a920    0x1a  cmain.o [6]
  .text               ro code  0x0800a93a     0x4  low_level_init.o [3]
  .text               ro code  0x0800a93e    0x18  main.o [1]
  .text               ro code  0x0800a956     0x4  exit.o [3]
  .text               ro code  0x0800a95c     0xa  cexit.o [6]
  .text               ro code  0x0800a968    0x10  startup_stm32f429xx.o [1]
  .text               ro code  0x0800a978     0xc  cstartup_M.o [6]
  .rodata             const    0x0800a984     0x8  system_stm32f4xx.o [1]
  .text               ro code  0x0800a98c     0x4  startup_stm32f429xx.o [1]
  .text               ro code  0x0800a990     0x4  startup_stm32f429xx.o [1]
  .text               ro code  0x0800a994     0x4  startup_stm32f429xx.o [1]
  .text               ro code  0x0800a998     0x4  startup_stm32f429xx.o [1]
  .text               ro code  0x0800a99c     0x4  startup_stm32f429xx.o [1]
  .text               ro code  0x0800a9a0     0x4  startup_stm32f429xx.o [1]
  .text               ro code  0x0800a9a4     0x4  startup_stm32f429xx.o [1]
  .text               ro code  0x0800a9a8     0x4  startup_stm32f429xx.o [1]
  .text               ro code  0x0800a9ac     0x4  startup_stm32f429xx.o [1]
  .text               ro code  0x0800a9b0     0x4  startup_stm32f429xx.o [1]
  .text               ro code  0x0800a9b4     0x4  startup_stm32f429xx.o [1]
  .text               ro code  0x0800a9b8     0x4  startup_stm32f429xx.o [1]
  .text               ro code  0x0800a9bc     0x4  startup_stm32f429xx.o [1]
  .text               ro code  0x0800a9c0     0x4  startup_stm32f429xx.o [1]
  .text               ro code  0x0800a9c4     0x4  startup_stm32f429xx.o [1]
  .text               ro code  0x0800a9c8     0x4  startup_stm32f429xx.o [1]
  .text               ro code  0x0800a9cc     0x4  startup_stm32f429xx.o [1]
  .text               ro code  0x0800a9d0     0x4  startup_stm32f429xx.o [1]
  .text               ro code  0x0800a9d4     0x4  startup_stm32f429xx.o [1]
  .text               ro code  0x0800a9d8     0x4  startup_stm32f429xx.o [1]
  .text               ro code  0x0800a9dc     0x4  startup_stm32f429xx.o [1]
  .text               ro code  0x0800a9e0     0x4  startup_stm32f429xx.o [1]
  .text               ro code  0x0800a9e4     0x4  startup_stm32f429xx.o [1]
  .text               ro code  0x0800a9e8     0x4  startup_stm32f429xx.o [1]
  .text               ro code  0x0800a9ec     0x4  startup_stm32f429xx.o [1]
  .text               ro code  0x0800a9f0     0x4  startup_stm32f429xx.o [1]
  .text               ro code  0x0800a9f4     0x4  startup_stm32f429xx.o [1]
  .text               ro code  0x0800a9f8     0x4  startup_stm32f429xx.o [1]
  .text               ro code  0x0800a9fc     0x4  startup_stm32f429xx.o [1]
  .text               ro code  0x0800aa00     0x4  startup_stm32f429xx.o [1]
  .text               ro code  0x0800aa04     0x4  startup_stm32f429xx.o [1]
  .text               ro code  0x0800aa08     0x4  startup_stm32f429xx.o [1]
  .text               ro code  0x0800aa0c     0x4  startup_stm32f429xx.o [1]
  .text               ro code  0x0800aa10     0x4  startup_stm32f429xx.o [1]
  .text               ro code  0x0800aa14     0x4  startup_stm32f429xx.o [1]
  .text               ro code  0x0800aa18     0x4  startup_stm32f429xx.o [1]
  .text               ro code  0x0800aa1c     0x4  startup_stm32f429xx.o [1]
  .text               ro code  0x0800aa20     0x4  startup_stm32f429xx.o [1]
  .text               ro code  0x0800aa24     0x4  startup_stm32f429xx.o [1]
  .text               ro code  0x0800aa28     0x4  startup_stm32f429xx.o [1]
  .text               ro code  0x0800aa2c     0x4  startup_stm32f429xx.o [1]
  .text               ro code  0x0800aa30     0x4  startup_stm32f429xx.o [1]
  .text               ro code  0x0800aa34     0x4  startup_stm32f429xx.o [1]
  .text               ro code  0x0800aa38     0x4  startup_stm32f429xx.o [1]
  .text               ro code  0x0800aa3c     0x4  startup_stm32f429xx.o [1]
  .text               ro code  0x0800aa40     0x4  startup_stm32f429xx.o [1]
  .text               ro code  0x0800aa44     0x4  startup_stm32f429xx.o [1]
  .text               ro code  0x0800aa48     0x4  startup_stm32f429xx.o [1]
  .text               ro code  0x0800aa4c     0x4  startup_stm32f429xx.o [1]
  .text               ro code  0x0800aa50     0x4  startup_stm32f429xx.o [1]
  .text               ro code  0x0800aa54     0x4  startup_stm32f429xx.o [1]
  .text               ro code  0x0800aa58     0x4  startup_stm32f429xx.o [1]
  .text               ro code  0x0800aa5c     0x4  startup_stm32f429xx.o [1]
  .text               ro code  0x0800aa60     0x4  startup_stm32f429xx.o [1]
  .text               ro code  0x0800aa64     0x4  startup_stm32f429xx.o [1]
  .text               ro code  0x0800aa68     0x4  startup_stm32f429xx.o [1]
  .text               ro code  0x0800aa6c     0x4  startup_stm32f429xx.o [1]
  .text               ro code  0x0800aa70     0x4  startup_stm32f429xx.o [1]
  .text               ro code  0x0800aa74     0x4  startup_stm32f429xx.o [1]
  .text               ro code  0x0800aa78     0x4  startup_stm32f429xx.o [1]
  .text               ro code  0x0800aa7c     0x4  startup_stm32f429xx.o [1]
  .text               ro code  0x0800aa80     0x4  startup_stm32f429xx.o [1]
  .text               ro code  0x0800aa84     0x4  startup_stm32f429xx.o [1]
  .text               ro code  0x0800aa88     0x4  startup_stm32f429xx.o [1]
  .text               ro code  0x0800aa8c     0x4  startup_stm32f429xx.o [1]
  .text               ro code  0x0800aa90     0x4  startup_stm32f429xx.o [1]
  .text               ro code  0x0800aa94     0x4  startup_stm32f429xx.o [1]
  .text               ro code  0x0800aa98     0x4  startup_stm32f429xx.o [1]
  .text               ro code  0x0800aa9c     0x4  startup_stm32f429xx.o [1]
  .text               ro code  0x0800aaa0     0x4  startup_stm32f429xx.o [1]
  .text               ro code  0x0800aaa4     0x4  startup_stm32f429xx.o [1]
  .text               ro code  0x0800aaa8     0x4  startup_stm32f429xx.o [1]
  .text               ro code  0x0800aaac     0x4  startup_stm32f429xx.o [1]
  .text               ro code  0x0800aab0     0x4  startup_stm32f429xx.o [1]
  .text               ro code  0x0800aab4     0x4  startup_stm32f429xx.o [1]
  .text               ro code  0x0800aab8     0x4  startup_stm32f429xx.o [1]
  .text               ro code  0x0800aabc     0x4  startup_stm32f429xx.o [1]
  .text               ro code  0x0800aac0     0x4  startup_stm32f429xx.o [1]
  .text               ro code  0x0800aac4     0x4  startup_stm32f429xx.o [1]
  .text               ro code  0x0800aac8     0x4  startup_stm32f429xx.o [1]
  .text               ro code  0x0800aacc     0x4  startup_stm32f429xx.o [1]
  .text               ro code  0x0800aad0     0x4  startup_stm32f429xx.o [1]
  .text               ro code  0x0800aad4     0x4  startup_stm32f429xx.o [1]
  .text               ro code  0x0800aad8     0x4  startup_stm32f429xx.o [1]
  .text               ro code  0x0800aadc     0x4  startup_stm32f429xx.o [1]
  .text               ro code  0x0800aae0     0x4  startup_stm32f429xx.o [1]
  .text               ro code  0x0800aae4     0x4  startup_stm32f429xx.o [1]
  .text               ro code  0x0800aae8     0x4  startup_stm32f429xx.o [1]
  .text               ro code  0x0800aaec     0x4  startup_stm32f429xx.o [1]
  .text               ro code  0x0800aaf0     0x4  startup_stm32f429xx.o [1]
  .text               ro code  0x0800aaf4     0x4  startup_stm32f429xx.o [1]
  .text               ro code  0x0800aaf8     0x4  startup_stm32f429xx.o [1]
  .text               ro code  0x0800aafc     0x4  startup_stm32f429xx.o [1]
  .rodata             const    0x0800ab00     0x0  zero_init3.o [6]
  .rodata             const    0x0800ab00     0x0  packbits_init_single.o [6]
  Initializer bytes   const    0x0800ab00    0x31  <for P2-1>
                             - 0x0800ab31  0xa985

"P2", part 1 of 3:                          0x1d8
  P2-1                         0x20000000   0x1d8  <Init block>
    .data             inited   0x20000000    0x94  logging.o [1]
    .data             inited   0x20000094    0x34  main_app.o [1]
    .data             inited   0x200000c8     0xc  stm32f4xx_hal.o [1]
    .data             inited   0x200000d4     0x4  system_stm32f4xx.o [1]
    __DLIB_PERTHREAD  inited   0x200000d8     0x4  errno.o [3]
    __DLIB_PERTHREAD  inited   0x200000dc    0x88  localeconv.o [3]
    __DLIB_PERTHREAD  inited   0x20000164    0x74  setlocale.o [3]
                             - 0x200001d8   0x1d8

"P2", part 2 of 3:                         0x2000
  CSTACK                       0x200001d8  0x1000  <Block>
    CSTACK            uninit   0x200001d8  0x1000  <Block tail>
  HEAP                         0x200011d8  0x1000  <Block>
    HEAP              uninit   0x200011d8  0x1000  <Block tail>
                             - 0x200021d8  0x2000

"P2", part 3 of 3:                          0x8a0
  .bss                zero     0x200021d8   0x3c0  controller.o [1]
  .bss                zero     0x20002598   0x1d8  dlmalloc.o [3]
  .bss                zero     0x20002770    0x88  IMU.o [1]
  .bss                zero     0x200027f8    0x64  sbus.o [1]
  .bss                zero     0x2000285c    0x60  sbus.o [1]
  .bss                zero     0x200028bc    0x54  controller_util.o [1]
  .bss                zero     0x20002910    0x54  i2c.o [1]
  .bss                zero     0x20002964    0x44  state_estimator.o [1]
  .bss                zero     0x200029a8    0x40  uart.o [1]
  .bss                zero     0x200029e8    0x3c  pwm.o [1]
  .bss                zero     0x20002a24    0x18  dlmalloc.o [3]
  .bss                zero     0x20002a3c    0x14  cmd_listener.o [1]
  .bss                zero     0x20002a50    0x10  sensor_reader.o [1]
  .bss                zero     0x20002a60     0x8  motor_ctrl.o [1]
  .bss                zero     0x20002a68     0x8  receiver.o [1]
  .bss                zero     0x20002a70     0x4  interrupt_mgr.o [1]
  .bss                zero     0x20002a74     0x4  xgetmemchunk.o [3]
                             - 0x20002a78   0x8a0


*******************************************************************************
*** INIT TABLE
***

          Address     Size
          -------     ----
Zero (__iar_zero_init3)
    1 destination range, total size 0x8a0:
          0x200021d8  0x8a0

Copy/packbits (__iar_packbits_init_single3)
    1 source range, total size 0x31 (10% of destination):
          0x0800ab00   0x31
    1 destination range, total size 0x1d8:
          0x20000000  0x1d8



*******************************************************************************
*** MODULE SUMMARY
***

    Module                  ro code  ro data  rw data
    ------                  -------  -------  -------
D:\MyLife\work\UAV\Custom-Flight-Controller\FlightController\FlightController\EWARM\FlightController\Obj: [1]
    DeviceCtrl.o              1 528
    IMU.o                     1 192               136
    MPU9250.o                 1 196
    MadgwickAHRS.o            1 606
    PID.o                       692
    TestIMU.o                    16
    cmd_listener.o              164                20
    controller.o                450               960
    controller_att.o            208
    controller_att_rate.o       148
    controller_util.o           480                84
    controller_vel.o            120
    i2c.o                       276                84
    interrupt_mgr.o              48                 4
    led.o                       112
    logging.o                    96       15      148
    main.o                       24
    main_app.o                  496        5       52
    motor_ctrl.o                320                 8
    ping_pong_buffer.o          388
    pwm.o                       452                60
    receiver.o                  268                 8
    sbus.o                      952               196
    sensor_reader.o             252                16
    startup_stm32f429xx.o       816
    state_estimator.o           198                68
    stm32f4xx_hal.o             192        2       12
    stm32f4xx_hal_cortex.o      236
    stm32f4xx_hal_dma.o       1 168
    stm32f4xx_hal_gpio.o        512
    stm32f4xx_hal_i2c.o       5 026
    stm32f4xx_hal_msp.o         512
    stm32f4xx_hal_pwr_ex.o      108
    stm32f4xx_hal_rcc.o       1 196
    stm32f4xx_hal_tim.o       1 402
    stm32f4xx_hal_tim_ex.o      168
    stm32f4xx_hal_uart.o      2 040
    system_stm32f4xx.o           80        8        4
    uart.o                      116                64
    util.o                       96
    -------------------------------------------------
    Total:                   25 350       30    1 924

command line: [2]
    -------------------------------------------------
    Total:

dl7M_tlf.a: [3]
    abort.o                       6
    div.o                        14
    dlmalloc.o                5 364               496
    errno.o                      12                 4
    exit.o                        4
    localeconv.o                108       14      136
    low_level_init.o              4
    setlocale.o                  20       13      116
    snprintf.o                   68
    vsprintf.o                   44
    xencoding_sb.o               96
    xgetmemchunk.o               44                 4
    xmbcurmax.o                  10
    xmbtowc.o                    32
    xprintffull.o             4 506
    xsnprout.o                   26
    xsprout.o                    10
    xtls.o                        2
    xwctomb.o                    26
    -------------------------------------------------
    Total:                   10 396       27      756

iar_cortexM4l_math.a: [4]
    arm_common_tables.o                2 052
    arm_cos_f32.o               140
    arm_mat_init_f32.o            8
    arm_mat_mult_f32.o          340
    arm_sin_f32.o               160
    -------------------------------------------------
    Total:                      648    2 052

m7M_tl.a: [5]
    DblAdd.o                    232
    DblCmpGe.o                   46
    DblCmpLe.o                   46
    DblDiv.o                    598
    DblMul.o                    418
    DblSub.o                    384
    DblToFlt.o                  144
    DblToI32.o                   88
    FltAdd.o                    132
    FltCmpEq.o                   28
    FltCmpGe.o                   36
    FltCmpLe.o                   36
    FltDiv.o                    252
    FltMul.o                    216
    FltSub.o                    230
    FltToDbl.o                   78
    FltToS32.o                   68
    I32ToDbl.o                   48
    I32ToFlt.o                   50
    asinf.o                     176
    atan2f.o                    204
    atanf.o                     108
    sqrtf.o                     114
    xdnorm.o                     68
    xdscale.o                   268
    xfatan.o                    244
    -------------------------------------------------
    Total:                    4 312

rt7M_tl.a: [6]
    ABImemclr4.o                  6
    ABImemcpy_unaligned.o       118
    ABImemset.o                 102
    ABImemset48.o                58
    I64DivMod.o                 238
    I64DivZer.o                   2
    cexit.o                      10
    cmain.o                      26
    cstartup_M.o                 12
    data_init.o                  40
    iarEdom.o                    12
    memchr.o                     88
    packbits_init_single.o       56
    strchr.o                     22
    strlen.o                     54
    zero_init3.o                 64
    -------------------------------------------------
    Total:                      908

shb_l.a: [7]
    exit.o                       20
    -------------------------------------------------
    Total:                       20

    Gaps                         48        2
    Linker created                        32    8 192
-----------------------------------------------------
    Grand Total:             41 682    2 143   10 872


*******************************************************************************
*** ENTRY LIST
***

Entry                      Address   Size  Type      Object
-----                      -------   ----  ----      ------
.iar.init_table$$Base   0x0800a900          --   Gb  - Linker created -
.iar.init_table$$Limit  0x0800a920          --   Gb  - Linker created -
?main                   0x0800a921         Code  Gb  cmain.o [6]
AHBPrescTable           0x0800a850   0x10  Data  Gb  system_stm32f4xx.o [1]
APBPrescTable           0x0800a984    0x8  Data  Gb  system_stm32f4xx.o [1]
AttController::AttController(int)
                        0x08009441   0x6e  Code  Gb  controller_att.o [1]
AttController::GetDesiredAttRateSetpoint(float, float)
                        0x080094b9   0x22  Code  Gb  controller_att.o [1]
AttController::SetPeriodMs(int)
                        0x080094db    0xc  Code  Gb  controller_att.o [1]
AttRateController::AttRateController(int)
                        0x08009511   0x6e  Code  Gb  controller_att_rate.o [1]
AttRateController::GetDesiredMotorThrust(float, float)
                        0x08009589   0x10  Code  Gb  controller_att_rate.o [1]
AttRateController::SetPeriodMs(int)
                        0x08009599    0xc  Code  Gb  controller_att_rate.o [1]
CSTACK$$Base            0x200001d8          --   Gb  - Linker created -
CSTACK$$Limit           0x200011d8          --   Gb  - Linker created -
CmdListener::GetCmd(FCCmdType &)
                        0x08008843   0x12  Code  Gb  cmd_listener.o [1]
CmdListener::GetInstance()
                        0x080087dd   0x10  Code  Gb  cmd_listener.o [1]
CmdListener::GetInstance()::cmdListener
                        0x20002a40   0x10  Data  Lc  cmd_listener.o [1]
CmdListener::GetInstance()::static guard for cmdListener
                        0x20002a3c    0x1  Data  Lc  cmd_listener.o [1]
CmdListener::Init()     0x080087f1   0x14  Code  Gb  cmd_listener.o [1]
CmdListener::Start()    0x08008805   0x3e  Code  Gb  cmd_listener.o [1]
Controller::Controller()
                        0x08008619   0x72  Code  Gb  controller.o [1]
Controller::GetInstance()
                        0x0800868b   0x18  Code  Gb  controller.o [1]
Controller::GetInstance()::controller
                        0x200021dc  0x3bc  Data  Lc  controller.o [1]
Controller::GetInstance()::static guard for controller
                        0x200021d8    0x1  Data  Lc  controller.o [1]
Controller::Init()      0x080086a9    0x4  Code  Gb  controller.o [1]
Controller::Run()       0x08008701   0x90  Code  Gb  controller.o [1]
Controller::SetCurAtt(FCAttType &)
                        0x080087a7   0x16  Code  Gb  controller.o [1]
Controller::SetCurAttRate(FCAttType &)
                        0x080087bd   0x16  Code  Gb  controller.o [1]
Controller::SetPeriodMs(int)
                        0x080086ad   0x54  Code  Gb  controller.o [1]
Controller::SetVelSetpoint(FCSensorDataType &)
                        0x08008791   0x16  Code  Gb  controller.o [1]
Controller::SetYawRateSetpoint(float)
                        0x080087d3    0x8  Code  Gb  controller.o [1]
ControllerUtil_Init()   0x08009705   0x36  Code  Gb  controller_util.o [1]
Controller_GetAttSetpointFromAccSetpoint(FCAttType &, FCSensorDataType &, float)
                        0x0800973b  0x116  Code  Gb  controller_util.o [1]
DMA2_Stream1_IRQHandler
                        0x0800a7db    0x4  Code  Gb  interrupt_mgr.o [1]
DMA_CalcBaseAndBitshift(DMA_HandleTypeDef *)::flagBitshiftOffset
                        0x080032f8    0x8  Data  Lc  stm32f4xx_hal_dma.o [1]
DMA_CalcBaseAndBitshift(__DMA_HandleTypeDef *)
                        0x0800325b   0x28  Code  Lc  stm32f4xx_hal_dma.o [1]
DMA_CheckFifoParam(__DMA_HandleTypeDef *)
                        0x08003285   0x72  Code  Lc  stm32f4xx_hal_dma.o [1]
DMA_Init()              0x080063f9   0x2c  Code  Lc  sbus.o [1]
DMA_SetConfig(__DMA_HandleTypeDef *, unsigned int, unsigned int, unsigned int)
                        0x08003231   0x2a  Code  Lc  stm32f4xx_hal_dma.o [1]
DeviceGPIOInit()        0x08007911  0x1b8  Code  Lc  DeviceCtrl.o [1]
DeviceInit()            0x08007c2d   0x8c  Code  Gb  DeviceCtrl.o [1]
DriversInit()           0x08007aed   0x9e  Code  Lc  DeviceCtrl.o [1]
GetHeightThrustFromVelSetpointZ(float)
                        0x08009851   0x26  Code  Gb  controller_util.o [1]
HAL_DMA_Abort           0x08002fa9   0x8a  Code  Gb  stm32f4xx_hal_dma.o [1]
HAL_DMA_Abort_IT        0x08003033   0x24  Code  Gb  stm32f4xx_hal_dma.o [1]
HAL_DMA_IRQHandler      0x08003057  0x1ce  Code  Gb  stm32f4xx_hal_dma.o [1]
HAL_DMA_Init            0x08002e71   0xc8  Code  Gb  stm32f4xx_hal_dma.o [1]
HAL_DMA_Start_IT        0x08002f39   0x70  Code  Gb  stm32f4xx_hal_dma.o [1]
HAL_Delay               0x08006999   0x28  Code  Wk  stm32f4xx_hal.o [1]
HAL_GPIO_Init           0x0800330d  0x1bc  Code  Gb  stm32f4xx_hal_gpio.o [1]
HAL_GPIO_WritePin       0x080034c9    0xe  Code  Gb  stm32f4xx_hal_gpio.o [1]
HAL_GetTick             0x08002e55    0xc  Code  Wk  stm32f4xx_hal.o [1]
HAL_I2C_AbortCpltCallback
                        0x08003301    0x2  Code  Wk  stm32f4xx_hal_i2c.o [1]
HAL_I2C_AddrCallback    0x08002e6d    0x2  Code  Wk  stm32f4xx_hal_i2c.o [1]
HAL_I2C_EV_IRQHandler   0x08001c17  0x13e  Code  Gb  stm32f4xx_hal_i2c.o [1]
HAL_I2C_ErrorCallback   0x08003303    0x2  Code  Wk  stm32f4xx_hal_i2c.o [1]
HAL_I2C_Init            0x08001701   0xf4  Code  Gb  stm32f4xx_hal_i2c.o [1]
HAL_I2C_ListenCpltCallback
                        0x08002e6f    0x2  Code  Wk  stm32f4xx_hal_i2c.o [1]
HAL_I2C_MasterRxCpltCallback
                        0x08002e67    0x2  Code  Wk  stm32f4xx_hal_i2c.o [1]
HAL_I2C_MasterTxCpltCallback
                        0x08002e61    0x2  Code  Wk  stm32f4xx_hal_i2c.o [1]
HAL_I2C_MemRxCpltCallback
                        0x08002e65    0x2  Code  Wk  stm32f4xx_hal_i2c.o [1]
HAL_I2C_MemTxCpltCallback
                        0x08002e63    0x2  Code  Wk  stm32f4xx_hal_i2c.o [1]
HAL_I2C_Mem_Read        0x0800196d  0x2aa  Code  Gb  stm32f4xx_hal_i2c.o [1]
HAL_I2C_Mem_Write       0x080017fd  0x16e  Code  Gb  stm32f4xx_hal_i2c.o [1]
HAL_I2C_MspInit         0x08002ac9   0x72  Code  Gb  stm32f4xx_hal_msp.o [1]
HAL_I2C_SlaveRxCpltCallback
                        0x08002e6b    0x2  Code  Wk  stm32f4xx_hal_i2c.o [1]
HAL_I2C_SlaveTxCpltCallback
                        0x08002e69    0x2  Code  Wk  stm32f4xx_hal_i2c.o [1]
HAL_IncTick             0x0800a801   0x10  Code  Wk  stm32f4xx_hal.o [1]
HAL_Init                0x08008881   0x30  Code  Gb  stm32f4xx_hal.o [1]
HAL_InitTick            0x080035f9   0x48  Code  Wk  stm32f4xx_hal.o [1]
HAL_MspInit             0x08002a99   0x30  Code  Gb  stm32f4xx_hal_msp.o [1]
HAL_NVIC_EnableIRQ      0x080035db    0x2  Code  Gb  stm32f4xx_hal_cortex.o [1]
HAL_NVIC_SetPriority    0x080035bd   0x1e  Code  Gb  stm32f4xx_hal_cortex.o [1]
HAL_NVIC_SetPriorityGrouping
                        0x080035bb    0x2  Code  Gb  stm32f4xx_hal_cortex.o [1]
HAL_PWREx_EnableOverDrive
                        0x0800814d   0x60  Code  Gb  stm32f4xx_hal_pwr_ex.o [1]
HAL_RCC_ClockConfig     0x08002c99  0x10e  Code  Gb  stm32f4xx_hal_rcc.o [1]
HAL_RCC_GetHCLKFreq     0x08002da7    0x6  Code  Gb  stm32f4xx_hal_rcc.o [1]
HAL_RCC_GetPCLK1Freq    0x08002dad   0x16  Code  Gb  stm32f4xx_hal_rcc.o [1]
HAL_RCC_GetPCLK2Freq    0x08002dc3   0x16  Code  Gb  stm32f4xx_hal_rcc.o [1]
HAL_RCC_GetSysClockFreq
                        0x08002df1   0x64  Code  Wk  stm32f4xx_hal_rcc.o [1]
HAL_RCC_OscConfig       0x08007e5d  0x2f0  Code  Wk  stm32f4xx_hal_rcc.o [1]
HAL_SYSTICK_Config      0x080035dd    0x2  Code  Gb  stm32f4xx_hal_cortex.o [1]
HAL_TIMEx_ConfigBreakDeadTime
                        0x08008e79   0x5c  Code  Gb  stm32f4xx_hal_tim_ex.o [1]
HAL_TIMEx_MasterConfigSynchronization
                        0x08008e2d   0x4c  Code  Gb  stm32f4xx_hal_tim_ex.o [1]
HAL_TIM_Base_Init       0x080088b5   0x32  Code  Gb  stm32f4xx_hal_tim.o [1]
HAL_TIM_Base_MspInit    0x08002b3b   0x24  Code  Gb  stm32f4xx_hal_msp.o [1]
HAL_TIM_ConfigClockSource
                        0x08008a33   0xfe  Code  Gb  stm32f4xx_hal_tim.o [1]
HAL_TIM_MspPostInit     0x08002b5f   0x4c  Code  Gb  stm32f4xx_hal_msp.o [1]
HAL_TIM_PWM_ConfigChannel
                        0x08008961   0xd2  Code  Gb  stm32f4xx_hal_tim.o [1]
HAL_TIM_PWM_Init        0x080088e7   0x32  Code  Gb  stm32f4xx_hal_tim.o [1]
HAL_TIM_PWM_MspInit     0x080099d1    0x2  Code  Wk  stm32f4xx_hal_tim.o [1]
HAL_TIM_PWM_Start       0x08008919   0x3e  Code  Gb  stm32f4xx_hal_tim.o [1]
HAL_UART_DMAStop        0x08005dcb   0x64  Code  Gb  stm32f4xx_hal_uart.o [1]
HAL_UART_ErrorCallback  0x080064d3   0x12  Code  Gb  sbus.o [1]
HAL_UART_IRQHandler     0x08005e2f  0x10c  Code  Gb  stm32f4xx_hal_uart.o [1]
HAL_UART_Init           0x08005c05   0x5e  Code  Gb  stm32f4xx_hal_uart.o [1]
HAL_UART_MspInit        0x08002bab   0xc2  Code  Gb  stm32f4xx_hal_msp.o [1]
HAL_UART_Receive_DMA    0x08005d33   0x98  Code  Gb  stm32f4xx_hal_uart.o [1]
HAL_UART_RxCpltCallback
                        0x080064e5   0x3e  Code  Gb  sbus.o [1]
HAL_UART_RxHalfCpltCallback
                        0x080067b1    0x2  Code  Wk  stm32f4xx_hal_uart.o [1]
HAL_UART_Transmit       0x08005c63   0xd0  Code  Gb  stm32f4xx_hal_uart.o [1]
HAL_UART_TxCpltCallback
                        0x080067b3    0x2  Code  Wk  stm32f4xx_hal_uart.o [1]
HEAP$$Base              0x200011d8          --   Gb  - Linker created -
HEAP$$Limit             0x200021d8          --   Gb  - Linker created -
I2C1_EV_IRQHandler      0x0800a7d7    0x4  Code  Gb  interrupt_mgr.o [1]
I2C_DMAAbort(__DMA_HandleTypeDef *)
                        0x080027fd   0x52  Code  Lc  stm32f4xx_hal_i2c.o [1]
I2C_ITError(I2C_HandleTypeDef *)
                        0x0800248f  0x12c  Code  Lc  stm32f4xx_hal_i2c.o [1]
I2C_Init                0x080081b9   0x2e  Code  Gb  i2c.o [1]
I2C_InterruptHandler    0x080081e7    0x6  Code  Gb  i2c.o [1]
I2C_IsAcknowledgeFailed(I2C_HandleTypeDef *)
                        0x08002a65   0x2a  Code  Lc  stm32f4xx_hal_i2c.o [1]
I2C_MasterReceive_BTF(I2C_HandleTypeDef *)
                        0x08001fa1   0xee  Code  Lc  stm32f4xx_hal_i2c.o [1]
I2C_MasterReceive_RXNE(I2C_HandleTypeDef *)
                        0x08001f19   0x88  Code  Lc  stm32f4xx_hal_i2c.o [1]
I2C_MasterTransmit_BTF(I2C_HandleTypeDef *)
                        0x08001e89   0x8c  Code  Lc  stm32f4xx_hal_i2c.o [1]
I2C_MasterTransmit_TXE(I2C_HandleTypeDef *)
                        0x08001d5d  0x128  Code  Lc  stm32f4xx_hal_i2c.o [1]
I2C_Master_ADD10(I2C_HandleTypeDef *)
                        0x08002113    0xc  Code  Lc  stm32f4xx_hal_i2c.o [1]
I2C_Master_ADDR(I2C_HandleTypeDef *)
                        0x0800211f  0x1a4  Code  Lc  stm32f4xx_hal_i2c.o [1]
I2C_Master_SB(I2C_HandleTypeDef *)
                        0x0800208f   0x84  Code  Lc  stm32f4xx_hal_i2c.o [1]
I2C_Read                0x08008223   0x38  Code  Gb  i2c.o [1]
I2C_RequestMemoryRead(I2C_HandleTypeDef *, unsigned short, unsigned short, unsigned short, unsigned int, unsigned int)
                        0x080026a1  0x152  Code  Lc  stm32f4xx_hal_i2c.o [1]
I2C_RequestMemoryWrite(I2C_HandleTypeDef *, unsigned short, unsigned short, unsigned short, unsigned int, unsigned int)
                        0x080025cd   0xcc  Code  Lc  stm32f4xx_hal_i2c.o [1]
I2C_SlaveReceive_BTF(I2C_HandleTypeDef *)
                        0x08002369   0x1c  Code  Lc  stm32f4xx_hal_i2c.o [1]
I2C_SlaveReceive_RXNE(I2C_HandleTypeDef *)
                        0x08002325   0x44  Code  Lc  stm32f4xx_hal_i2c.o [1]
I2C_SlaveTransmit_BTF(I2C_HandleTypeDef *)
                        0x08002309   0x1c  Code  Lc  stm32f4xx_hal_i2c.o [1]
I2C_SlaveTransmit_TXE(I2C_HandleTypeDef *)
                        0x080022c5   0x44  Code  Lc  stm32f4xx_hal_i2c.o [1]
I2C_Slave_ADDR(I2C_HandleTypeDef *)
                        0x08002385   0x24  Code  Lc  stm32f4xx_hal_i2c.o [1]
I2C_Slave_STOPF(I2C_HandleTypeDef *)
                        0x080023a9   0xe6  Code  Lc  stm32f4xx_hal_i2c.o [1]
I2C_WaitOnBTFFlagUntilTimeout(I2C_HandleTypeDef *, unsigned int, unsigned int)
                        0x080029b7   0x52  Code  Lc  stm32f4xx_hal_i2c.o [1]
I2C_WaitOnFlagUntilTimeout(I2C_HandleTypeDef *, unsigned int, FlagStatus, unsigned int, unsigned int)
                        0x0800284f   0x7e  Code  Lc  stm32f4xx_hal_i2c.o [1]
I2C_WaitOnMasterAddressFlagUntilTimeout(I2C_HandleTypeDef *, unsigned int, unsigned int, unsigned int)
                        0x080028cd   0x98  Code  Lc  stm32f4xx_hal_i2c.o [1]
I2C_WaitOnRXNEFlagUntilTimeout(I2C_HandleTypeDef *, unsigned int, unsigned int)
                        0x08002a09   0x5c  Code  Lc  stm32f4xx_hal_i2c.o [1]
I2C_WaitOnTXEFlagUntilTimeout(I2C_HandleTypeDef *, unsigned int, unsigned int)
                        0x08002965   0x52  Code  Lc  stm32f4xx_hal_i2c.o [1]
I2C_Write               0x080081ed   0x36  Code  Gb  i2c.o [1]
IMU::CalibrateSensorBias()
                        0x080091d1  0x13e  Code  Gb  IMU.o [1]
IMU::GetAccelData(FCSensorDataType *)
                        0x080090af   0x5a  Code  Gb  IMU.o [1]
IMU::GetCompassData(FCSensorDataType *)
                        0x08009109   0xc4  Code  Gb  IMU.o [1]
IMU::GetGyroData(FCSensorDataType *)
                        0x08008fc1   0xa8  Code  Gb  IMU.o [1]
IMU::GetInstance()      0x08008f5d   0x1a  Code  Gb  IMU.o [1]
IMU::GetInstance()::imu
                        0x20002774   0x84  Data  Lc  IMU.o [1]
IMU::GetInstance()::static guard for imu
                        0x20002770    0x1  Data  Lc  IMU.o [1]
IMU::GetRawGyroData(FCSensorDataType *)
                        0x08009069   0x46  Code  Gb  IMU.o [1]
IMU::IMU()              0x08008f21   0x3c  Code  Gb  IMU.o [1]
IMU::Init()             0x08008f77   0x2c  Code  Gb  IMU.o [1]
IMU::Start()            0x08008fa3   0x1e  Code  Gb  IMU.o [1]
InterruptMgr_RegisterSystickHandler(void (*)())
                        0x0800a7d1    0x6  Code  Gb  interrupt_mgr.o [1]
LED_Init                0x080069c1   0x36  Code  Gb  led.o [1]
LED_SetOn               0x080069f7   0x36  Code  Gb  led.o [1]
LEVEL_MAP               0x20000000    0x4  Data  Lc  logging.o [1]
LoadInt                 0x08003de7   0x6e  Code  Lc  xprintffull.o [3]
LogPrint(int, char const *, char const *, ...)
                        0x080067b5   0x4a  Code  Gb  logging.o [1]
MPU9250::GetMagSensitivityAdjData(float *)
                        0x08009def   0x6c  Code  Gb  MPU9250.o [1]
MPU9250::Init()         0x08009a35   0x4e  Code  Gb  MPU9250.o [1]
MPU9250::MPU9250()      0x080099d5   0x56  Code  Gb  MPU9250.o [1]
MPU9250::getAcceleration(short *, short *, short *)
                        0x08009bc1   0x42  Code  Gb  MPU9250.o [1]
MPU9250::getCompassDataReady()
                        0x08009dcb   0x24  Code  Gb  MPU9250.o [1]
MPU9250::getDeviceID()  0x08009c7b   0x1e  Code  Gb  MPU9250.o [1]
MPU9250::getMagData(short *, short *, short *)
                        0x08009d7d   0x4e  Code  Gb  MPU9250.o [1]
MPU9250::getRotation(short *, short *, short *)
                        0x08009c03   0x3e  Code  Gb  MPU9250.o [1]
MPU9250::setAccDLPFMode(unsigned char)
                        0x08009b83   0x3e  Code  Gb  MPU9250.o [1]
MPU9250::setBypassEnable(unsigned char)
                        0x08009c99   0x50  Code  Gb  MPU9250.o [1]
MPU9250::setClockSource(unsigned char)
                        0x08009c41   0x3a  Code  Gb  MPU9250.o [1]
MPU9250::setFullScaleAccelRange(unsigned char)
                        0x08009b25   0x5e  Code  Gb  MPU9250.o [1]
MPU9250::setFullScaleGyroRange(unsigned char)
                        0x08009abd   0x68  Code  Gb  MPU9250.o [1]
MPU9250::setGyroDLPFMode(unsigned char)
                        0x08009a83   0x3a  Code  Gb  MPU9250.o [1]
MPU9250::setMagContMeasMode(unsigned char)
                        0x08009d33   0x4a  Code  Gb  MPU9250.o [1]
MPU9250::setMagMeasOutputBit(unsigned char)
                        0x08009ce9   0x4a  Code  Gb  MPU9250.o [1]
MX_TIM1_Init()          0x080082cd  0x114  Code  Lc  pwm.o [1]
Madgwick::Madgwick()    0x08006b7d   0x22  Code  Gb  MadgwickAHRS.o [1]
Madgwick::begin(float)  0x08008ed5   0x10  Code  Gb  TestIMU.o [1]
Madgwick::computeAngles()
                        0x080070f1   0xd2  Code  Gb  MadgwickAHRS.o [1]
Madgwick::getPitchRadians()
                        0x08008ef9   0x14  Code  Gb  state_estimator.o [1]
Madgwick::getRollRadians()
                        0x08008ee5   0x14  Code  Gb  state_estimator.o [1]
Madgwick::getYawRadians()
                        0x08008f0d   0x14  Code  Gb  state_estimator.o [1]
Madgwick::invSqrt(float)
                        0x0800708d   0x58  Code  Gb  MadgwickAHRS.o [1]
Madgwick::updateIMU(float, float, float, float, float, float)
                        0x08006b9f  0x4ee  Code  Gb  MadgwickAHRS.o [1]
MainApp()               0x0800a675  0x104  Code  Gb  main_app.o [1]
MotorCtrl::GetInstance()
                        0x080095a5   0x10  Code  Gb  motor_ctrl.o [1]
MotorCtrl::GetInstance()::motorCtrl
                        0x20002a64    0x4  Data  Lc  motor_ctrl.o [1]
MotorCtrl::GetInstance()::static guard for motorCtrl
                        0x20002a60    0x1  Data  Lc  motor_ctrl.o [1]
MotorCtrl::OutputMotor(float, float, float, float)
                        0x080095b5   0xf6  Code  Gb  motor_ctrl.o [1]
NVIC_EnableIRQ(IRQn_Type)
                        0x08003531   0x12  Code  Lc  stm32f4xx_hal_cortex.o [1]
NVIC_EncodePriority(unsigned int, unsigned int, unsigned int)
                        0x0800355d   0x36  Code  Lc  stm32f4xx_hal_cortex.o [1]
NVIC_GetPriorityGrouping()
                        0x08003527    0xa  Code  Lc  stm32f4xx_hal_cortex.o [1]
NVIC_SetPriority(IRQn_Type, unsigned int)
                        0x08003543   0x1a  Code  Lc  stm32f4xx_hal_cortex.o [1]
NVIC_SetPriorityGrouping(unsigned int)
                        0x0800350d   0x1a  Code  Lc  stm32f4xx_hal_cortex.o [1]
OnCoreTimerTick()       0x0800a615   0x60  Code  Lc  main_app.o [1]
PID::Compute()          0x08009f43   0xc8  Code  Gb  PID.o [1]
PID::Initialize()       0x0800a15d   0x2e  Code  Gb  PID.o [1]
PID::PID(float *, float *, float *, float, float, float, int, int)
                        0x08009f05   0x3e  Code  Gb  PID.o [1]
PID::SetControllerDirection(int)
                        0x0800a18b   0x2e  Code  Gb  PID.o [1]
PID::SetMode(int)       0x0800a137   0x26  Code  Gb  PID.o [1]
PID::SetOutputLimits(float, float)
                        0x0800a0e1   0x56  Code  Gb  PID.o [1]
PID::SetSampleTime(int)
                        0x0800a0a7   0x3a  Code  Gb  PID.o [1]
PID::SetTunings(float, float, float)
                        0x0800a099    0xe  Code  Gb  PID.o [1]
PID::SetTunings(float, float, float, int)
                        0x0800a00b   0x84  Code  Gb  PID.o [1]
PWM_Init                0x080083e1   0x32  Code  Gb  pwm.o [1]
PWM_SetDutyCycle        0x0800843d   0x2c  Code  Gb  pwm.o [1]
PWM_Start               0x08008413   0x28  Code  Gb  pwm.o [1]
PendSV_Handler          0x0800a7e5    0x2  Code  Gb  interrupt_mgr.o [1]
PingPongBuffer_DeInit(PPBufferType *)
                        0x08006873   0x26  Code  Gb  ping_pong_buffer.o [1]
PingPongBuffer_Init(unsigned int)
                        0x08006815   0x5e  Code  Gb  ping_pong_buffer.o [1]
PingPongBuffer_Read(PPBufferType *, uint8_t *, uint32_t *)::__func__
                        0x08006984   0x14  Data  Lc  ping_pong_buffer.o [1]
PingPongBuffer_Read(PPBufferType *, unsigned char *, unsigned int *)
                        0x080068e1   0x54  Code  Gb  ping_pong_buffer.o [1]
PingPongBuffer_Write(PPBufferType *, uint8_t const *, uint32_t)::__func__
                        0x08006958   0x18  Data  Lc  ping_pong_buffer.o [1]
PingPongBuffer_Write(PPBufferType *, unsigned char const *, unsigned int)
                        0x08006899   0x48  Code  Gb  ping_pong_buffer.o [1]
ProductInit()           0x08007b8b   0x7e  Code  Lc  DeviceCtrl.o [1]
ProductStart()          0x08007c09   0x24  Code  Lc  DeviceCtrl.o [1]
Receiver::GetCmd(FCCmdType &)
                        0x080098dd   0xbc  Code  Gb  receiver.o [1]
Receiver::GetInstance()
                        0x080098c5   0x10  Code  Gb  receiver.o [1]
Receiver::GetInstance()::receiver
                        0x20002a6c    0x4  Data  Lc  receiver.o [1]
Receiver::GetInstance()::static guard for receiver
                        0x20002a68    0x1  Data  Lc  receiver.o [1]
Receiver::Init()        0x080098d5    0x4  Code  Gb  receiver.o [1]
Receiver::Start()       0x080098d9    0x4  Code  Gb  receiver.o [1]
Region$$Table$$Base     0x0800a900          --   Gb  - Linker created -
Region$$Table$$Limit    0x0800a920          --   Gb  - Linker created -
SBUS_DMAInterruptHandler
                        0x080064cd    0x6  Code  Gb  sbus.o [1]
SBUS_Init               0x08006523   0x44  Code  Gb  sbus.o [1]
SBUS_InterruptHandler   0x0800649f   0x2e  Code  Gb  sbus.o [1]
SBUS_Read               0x080065af  0x16a  Code  Gb  sbus.o [1]
SBUS_Start              0x08006567   0x48  Code  Gb  sbus.o [1]
SVC_Handler             0x0800a7e3    0x2  Code  Gb  interrupt_mgr.o [1]
SensorReader::GetInstance()
                        0x0800851d   0x10  Code  Gb  sensor_reader.o [1]
SensorReader::GetInstance()::sensorReader
                        0x20002a54    0xc  Data  Lc  sensor_reader.o [1]
SensorReader::GetInstance()::static guard for sensorReader
                        0x20002a50    0x1  Data  Lc  sensor_reader.o [1]
SensorReader::GetSensorMeas(FCSensorMeasType &)
                        0x08008591   0x1e  Code  Gb  sensor_reader.o [1]
SensorReader::Init()    0x08008531   0x60  Code  Gb  sensor_reader.o [1]
StateEstimator::EstimateState(FCSensorMeasType &)
                        0x080084d5   0x46  Code  Gb  state_estimator.o [1]
StateEstimator::GetInstance()
                        0x080084ad   0x18  Code  Gb  state_estimator.o [1]
StateEstimator::GetInstance()::stateEstimator
                        0x20002968   0x40  Data  Lc  state_estimator.o [1]
StateEstimator::GetInstance()::static guard for stateEstimator
                        0x20002964    0x1  Data  Lc  state_estimator.o [1]
StateEstimator::Init()  0x080084d1    0x4  Code  Gb  state_estimator.o [1]
StateEstimator::StateEstimator()
                        0x08008491   0x1c  Code  Gb  state_estimator.o [1]
SysTick_Config(unsigned int)
                        0x08003593   0x28  Code  Lc  stm32f4xx_hal_cortex.o [1]
SysTick_Handler         0x0800a7e7   0x16  Code  Gb  interrupt_mgr.o [1]
SystemClock_Config()    0x08007865   0xac  Code  Lc  DeviceCtrl.o [1]
SystemCoreClock         0x200000d4    0x4  Data  Gb  system_stm32f4xx.o [1]
SystemInit              0x0800a811   0x30  Code  Gb  system_stm32f4xx.o [1]
TIM_Base_SetConfig      0x08008b33   0xc8  Code  Gb  stm32f4xx_hal_tim.o [1]
TIM_CCxChannelCmd       0x08008c5f   0x1a  Code  Gb  stm32f4xx_hal_tim.o [1]
TIM_ETR_SetConfig(TIM_TypeDef *, unsigned int, unsigned int, unsigned int)
                        0x08008e17   0x16  Code  Lc  stm32f4xx_hal_tim.o [1]
TIM_ITRx_SetConfig(TIM_TypeDef *, unsigned short)
                        0x08008e07   0x10  Code  Lc  stm32f4xx_hal_tim.o [1]
TIM_OC1_SetConfig(TIM_TypeDef *, TIM_OC_InitTypeDef *)
                        0x08008c7b   0x5c  Code  Lc  stm32f4xx_hal_tim.o [1]
TIM_OC2_SetConfig       0x08008bfb   0x64  Code  Gb  stm32f4xx_hal_tim.o [1]
TIM_OC3_SetConfig(TIM_TypeDef *, TIM_OC_InitTypeDef *)
                        0x08008cd7   0x62  Code  Lc  stm32f4xx_hal_tim.o [1]
TIM_OC4_SetConfig(TIM_TypeDef *, TIM_OC_InitTypeDef *)
                        0x08008d39   0x52  Code  Lc  stm32f4xx_hal_tim.o [1]
TIM_TI1_ConfigInputStage(TIM_TypeDef *, unsigned int, unsigned int)
                        0x08008dbd   0x24  Code  Lc  stm32f4xx_hal_tim.o [1]
TIM_TI2_ConfigInputStage(TIM_TypeDef *, unsigned int, unsigned int)
                        0x08008de1   0x26  Code  Lc  stm32f4xx_hal_tim.o [1]
ToArm(FCCmdType &)      0x0800a5e1   0x34  Code  Lc  main_app.o [1]
UART_DMAAbortOnError(__DMA_HandleTypeDef *)
                        0x08006069    0xc  Code  Lc  stm32f4xx_hal_uart.o [1]
UART_DMAError(__DMA_HandleTypeDef *)
                        0x08005f7d   0x56  Code  Lc  stm32f4xx_hal_uart.o [1]
UART_DMAReceiveCplt(__DMA_HandleTypeDef *)
                        0x08005f3d   0x38  Code  Lc  stm32f4xx_hal_uart.o [1]
UART_DMARxHalfCplt(__DMA_HandleTypeDef *)
                        0x08005f75    0x6  Code  Lc  stm32f4xx_hal_uart.o [1]
UART_EndRxTransfer(UART_HandleTypeDef *)
                        0x0800604b   0x1c  Code  Lc  stm32f4xx_hal_uart.o [1]
UART_EndTransmit_IT(UART_HandleTypeDef *)
                        0x080060d7   0x1a  Code  Lc  stm32f4xx_hal_uart.o [1]
UART_EndTxTransfer(UART_HandleTypeDef *)
                        0x08006039   0x12  Code  Lc  stm32f4xx_hal_uart.o [1]
UART_Init               0x08006aa1   0x3e  Code  Gb  uart.o [1]
UART_Init()             0x08006425   0x7a  Code  Lc  sbus.o [1]
UART_Receive_IT(UART_HandleTypeDef *)
                        0x080060f1   0x8e  Code  Lc  stm32f4xx_hal_uart.o [1]
UART_Send               0x08006adf    0xe  Code  Gb  uart.o [1]
UART_SetConfig(UART_HandleTypeDef *)
                        0x0800617f  0x26c  Code  Lc  stm32f4xx_hal_uart.o [1]
UART_Transmit_IT(UART_HandleTypeDef *)
                        0x08006075   0x62  Code  Lc  stm32f4xx_hal_uart.o [1]
UART_WaitOnFlagUntilTimeout(UART_HandleTypeDef *, unsigned int, FlagStatus, unsigned int, unsigned int)
                        0x08005fd3   0x66  Code  Lc  stm32f4xx_hal_uart.o [1]
USART6_IRQHandler       0x0800a7df    0x4  Code  Gb  interrupt_mgr.o [1]
Util_Constrain(float, float, float, float, float)
                        0x0800a581   0x60  Code  Gb  util.o [1]
VelController::VelController(int)
                        0x080093c9   0x6e  Code  Gb  controller_vel.o [1]
_EncodingSb_Mbtowc      0x080052cf   0x30  Code  Gb  xencoding_sb.o [3]
_EncodingSb_Mbtowc::initial
                        0x0800530c    0x8  Data  Lc  xencoding_sb.o [3]
_EncodingSb_Wctomb      0x080052b5   0x1a  Code  Gb  xencoding_sb.o [3]
_EncodingSb_Wctomb::initial
                        0x08005304    0x8  Data  Lc  xencoding_sb.o [3]
_GenldFull              0x0800466d  0x254  Code  Lc  xprintffull.o [3]
_IsdstStr               0x20000168    0x4  Data  Gb  setlocale.o [3]
_LdtobFull              0x0800426d  0x3fa  Code  Lc  xprintffull.o [3]
_LitobFull              0x08004161  0x10a  Code  Lc  xprintffull.o [3]
_LocaleEncoding         0x080052a1    0xe  Code  Gb  setlocale.o [3]
_LocaleReturnString     0x20000188   0x50  Data  Lc  setlocale.o [3]
_Locale_Profile         0x2000016c   0x1c  Data  Gb  setlocale.o [3]
_Locale_aeabi_lconv     0x2000012c   0x38  Data  Gb  localeconv.o [3]
_Locale_lconv           0x200000dc   0x50  Data  Gb  localeconv.o [3]
_Mbtowc                 0x0800490b   0x20  Code  Gb  xmbtowc.o [3]
_PrintfFull             0x08003771  0x660  Code  Gb  xprintffull.o [3]
_PutcharsFull           0x080048c1   0x2e  Code  Lc  xprintffull.o [3]
_PutstrFull             0x08003e55  0x306  Code  Lc  xprintffull.o [3]
_SNProut                0x080016a7   0x1a  Code  Gb  xsnprout.o [3]
_SProut                 0x08002a8f    0xa  Code  Gb  xsprout.o [3]
_TzoneStr               0x20000164    0x4  Data  Gb  setlocale.o [3]
_Wctomb                 0x080049df   0x1a  Code  Gb  xwctomb.o [3]
__aeabi_cdcmple         0x08004ab5         Code  Gb  DblCmpLe.o [5]
__aeabi_cdrcmple        0x08004ae5         Code  Gb  DblCmpGe.o [5]
__aeabi_cfcmpeq         0x08007409         Code  Gb  FltCmpEq.o [5]
__aeabi_cfcmple         0x080075a1         Code  Gb  FltCmpLe.o [5]
__aeabi_cfrcmple        0x08007835         Code  Gb  FltCmpGe.o [5]
__aeabi_d2f             0x0800a205         Code  Gb  DblToFlt.o [5]
__aeabi_d2iz            0x08004c21         Code  Gb  DblToI32.o [5]
__aeabi_d2uiz           0x08004c4d         Code  Gb  DblToI32.o [5]
__aeabi_dadd            0x08005315         Code  Gb  DblAdd.o [5]
__aeabi_ddiv            0x08004fcd         Code  Gb  DblDiv.o [5]
__aeabi_dmul            0x08004e29         Code  Gb  DblMul.o [5]
__aeabi_dsub            0x08004ca9         Code  Gb  DblSub.o [5]
__aeabi_errno_addr      0x08007829    0x6  Code  Gb  errno.o [3]
__aeabi_f2d             0x08009eb5         Code  Gb  FltToDbl.o [5]
__aeabi_f2iz            0x0800a1b9         Code  Gb  FltToS32.o [5]
__aeabi_fadd            0x08007385         Code  Gb  FltAdd.o [5]
__aeabi_fdiv            0x080075c5         Code  Gb  FltDiv.o [5]
__aeabi_fmul            0x080071c5         Code  Gb  FltMul.o [5]
__aeabi_fsub            0x0800729d         Code  Gb  FltSub.o [5]
__aeabi_i2d             0x08004c79         Code  Gb  I32ToDbl.o [5]
__aeabi_i2f             0x08009e81         Code  Gb  I32ToFlt.o [5]
__aeabi_ldiv0           0x0800376d         Code  Gb  I64DivZer.o [6]
__aeabi_memclr4         0x08003305         Code  Gb  ABImemclr4.o [6]
__aeabi_memset          0x08006b15         Code  Gb  ABImemset.o [6]
__aeabi_memset4         0x08003731         Code  Gb  ABImemset48.o [6]
__aeabi_memset8         0x08003731         Code  Gb  ABImemset48.o [6]
__aeabi_ui2d            0x08004c8d         Code  Gb  I32ToDbl.o [5]
__aeabi_ui2f            0x08009e95         Code  Gb  I32ToFlt.o [5]
__aeabi_uldivmod        0x08003641         Code  Gb  I64DivMod.o [6]
__cmain                 0x0800a921         Code  Gb  cmain.o [6]
__data_GetMemChunk      0x080016c1   0x2c  Code  Gb  xgetmemchunk.o [3]
__data_GetMemChunk::start
                        0x20002a74    0x4  Data  Lc  xgetmemchunk.o [3]
__exit                  0x080016ed   0x14  Code  Gb  exit.o [7]
__iar_Dnorm             0x08004a6f   0x44  Code  Gb  xdnorm.o [5]
__iar_Dscale            0x08004b15  0x10c  Code  Gb  xdscale.o [5]
__iar_Errno             0x200000d8    0x4  Data  Gb  errno.o [3]
__iar_FAtan             0x080076c1   0xb4  Code  Gb  xfatan.o [5]
__iar_Locale_lconv_init
                        0x08005225   0x3a  Code  Gb  localeconv.o [3]
__iar_Mbcurmax          0x080049d5    0xa  Code  Gb  xmbcurmax.o [3]
__iar_Memchr            0x0800497d         Code  Gb  memchr.o [6]
__iar_Memset            0x08006b15         Code  Gb  ABImemset.o [6]
__iar_Memset4_word      0x08003739         Code  Gb  ABImemset48.o [6]
__iar_Memset8_word      0x08003739         Code  Gb  ABImemset48.o [6]
__iar_Memset_word       0x08006b1d         Code  Gb  ABImemset.o [6]
__iar_Strchr            0x0800492d         Code  Gb  strchr.o [6]
__iar_d2uiz             0x08004c59         Code  Gb  DblToI32.o [5]
__iar_dadd              0x08005329         Code  Gb  DblAdd.o [5]
__iar_data_init3        0x0800a8d9   0x28  Code  Gb  data_init.o [6]
__iar_dlfree            0x0800117f  0x51a  Code  Gb  dlmalloc.o [3]
__iar_dlib_perthread_access
                        0x080053fd    0x2  Code  Gb  xtls.o [3]
__iar_dlmalloc          0x08000ec9  0x2aa  Code  Gb  dlmalloc.o [3]
__iar_dsub              0x08004cbd         Code  Gb  DblSub.o [5]
__iar_dsubStart         0x08004ccf         Code  Gb  DblSub.o [5]
__iar_edom              0x08007859         Code  Gb  iarEdom.o [6]
__iar_fadd              0x08007395         Code  Gb  FltAdd.o [5]
__iar_fsub              0x080072ad         Code  Gb  FltSub.o [5]
__iar_fsubStart         0x080072bd         Code  Gb  FltSub.o [5]
__iar_packbits_init_single3
                        0x0800a8a1   0x38  Code  Gb  packbits_init_single.o [6]
__iar_program_start     0x0800a979         Code  Gb  cstartup_M.o [6]
__iar_sqrtf             0x080077b5         Code  Gb  sqrtf.o [5]
__iar_ui2d              0x08004c91         Code  Gb  I32ToDbl.o [5]
__iar_ui2f              0x08009e99         Code  Gb  I32ToFlt.o [5]
__iar_unaligned___aeabi_memcpy
                        0x080049f9         Code  Gb  ABImemcpy_unaligned.o [6]
__iar_unaligned___aeabi_memcpy4
                        0x08004a19         Code  Gb  ABImemcpy_unaligned.o [6]
__iar_unaligned___aeabi_memcpy8
                        0x08004a19         Code  Gb  ABImemcpy_unaligned.o [6]
__iar_zero_init3        0x0800a861   0x40  Code  Gb  zero_init3.o [6]
__low_level_init        0x0800a93b    0x4  Code  Gb  low_level_init.o [3]
__vector_table          0x08000000         Data  Gb  startup_stm32f429xx.o [1]
_call_main              0x0800a92d         Code  Gb  cmain.o [6]
_exit                   0x0800a95d         Code  Gb  cexit.o [6]
_gm_                    0x20002598  0x1d8  Data  Lc  dlmalloc.o [3]
_main                   0x0800a937         Code  Gb  cmain.o [6]
a                       0x08007794   0x20  Data  Lc  xfatan.o [5]
abort                   0x080016a1    0x6  Code  Gb  abort.o [3]
arm_cos_f32             0x0800a295   0x8c  Code  Gb  arm_cos_f32.o [4]
arm_mat_init_f32        0x0800a1fd    0x8  Code  Gb  arm_mat_init_f32.o [4]
arm_mat_mult_f32        0x0800a3c1  0x154  Code  Gb  arm_mat_mult_f32.o [4]
arm_sin_f32             0x0800a321   0xa0  Code  Gb  arm_sin_f32.o [4]
arm_sqrt_f32(float, float *)
                        0x080096e5   0x20  Code  Lc  controller_util.o [1]
asinf                   0x080074f1   0xb0  Code  Gb  asinf.o [5]
atan2f                  0x08007425   0xcc  Code  Gb  atan2f.o [5]
atanf                   0x0800a515   0x6c  Code  Gb  atanf.o [5]
div                     0x08005291    0xe  Code  Gb  div.o [3]
exit                    0x0800a957    0x4  Code  Gb  exit.o [3]
hdma_usart6_rx          0x2000285c   0x60  Data  Lc  sbus.o [1]
headerBuf               0x20000004   0x10  Data  Lc  logging.o [1]
hi2c1                   0x20002910   0x54  Data  Lc  i2c.o [1]
htim1                   0x200029e8   0x3c  Data  Lc  pwm.o [1]
huart3                  0x200029a8   0x40  Data  Lc  uart.o [1]
huart6                  0x20002818   0x40  Data  Lc  sbus.o [1]
init_mparams            0x080001c9   0x32  Code  Lc  dlmalloc.o [3]
init_top                0x080001fb   0x34  Code  Lc  dlmalloc.o [3]
localeconv              0x0800525f   0x16  Code  Gb  localeconv.o [3]
main                    0x0800a93f   0x18  Code  Gb  main.o [1]
memchr                  0x0800497d         Code  Gb  memchr.o [6]
mparams                 0x20002a24   0x18  Data  Lc  dlmalloc.o [3]
msgBuf                  0x20000014   0x80  Data  Lc  logging.o [1]
prepend_alloc           0x0800022f  0x372  Code  Lc  dlmalloc.o [3]
sArmed                  0x20000098    0x1  Data  Lc  main_app.o [1]
sControllerCnt          0x200000a8    0x4  Data  Lc  main_app.o [1]
sControllerFlag         0x20000096    0x1  Data  Lc  main_app.o [1]
sEstimateStateCnt       0x200000a4    0x4  Data  Lc  main_app.o [1]
sEstimateStateFlag      0x20000097    0x1  Data  Lc  main_app.o [1]
sListenCmdCnt           0x200000ac    0x4  Data  Lc  main_app.o [1]
sListenCmdFlag          0x20000095    0x1  Data  Lc  main_app.o [1]
sMatrixData_RotYawInv   0x200028bc   0x24  Data  Lc  controller_util.o [1]
sMatrix_RotYawInv       0x200028f8    0x8  Data  Lc  controller_util.o [1]
sMeas                   0x200000b0   0x18  Data  Lc  main_app.o [1]
sReadSensorCnt          0x200000a0    0x4  Data  Lc  main_app.o [1]
sReadSensorFlag         0x20000094    0x1  Data  Lc  main_app.o [1]
sRecBuffer              0x200027fc   0x1c  Data  Lc  sbus.o [1]
sRetryCnt               0x200027f9    0x1  Data  Lc  sbus.o [1]
sStarted                0x200027f8    0x1  Data  Lc  sbus.o [1]
sSystickHandler         0x20002a70    0x4  Data  Lc  interrupt_mgr.o [1]
sTimerCnt               0x2000009c    0x4  Data  Lc  main_app.o [1]
sVectorData_DesiredAtt  0x200028e0    0xc  Data  Lc  controller_util.o [1]
sVectorData_Temp        0x200028ec    0xc  Data  Lc  controller_util.o [1]
sVector_DesiredAtt      0x20002900    0x8  Data  Lc  controller_util.o [1]
sVector_Temp            0x20002908    0x8  Data  Lc  controller_util.o [1]
segment_holding         0x080001ad   0x1c  Code  Lc  dlmalloc.o [3]
sinTable_f32            0x08005400  0x804  Data  Gb  arm_common_tables.o [4]
snprintf                0x08006a5d   0x44  Code  Gb  snprintf.o [3]
spPPBuffer              0x20002858    0x4  Data  Lc  sbus.o [1]
sqrtf                   0x080077b5         Code  Gb  sqrtf.o [5]
strchr                  0x0800492d         Code  Gb  strchr.o [6]
strlen                  0x08004945         Code  Gb  strlen.o [6]
sys_alloc               0x080005a1  0x388  Code  Lc  dlmalloc.o [3]
tmalloc_large           0x08000935  0x380  Code  Lc  dlmalloc.o [3]
tmalloc_small           0x08000cb5  0x206  Code  Lc  dlmalloc.o [3]
uwTick                  0x200000cc    0x4  Data  Gb  stm32f4xx_hal.o [1]
uwTickFreq              0x200000c8    0x1  Data  Gb  stm32f4xx_hal.o [1]
uwTickPrio              0x200000d0    0x4  Data  Gb  stm32f4xx_hal.o [1]
vsprintf                0x08006a31   0x2c  Code  Gb  vsprintf.o [3]


[1] = D:\MyLife\work\UAV\Custom-Flight-Controller\FlightController\FlightController\EWARM\FlightController\Obj
[2] = command line
[3] = dl7M_tlf.a
[4] = iar_cortexM4l_math.a
[5] = m7M_tl.a
[6] = rt7M_tl.a
[7] = shb_l.a

  41 682 bytes of readonly  code memory
   2 143 bytes of readonly  data memory
  10 872 bytes of readwrite data memory

Errors: none
Warnings: none
