###############################################################################
#
# IAR ELF Linker V7.80.3.12102/W32 for ARM                10/Mar/2019  14:53:46
# Copyright 2007-2016 IAR Systems AB.
#
#    Output file  =  
#        D:\MyLife\work\UAV\Custom-Flight-Controller\FlightController\FlightController\EWARM\FlightController\Exe\FlightController.out
#    Map file     =  
#        D:\MyLife\work\UAV\Custom-Flight-Controller\FlightController\FlightController\EWARM\FlightController\List\FlightController.map
#    Command line =  
#        D:\MyLife\work\UAV\Custom-Flight-Controller\FlightController\FlightController\EWARM\FlightController\Obj\cmd_listener.o
#        D:\MyLife\work\UAV\Custom-Flight-Controller\FlightController\FlightController\EWARM\FlightController\Obj\controller.o
#        D:\MyLife\work\UAV\Custom-Flight-Controller\FlightController\FlightController\EWARM\FlightController\Obj\controller_att.o
#        D:\MyLife\work\UAV\Custom-Flight-Controller\FlightController\FlightController\EWARM\FlightController\Obj\controller_att_rate.o
#        D:\MyLife\work\UAV\Custom-Flight-Controller\FlightController\FlightController\EWARM\FlightController\Obj\controller_util.o
#        D:\MyLife\work\UAV\Custom-Flight-Controller\FlightController\FlightController\EWARM\FlightController\Obj\controller_vel.o
#        D:\MyLife\work\UAV\Custom-Flight-Controller\FlightController\FlightController\EWARM\FlightController\Obj\DeviceCtrl.o
#        D:\MyLife\work\UAV\Custom-Flight-Controller\FlightController\FlightController\EWARM\FlightController\Obj\i2c.o
#        D:\MyLife\work\UAV\Custom-Flight-Controller\FlightController\FlightController\EWARM\FlightController\Obj\IMU.o
#        D:\MyLife\work\UAV\Custom-Flight-Controller\FlightController\FlightController\EWARM\FlightController\Obj\interrupt_mgr.o
#        D:\MyLife\work\UAV\Custom-Flight-Controller\FlightController\FlightController\EWARM\FlightController\Obj\led.o
#        D:\MyLife\work\UAV\Custom-Flight-Controller\FlightController\FlightController\EWARM\FlightController\Obj\logging.o
#        D:\MyLife\work\UAV\Custom-Flight-Controller\FlightController\FlightController\EWARM\FlightController\Obj\MadgwickAHRS.o
#        D:\MyLife\work\UAV\Custom-Flight-Controller\FlightController\FlightController\EWARM\FlightController\Obj\main.o
#        D:\MyLife\work\UAV\Custom-Flight-Controller\FlightController\FlightController\EWARM\FlightController\Obj\main_app.o
#        D:\MyLife\work\UAV\Custom-Flight-Controller\FlightController\FlightController\EWARM\FlightController\Obj\motor_ctrl.o
#        D:\MyLife\work\UAV\Custom-Flight-Controller\FlightController\FlightController\EWARM\FlightController\Obj\MPU9250.o
#        D:\MyLife\work\UAV\Custom-Flight-Controller\FlightController\FlightController\EWARM\FlightController\Obj\PID.o
#        D:\MyLife\work\UAV\Custom-Flight-Controller\FlightController\FlightController\EWARM\FlightController\Obj\ping_pong_buffer.o
#        D:\MyLife\work\UAV\Custom-Flight-Controller\FlightController\FlightController\EWARM\FlightController\Obj\pwm.o
#        D:\MyLife\work\UAV\Custom-Flight-Controller\FlightController\FlightController\EWARM\FlightController\Obj\QKF.o
#        D:\MyLife\work\UAV\Custom-Flight-Controller\FlightController\FlightController\EWARM\FlightController\Obj\ringbuf.o
#        D:\MyLife\work\UAV\Custom-Flight-Controller\FlightController\FlightController\EWARM\FlightController\Obj\sbus.o
#        D:\MyLife\work\UAV\Custom-Flight-Controller\FlightController\FlightController\EWARM\FlightController\Obj\sensor_reader.o
#        D:\MyLife\work\UAV\Custom-Flight-Controller\FlightController\FlightController\EWARM\FlightController\Obj\startup_stm32f429xx.o
#        D:\MyLife\work\UAV\Custom-Flight-Controller\FlightController\FlightController\EWARM\FlightController\Obj\state_estimator.o
#        D:\MyLife\work\UAV\Custom-Flight-Controller\FlightController\FlightController\EWARM\FlightController\Obj\stm32f4xx_hal.o
#        D:\MyLife\work\UAV\Custom-Flight-Controller\FlightController\FlightController\EWARM\FlightController\Obj\stm32f4xx_hal_cortex.o
#        D:\MyLife\work\UAV\Custom-Flight-Controller\FlightController\FlightController\EWARM\FlightController\Obj\stm32f4xx_hal_dma.o
#        D:\MyLife\work\UAV\Custom-Flight-Controller\FlightController\FlightController\EWARM\FlightController\Obj\stm32f4xx_hal_dma_ex.o
#        D:\MyLife\work\UAV\Custom-Flight-Controller\FlightController\FlightController\EWARM\FlightController\Obj\stm32f4xx_hal_flash.o
#        D:\MyLife\work\UAV\Custom-Flight-Controller\FlightController\FlightController\EWARM\FlightController\Obj\stm32f4xx_hal_flash_ex.o
#        D:\MyLife\work\UAV\Custom-Flight-Controller\FlightController\FlightController\EWARM\FlightController\Obj\stm32f4xx_hal_flash_ramfunc.o
#        D:\MyLife\work\UAV\Custom-Flight-Controller\FlightController\FlightController\EWARM\FlightController\Obj\stm32f4xx_hal_gpio.o
#        D:\MyLife\work\UAV\Custom-Flight-Controller\FlightController\FlightController\EWARM\FlightController\Obj\stm32f4xx_hal_i2c.o
#        D:\MyLife\work\UAV\Custom-Flight-Controller\FlightController\FlightController\EWARM\FlightController\Obj\stm32f4xx_hal_i2c_ex.o
#        D:\MyLife\work\UAV\Custom-Flight-Controller\FlightController\FlightController\EWARM\FlightController\Obj\stm32f4xx_hal_msp.o
#        D:\MyLife\work\UAV\Custom-Flight-Controller\FlightController\FlightController\EWARM\FlightController\Obj\stm32f4xx_hal_pwr.o
#        D:\MyLife\work\UAV\Custom-Flight-Controller\FlightController\FlightController\EWARM\FlightController\Obj\stm32f4xx_hal_pwr_ex.o
#        D:\MyLife\work\UAV\Custom-Flight-Controller\FlightController\FlightController\EWARM\FlightController\Obj\stm32f4xx_hal_rcc.o
#        D:\MyLife\work\UAV\Custom-Flight-Controller\FlightController\FlightController\EWARM\FlightController\Obj\stm32f4xx_hal_rcc_ex.o
#        D:\MyLife\work\UAV\Custom-Flight-Controller\FlightController\FlightController\EWARM\FlightController\Obj\stm32f4xx_hal_tim.o
#        D:\MyLife\work\UAV\Custom-Flight-Controller\FlightController\FlightController\EWARM\FlightController\Obj\stm32f4xx_hal_tim_ex.o
#        D:\MyLife\work\UAV\Custom-Flight-Controller\FlightController\FlightController\EWARM\FlightController\Obj\stm32f4xx_hal_uart.o
#        D:\MyLife\work\UAV\Custom-Flight-Controller\FlightController\FlightController\EWARM\FlightController\Obj\stm32f4xx_it.o
#        D:\MyLife\work\UAV\Custom-Flight-Controller\FlightController\FlightController\EWARM\FlightController\Obj\system_stm32f4xx.o
#        D:\MyLife\work\UAV\Custom-Flight-Controller\FlightController\FlightController\EWARM\FlightController\Obj\TestIMU.o
#        D:\MyLife\work\UAV\Custom-Flight-Controller\FlightController\FlightController\EWARM\FlightController\Obj\uart.o
#        --redirect _Printf=_PrintfFull --redirect _Scanf=_ScanfFull -o
#        D:\MyLife\work\UAV\Custom-Flight-Controller\FlightController\FlightController\EWARM\FlightController\Exe\FlightController.out
#        --map
#        D:\MyLife\work\UAV\Custom-Flight-Controller\FlightController\FlightController\EWARM\FlightController\List\FlightController.map
#        --config
#        D:\MyLife\work\UAV\Custom-Flight-Controller\FlightController\FlightController\EWARM/stm32f429xx_flash.icf
#        --semihosting --entry __iar_program_start
#        E:\software\IAR\arm\CMSIS\Lib\IAR\iar_cortexM4lf_math.a --vfe
#
###############################################################################

*******************************************************************************
*** RUNTIME MODEL ATTRIBUTES
***

CppFlavor                     = *
__CPP_Language                = EC++
__Heap_Handler                = DLMalloc
__SystemLibrary               = DLib
__dlib_dynamic_initialization = normal


*******************************************************************************
*** PLACEMENT SUMMARY
***

"A0":  place at 0x08000000 { ro section .intvec };
"P1":  place in [from 0x08000000 to 0x081fffff] { ro };
"P2":  place in [from 0x20000000 to 0x2002ffff] { rw, block CSTACK, block HEAP };
initialize by copy { rw };

  Section             Kind        Address    Size  Object
  -------             ----        -------    ----  ------
"A0":                                       0x1ac
  .intvec             ro code  0x08000000   0x1ac  startup_stm32f429xx.o [1]
                             - 0x080001ac   0x1ac

"P1":                                      0x7416
  .text               ro code  0x080001ac  0x14f4  dlmalloc.o [3]
  .text               ro code  0x080016a0     0x6  abort.o [3]
  .text               ro code  0x080016a6    0x1a  xsnprout.o [3]
  .text               ro code  0x080016c0    0x2c  xgetmemchunk.o [3]
  .text               ro code  0x080016ec    0x14  exit.o [8]
  .text               ro code  0x08001700  0x119a  xprintffull.o [3]
  .text               ro code  0x0800289a    0x20  xmbtowc.o [3]
  .text               ro code  0x080028ba     0xa  xsprout.o [3]
  .text               ro code  0x080028c4    0x16  strchr.o [7]
  .text               ro code  0x080028dc    0x36  strlen.o [7]
  .text               ro code  0x08002914    0x58  memchr.o [7]
  .text               ro code  0x0800296c     0xa  xmbcurmax.o [3]
  .text               ro code  0x08002976    0x1a  xwctomb.o [3]
  .text               ro code  0x08002990    0x76  ABImemcpy_unaligned.o [7]
  .text               ro code  0x08002a08    0xee  I64DivMod.o [7]
  .text               ro code  0x08002af6    0x44  xdnorm.o [6]
  .text               ro code  0x08002b3c    0x2e  DblCmpLe.o [6]
  .text               ro code  0x08002b6c    0x2e  DblCmpGe.o [6]
  .text               ro code  0x08002b9c   0x114  xdscale.o [6]
  .text               ro code  0x08002cb0    0x58  DblToI32.o [6]
  .text               ro code  0x08002d08    0x30  I32ToDbl.o [6]
  .text               ro code  0x08002d38   0x180  DblSub.o [6]
  .text               ro code  0x08002eb8   0x1a2  DblMul.o [6]
  .text               ro code  0x0800305c   0x256  DblDiv.o [6]
  .text               ro code  0x080032b4    0x6c  localeconv.o [3]
  .text               ro code  0x08003320     0xe  div.o [3]
  .text               ro code  0x08003330    0x14  setlocale.o [3]
  .text               ro code  0x08003344    0x60  xencoding_sb.o [3]
  .text               ro code  0x080033a4     0x2  I64DivZer.o [7]
  .text               ro code  0x080033a8    0xd4  DblAdd.o [6]
  .text               ro code  0x0800347c     0x2  xtls.o [3]
  .text               ro code  0x08003480   0xb06  stm32f4xx_hal_i2c.o [1]
  .text               ro code  0x08003f88   0x200  stm32f4xx_hal_msp.o [1]
  .text               ro code  0x08004188   0x1bc  stm32f4xx_hal_rcc.o [1]
  .text               ro code  0x08004344     0x2  stm32f4xx_hal_i2c.o [1]
  .text               ro code  0x08004346     0x2  stm32f4xx_hal_i2c.o [1]
  .text               ro code  0x08004348     0x2  stm32f4xx_hal_i2c.o [1]
  .text               ro code  0x0800434a     0x2  stm32f4xx_hal_i2c.o [1]
  .text               ro code  0x0800434c     0x2  stm32f4xx_hal_i2c.o [1]
  .text               ro code  0x0800434e     0x2  stm32f4xx_hal_i2c.o [1]
  .text               ro code  0x08004350     0x2  stm32f4xx_hal_i2c.o [1]
  .text               ro code  0x08004352     0x2  stm32f4xx_hal_i2c.o [1]
  .text               ro code  0x08004354   0x490  stm32f4xx_hal_dma.o [1]
  .text               ro code  0x080047e4     0x2  stm32f4xx_hal_i2c.o [1]
  .text               ro code  0x080047e6     0x2  stm32f4xx_hal_i2c.o [1]
  .text               ro code  0x080047e8     0x6  ABImemclr4.o [7]
  .text               ro code  0x080047f0   0x200  stm32f4xx_hal_gpio.o [1]
  .text               ro code  0x080049f0    0xec  stm32f4xx_hal_cortex.o [1]
  .text               ro code  0x08004adc     0xc  stm32f4xx_hal.o [1]
  .text               ro code  0x08004ae8    0x48  stm32f4xx_hal.o [1]
  .text               ro code  0x08004b30    0x3a  ABImemset48.o [7]
  .text               ro code  0x08004b6c   0x7f4  stm32f4xx_hal_uart.o [1]
  .text               ro code  0x08005360   0x4d4  sbus.o [1]
  .text               ro code  0x08005834     0x2  stm32f4xx_hal_uart.o [1]
  .text               ro code  0x08005836     0x2  stm32f4xx_hal_uart.o [1]
  .text               ro code  0x08005838    0x8c  logging.o [1]
  .text               ro code  0x080058c4    0x70  led.o [1]
  .text               ro code  0x08005934   0x184  ping_pong_buffer.o [1]
  .text               ro code  0x08005ab8    0x28  stm32f4xx_hal.o [1]
  .text               ro code  0x08005ae0    0x2c  vsprintf.o [3]
  .text               ro code  0x08005b0c    0x44  snprintf.o [3]
  .text               ro code  0x08005b50    0x74  uart.o [1]
  .text               ro code  0x08005bc4    0x66  ABImemset.o [7]
  .text               ro code  0x08005c2c   0x578  stm32f4xx_hal_tim.o [1]
  .text               ro code  0x080061a4     0x2  stm32f4xx_hal_tim.o [1]
  .text               ro code  0x080061a8   0x4e8  DeviceCtrl.o [1]
  .text               ro code  0x08006690   0x2f0  stm32f4xx_hal_rcc.o [1]
  .text               ro code  0x08006980    0x6c  stm32f4xx_hal_pwr_ex.o [1]
  .text               ro code  0x080069ec    0x34  stm32f4xx_hal.o [1]
  .text               ro code  0x08006a20    0x40  i2c.o [1]
  .text               ro code  0x08006a60   0x1ac  pwm.o [1]
  .text               ro code  0x08006c0c    0xa8  stm32f4xx_hal_tim_ex.o [1]
  .text               ro code  0x08006cb4   0x19c  PID.o [1]
  .text               ro code  0x08006e50    0xec  TestIMU.o [1]
  .text               ro code  0x08006f3c    0x98  cmd_listener.o [1]
  .text               ro code  0x08006fd4    0x4e  FltToDbl.o [6]
  .text               ro code  0x08007024    0x80  controller.o [1]
  .text               ro code  0x080070a4    0x3a  controller_vel.o [1]
  .text               ro code  0x080070de    0x3a  controller_att.o [1]
  .text               ro code  0x08007118    0x3a  controller_att_rate.o [1]
  .text               ro code  0x08007154    0x14  motor_ctrl.o [1]
  .text               ro code  0x08007168    0x60  system_stm32f4xx.o [1]
  .text               ro code  0x080071c8    0x40  state_estimator.o [1]
  .text               ro code  0x08007208    0x28  MadgwickAHRS.o [1]
  .text               ro code  0x08007230     0xe  TestIMU.o [1]
  .text               ro code  0x0800723e    0x40  zero_init3.o [7]
  .text               ro code  0x0800727e    0x38  packbits_init_single.o [7]
  .text               ro code  0x080072b8    0x28  data_init.o [7]
  .text               ro code  0x080072e0    0x24  main_app.o [1]
  .text               ro code  0x08007304    0x14  sensor_reader.o [1]
  .text               ro code  0x08007318    0x22  fpinit_M.o [6]
  .iar.init_table     const    0x0800733c    0x24  - Linker created -
  .text               ro code  0x08007360    0x20  cmain_call_ctors.o [7]
  .text               ro code  0x08007380    0x18  cppinit.o [3]
  .text               ro code  0x08007398    0x1a  cmain.o [7]
  .text               ro code  0x080073b2     0x4  low_level_init.o [3]
  .text               ro code  0x080073b6    0x18  main.o [1]
  .text               ro code  0x080073ce     0x4  exit.o [3]
  .text               ro code  0x080073d4     0xa  cexit.o [7]
  .text               ro code  0x080073e0    0x10  startup_stm32f429xx.o [1]
  .text               ro code  0x080073f0    0x10  stm32f4xx_hal.o [1]
  .text               ro code  0x08007400     0xc  interrupt_mgr.o [1]
  .text               ro code  0x0800740c     0xc  cstartup_M.o [7]
  .rodata             const    0x08007418     0x8  system_stm32f4xx.o [1]
  .text               ro code  0x08007420     0x8  stm32f4xx_it.o [1]
  .text               ro code  0x08007428     0x4  startup_stm32f429xx.o [1]
  .text               ro code  0x0800742c     0x4  startup_stm32f429xx.o [1]
  .text               ro code  0x08007430     0x4  startup_stm32f429xx.o [1]
  .text               ro code  0x08007434     0x4  startup_stm32f429xx.o [1]
  .text               ro code  0x08007438     0x4  startup_stm32f429xx.o [1]
  .text               ro code  0x0800743c     0x4  startup_stm32f429xx.o [1]
  .text               ro code  0x08007440     0x4  startup_stm32f429xx.o [1]
  .text               ro code  0x08007444     0x4  startup_stm32f429xx.o [1]
  .text               ro code  0x08007448     0x4  startup_stm32f429xx.o [1]
  .text               ro code  0x0800744c     0x4  startup_stm32f429xx.o [1]
  .text               ro code  0x08007450     0x4  startup_stm32f429xx.o [1]
  .text               ro code  0x08007454     0x4  startup_stm32f429xx.o [1]
  .text               ro code  0x08007458     0x4  startup_stm32f429xx.o [1]
  .text               ro code  0x0800745c     0x4  startup_stm32f429xx.o [1]
  .text               ro code  0x08007460     0x4  startup_stm32f429xx.o [1]
  .text               ro code  0x08007464     0x4  startup_stm32f429xx.o [1]
  .text               ro code  0x08007468     0x4  startup_stm32f429xx.o [1]
  .text               ro code  0x0800746c     0x4  startup_stm32f429xx.o [1]
  .text               ro code  0x08007470     0x4  startup_stm32f429xx.o [1]
  .text               ro code  0x08007474     0x4  startup_stm32f429xx.o [1]
  .text               ro code  0x08007478     0x4  startup_stm32f429xx.o [1]
  .text               ro code  0x0800747c     0x4  startup_stm32f429xx.o [1]
  .text               ro code  0x08007480     0x4  startup_stm32f429xx.o [1]
  .text               ro code  0x08007484     0x4  startup_stm32f429xx.o [1]
  .text               ro code  0x08007488     0x4  startup_stm32f429xx.o [1]
  .text               ro code  0x0800748c     0x4  startup_stm32f429xx.o [1]
  .text               ro code  0x08007490     0x4  startup_stm32f429xx.o [1]
  .text               ro code  0x08007494     0x4  startup_stm32f429xx.o [1]
  .text               ro code  0x08007498     0x4  startup_stm32f429xx.o [1]
  .text               ro code  0x0800749c     0x4  startup_stm32f429xx.o [1]
  .text               ro code  0x080074a0     0x4  startup_stm32f429xx.o [1]
  .text               ro code  0x080074a4     0x4  startup_stm32f429xx.o [1]
  .text               ro code  0x080074a8     0x4  startup_stm32f429xx.o [1]
  .text               ro code  0x080074ac     0x4  startup_stm32f429xx.o [1]
  .text               ro code  0x080074b0     0x4  startup_stm32f429xx.o [1]
  .text               ro code  0x080074b4     0x4  startup_stm32f429xx.o [1]
  .text               ro code  0x080074b8     0x4  startup_stm32f429xx.o [1]
  .text               ro code  0x080074bc     0x4  startup_stm32f429xx.o [1]
  .text               ro code  0x080074c0     0x4  startup_stm32f429xx.o [1]
  .text               ro code  0x080074c4     0x4  startup_stm32f429xx.o [1]
  .text               ro code  0x080074c8     0x4  startup_stm32f429xx.o [1]
  .text               ro code  0x080074cc     0x4  startup_stm32f429xx.o [1]
  .text               ro code  0x080074d0     0x4  startup_stm32f429xx.o [1]
  .text               ro code  0x080074d4     0x4  startup_stm32f429xx.o [1]
  .text               ro code  0x080074d8     0x4  startup_stm32f429xx.o [1]
  .text               ro code  0x080074dc     0x4  startup_stm32f429xx.o [1]
  .text               ro code  0x080074e0     0x4  startup_stm32f429xx.o [1]
  .text               ro code  0x080074e4     0x4  startup_stm32f429xx.o [1]
  .text               ro code  0x080074e8     0x4  startup_stm32f429xx.o [1]
  .text               ro code  0x080074ec     0x4  startup_stm32f429xx.o [1]
  .text               ro code  0x080074f0     0x4  startup_stm32f429xx.o [1]
  .text               ro code  0x080074f4     0x4  startup_stm32f429xx.o [1]
  .text               ro code  0x080074f8     0x4  startup_stm32f429xx.o [1]
  .text               ro code  0x080074fc     0x4  startup_stm32f429xx.o [1]
  .text               ro code  0x08007500     0x4  startup_stm32f429xx.o [1]
  .text               ro code  0x08007504     0x4  startup_stm32f429xx.o [1]
  .text               ro code  0x08007508     0x4  startup_stm32f429xx.o [1]
  .text               ro code  0x0800750c     0x4  startup_stm32f429xx.o [1]
  .text               ro code  0x08007510     0x4  startup_stm32f429xx.o [1]
  .text               ro code  0x08007514     0x4  startup_stm32f429xx.o [1]
  .text               ro code  0x08007518     0x4  startup_stm32f429xx.o [1]
  .text               ro code  0x0800751c     0x4  startup_stm32f429xx.o [1]
  .text               ro code  0x08007520     0x4  startup_stm32f429xx.o [1]
  .text               ro code  0x08007524     0x4  startup_stm32f429xx.o [1]
  .text               ro code  0x08007528     0x4  startup_stm32f429xx.o [1]
  .text               ro code  0x0800752c     0x4  startup_stm32f429xx.o [1]
  .text               ro code  0x08007530     0x4  startup_stm32f429xx.o [1]
  .text               ro code  0x08007534     0x4  startup_stm32f429xx.o [1]
  .text               ro code  0x08007538     0x4  startup_stm32f429xx.o [1]
  .text               ro code  0x0800753c     0x4  startup_stm32f429xx.o [1]
  .text               ro code  0x08007540     0x4  startup_stm32f429xx.o [1]
  .text               ro code  0x08007544     0x4  startup_stm32f429xx.o [1]
  .text               ro code  0x08007548     0x4  startup_stm32f429xx.o [1]
  .text               ro code  0x0800754c     0x4  startup_stm32f429xx.o [1]
  .text               ro code  0x08007550     0x4  startup_stm32f429xx.o [1]
  .text               ro code  0x08007554     0x4  startup_stm32f429xx.o [1]
  .text               ro code  0x08007558     0x4  startup_stm32f429xx.o [1]
  .text               ro code  0x0800755c     0x4  startup_stm32f429xx.o [1]
  .text               ro code  0x08007560     0x4  startup_stm32f429xx.o [1]
  .text               ro code  0x08007564     0x4  startup_stm32f429xx.o [1]
  .text               ro code  0x08007568     0x4  startup_stm32f429xx.o [1]
  .text               ro code  0x0800756c     0x4  startup_stm32f429xx.o [1]
  .text               ro code  0x08007570     0x4  startup_stm32f429xx.o [1]
  .text               ro code  0x08007574     0x4  startup_stm32f429xx.o [1]
  .text               ro code  0x08007578     0x4  startup_stm32f429xx.o [1]
  .text               ro code  0x0800757c     0x4  startup_stm32f429xx.o [1]
  .text               ro code  0x08007580     0x4  startup_stm32f429xx.o [1]
  .text               ro code  0x08007584     0x4  startup_stm32f429xx.o [1]
  .text               ro code  0x08007588     0x4  startup_stm32f429xx.o [1]
  .text               ro code  0x0800758c     0x4  startup_stm32f429xx.o [1]
  .text               ro code  0x08007590     0x4  startup_stm32f429xx.o [1]
  .text               ro code  0x08007594     0x4  startup_stm32f429xx.o [1]
  .text               ro code  0x08007598     0x4  startup_stm32f429xx.o [1]
  SHT$$PREINIT_ARRAY           0x0800759c     0x0  <Block>
  SHT$$INIT_ARRAY              0x0800759c     0x4  <Block>
    .init_array       const    0x0800759c     0x4  main_app.o [1]
  .rodata             const    0x080075a0     0x0  zero_init3.o [7]
  .rodata             const    0x080075a0     0x0  packbits_init_single.o [7]
  Initializer bytes   const    0x080075a0    0x22  <for P2-1>
                             - 0x080075c2  0x7416

"P2", part 1 of 3:                          0x20c
  P2-1                         0x20000000   0x20c  <Init block>
    .data             inited   0x20000000    0x94  logging.o [1]
    .data             inited   0x20000094    0x6c  sbus.o [1]
    .data             inited   0x20000100     0xc  stm32f4xx_hal.o [1]
    .data             inited   0x2000010c     0x4  system_stm32f4xx.o [1]
    __DLIB_PERTHREAD  inited   0x20000110    0x88  localeconv.o [3]
    __DLIB_PERTHREAD  inited   0x20000198    0x74  setlocale.o [3]
                             - 0x2000020c   0x20c

"P2", part 2 of 3:                         0x2000
  CSTACK                       0x20000210  0x1000  <Block>
    CSTACK            uninit   0x20000210  0x1000  <Block tail>
  HEAP                         0x20001210  0x1000  <Block>
    HEAP              uninit   0x20001210  0x1000  <Block tail>
                             - 0x20002210  0x2000

"P2", part 3 of 3:                          0x758
  .bss                zero     0x20002210   0x398  controller.o [1]
  .bss                zero     0x200025a8   0x1d8  dlmalloc.o [3]
  .bss                zero     0x20002780    0x60  sbus.o [1]
  .bss                zero     0x200027e0    0x54  i2c.o [1]
  .bss                zero     0x20002834    0x44  state_estimator.o [1]
  .bss                zero     0x20002878    0x40  uart.o [1]
  .bss                zero     0x200028b8    0x3c  pwm.o [1]
  .bss                zero     0x200028f4    0x2c  main_app.o [1]
  .bss                zero     0x20002920    0x18  dlmalloc.o [3]
  .bss                zero     0x20002938    0x14  cmd_listener.o [1]
  .bss                zero     0x2000294c    0x10  sensor_reader.o [1]
  .bss                zero     0x2000295c     0x8  motor_ctrl.o [1]
  .bss                zero     0x20002964     0x4  xgetmemchunk.o [3]
                             - 0x20002968   0x758


*******************************************************************************
*** INIT TABLE
***

          Address     Size
          -------     ----
Zero (__iar_zero_init3)
    1 destination range, total size 0x758:
          0x20002210  0x758

Copy/packbits (__iar_packbits_init_single3)
    1 source range, total size 0x22 (6% of destination):
          0x080075a0   0x22
    1 destination range, total size 0x20c:
          0x20000000  0x20c

Extra (__iar_cstart_call_ctors)



*******************************************************************************
*** MODULE SUMMARY
***

    Module                  ro code  ro data  rw data
    ------                  -------  -------  -------
D:\MyLife\work\UAV\Custom-Flight-Controller\FlightController\FlightController\EWARM\FlightController\Obj: [1]
    DeviceCtrl.o              1 256
    MadgwickAHRS.o               40
    PID.o                       412
    TestIMU.o                   250
    cmd_listener.o              152                20
    controller.o                128               920
    controller_att.o             58
    controller_att_rate.o        58
    controller_vel.o             58
    i2c.o                        64                84
    interrupt_mgr.o              12
    led.o                       112
    logging.o                   140        9      148
    main.o                       24
    main_app.o                   36        4       44
    motor_ctrl.o                 20                 8
    ping_pong_buffer.o          388
    pwm.o                       428                60
    sbus.o                    1 236        7      204
    sensor_reader.o              20                16
    startup_stm32f429xx.o       816
    state_estimator.o            64                68
    stm32f4xx_hal.o             192        1       12
    stm32f4xx_hal_cortex.o      236
    stm32f4xx_hal_dma.o       1 168
    stm32f4xx_hal_gpio.o        512
    stm32f4xx_hal_i2c.o       2 842
    stm32f4xx_hal_msp.o         512
    stm32f4xx_hal_pwr_ex.o      108
    stm32f4xx_hal_rcc.o       1 196
    stm32f4xx_hal_tim.o       1 402
    stm32f4xx_hal_tim_ex.o      168
    stm32f4xx_hal_uart.o      2 040
    stm32f4xx_it.o                8
    system_stm32f4xx.o           96        8        4
    uart.o                      116                64
    -------------------------------------------------
    Total:                   16 368       29    1 652

command line: [2]
    -------------------------------------------------
    Total:

dl7M_tlf.a: [3]
    abort.o                       6
    cppinit.o                    24
    div.o                        14
    dlmalloc.o                5 364               496
    exit.o                        4
    localeconv.o                108        9      136
    low_level_init.o              4
    setlocale.o                  20        8      116
    snprintf.o                   68
    vsprintf.o                   44
    xencoding_sb.o               96
    xgetmemchunk.o               44                 4
    xmbcurmax.o                  10
    xmbtowc.o                    32
    xprintffull.o             4 506
    xsnprout.o                   26
    xsprout.o                    10
    xtls.o                        2
    xwctomb.o                    26
    -------------------------------------------------
    Total:                   10 408       17      752

dlpp7M_tl_fe.a: [4]
    -------------------------------------------------
    Total:

iar_cortexM4lf_math.a: [5]
    -------------------------------------------------
    Total:

m7M_tls.a: [6]
    DblAdd.o                    212
    DblCmpGe.o                   46
    DblCmpLe.o                   46
    DblDiv.o                    598
    DblMul.o                    418
    DblSub.o                    384
    DblToI32.o                   88
    FltToDbl.o                   78
    I32ToDbl.o                   48
    fpinit_M.o                   34
    xdnorm.o                     68
    xdscale.o                   276
    -------------------------------------------------
    Total:                    2 296

rt7M_tl.a: [7]
    ABImemclr4.o                  6
    ABImemcpy_unaligned.o       118
    ABImemset.o                 102
    ABImemset48.o                58
    I64DivMod.o                 238
    I64DivZer.o                   2
    cexit.o                      10
    cmain.o                      26
    cmain_call_ctors.o           32
    cstartup_M.o                 12
    data_init.o                  40
    memchr.o                     88
    packbits_init_single.o       56
    strchr.o                     22
    strlen.o                     54
    zero_init3.o                 64
    -------------------------------------------------
    Total:                      928

shb_l.a: [8]
    exit.o                       20
    -------------------------------------------------
    Total:                       20

    Gaps                         42        2
    Linker created                        36    8 192
-----------------------------------------------------
    Grand Total:             30 062       84   10 596


*******************************************************************************
*** ENTRY LIST
***

Entry                      Address   Size  Type      Object
-----                      -------   ----  ----      ------
.iar.init_table$$Base   0x0800733c          --   Gb  - Linker created -
.iar.init_table$$Limit  0x08007360          --   Gb  - Linker created -
?main                   0x08007399         Code  Gb  cmain.o [7]
AHBPrescTable           0x080071b8   0x10  Data  Gb  system_stm32f4xx.o [1]
APBPrescTable           0x08007418    0x8  Data  Gb  system_stm32f4xx.o [1]
AttController::AttController()
                        0x080070df   0x3a  Code  Gb  controller_att.o [1]
AttRateController::AttRateController()
                        0x08007119   0x3a  Code  Gb  controller_att_rate.o [1]
CSTACK$$Base            0x20000210          --   Gb  - Linker created -
CSTACK$$Limit           0x20001210          --   Gb  - Linker created -
CmdListener::GetCmd(FCCmdType &)
                        0x08006f51   0x5c  Code  Gb  cmd_listener.o [1]
CmdListener::GetInstance()
                        0x08006f3d   0x10  Code  Gb  cmd_listener.o [1]
CmdListener::GetInstance()::cmdListener
                        0x2000293c   0x10  Data  Lc  cmd_listener.o [1]
CmdListener::GetInstance()::static guard for cmdListener
                        0x20002938    0x1  Data  Lc  cmd_listener.o [1]
Controller::Controller()
                        0x08007025   0x60  Code  Gb  controller.o [1]
Controller::GetInstance()
                        0x08007085   0x18  Code  Gb  controller.o [1]
Controller::GetInstance()::controller
                        0x20002214  0x394  Data  Lc  controller.o [1]
Controller::GetInstance()::static guard for controller
                        0x20002210    0x1  Data  Lc  controller.o [1]
DMA2_Stream1_IRQHandler
                        0x08007405    0x4  Code  Gb  interrupt_mgr.o [1]
DMA_CalcBaseAndBitshift(DMA_HandleTypeDef *)::flagBitshiftOffset
                        0x080047dc    0x8  Data  Lc  stm32f4xx_hal_dma.o [1]
DMA_CalcBaseAndBitshift(__DMA_HandleTypeDef *)
                        0x0800473f   0x28  Code  Lc  stm32f4xx_hal_dma.o [1]
DMA_CheckFifoParam(__DMA_HandleTypeDef *)
                        0x08004769   0x72  Code  Lc  stm32f4xx_hal_dma.o [1]
DMA_Init()              0x08005361   0x2e  Code  Lc  sbus.o [1]
DMA_SetConfig(__DMA_HandleTypeDef *, unsigned int, unsigned int, unsigned int)
                        0x08004715   0x2a  Code  Lc  stm32f4xx_hal_dma.o [1]
DeviceGPIOInit()        0x0800625b  0x1b8  Code  Lc  DeviceCtrl.o [1]
DeviceInit()            0x08006439   0x58  Code  Gb  DeviceCtrl.o [1]
DriversInit()           0x08006491   0xc2  Code  Gb  DeviceCtrl.o [1]
HAL_DMA_Abort           0x0800448d   0x8a  Code  Gb  stm32f4xx_hal_dma.o [1]
HAL_DMA_Abort_IT        0x08004517   0x24  Code  Gb  stm32f4xx_hal_dma.o [1]
HAL_DMA_IRQHandler      0x0800453b  0x1ce  Code  Gb  stm32f4xx_hal_dma.o [1]
HAL_DMA_Init            0x08004355   0xc8  Code  Gb  stm32f4xx_hal_dma.o [1]
HAL_DMA_Start_IT        0x0800441d   0x70  Code  Gb  stm32f4xx_hal_dma.o [1]
HAL_Delay               0x08005ab9   0x28  Code  Wk  stm32f4xx_hal.o [1]
HAL_GPIO_Init           0x080047f1  0x1bc  Code  Gb  stm32f4xx_hal_gpio.o [1]
HAL_GPIO_WritePin       0x080049ad    0xe  Code  Gb  stm32f4xx_hal_gpio.o [1]
HAL_GetTick             0x08004add    0xc  Code  Wk  stm32f4xx_hal.o [1]
HAL_I2C_AbortCpltCallback
                        0x080047e5    0x2  Code  Wk  stm32f4xx_hal_i2c.o [1]
HAL_I2C_AddrCallback    0x08004351    0x2  Code  Wk  stm32f4xx_hal_i2c.o [1]
HAL_I2C_EV_IRQHandler   0x0800357d  0x13e  Code  Gb  stm32f4xx_hal_i2c.o [1]
HAL_I2C_ErrorCallback   0x080047e7    0x2  Code  Wk  stm32f4xx_hal_i2c.o [1]
HAL_I2C_Init            0x08003481   0xf4  Code  Gb  stm32f4xx_hal_i2c.o [1]
HAL_I2C_ListenCpltCallback
                        0x08004353    0x2  Code  Wk  stm32f4xx_hal_i2c.o [1]
HAL_I2C_MasterRxCpltCallback
                        0x0800434b    0x2  Code  Wk  stm32f4xx_hal_i2c.o [1]
HAL_I2C_MasterTxCpltCallback
                        0x08004345    0x2  Code  Wk  stm32f4xx_hal_i2c.o [1]
HAL_I2C_MemRxCpltCallback
                        0x08004349    0x2  Code  Wk  stm32f4xx_hal_i2c.o [1]
HAL_I2C_MemTxCpltCallback
                        0x08004347    0x2  Code  Wk  stm32f4xx_hal_i2c.o [1]
HAL_I2C_MspInit         0x08003fb9   0x72  Code  Gb  stm32f4xx_hal_msp.o [1]
HAL_I2C_SlaveRxCpltCallback
                        0x0800434f    0x2  Code  Wk  stm32f4xx_hal_i2c.o [1]
HAL_I2C_SlaveTxCpltCallback
                        0x0800434d    0x2  Code  Wk  stm32f4xx_hal_i2c.o [1]
HAL_IncTick             0x080073f1   0x10  Code  Wk  stm32f4xx_hal.o [1]
HAL_Init                0x080069ed   0x30  Code  Gb  stm32f4xx_hal.o [1]
HAL_InitTick            0x08004ae9   0x48  Code  Wk  stm32f4xx_hal.o [1]
HAL_MspInit             0x08003f89   0x30  Code  Gb  stm32f4xx_hal_msp.o [1]
HAL_NVIC_EnableIRQ      0x08004abf    0x2  Code  Gb  stm32f4xx_hal_cortex.o [1]
HAL_NVIC_SetPriority    0x08004aa1   0x1e  Code  Gb  stm32f4xx_hal_cortex.o [1]
HAL_NVIC_SetPriorityGrouping
                        0x08004a9f    0x2  Code  Gb  stm32f4xx_hal_cortex.o [1]
HAL_PWREx_EnableOverDrive
                        0x08006981   0x60  Code  Gb  stm32f4xx_hal_pwr_ex.o [1]
HAL_RCC_ClockConfig     0x08004189  0x10e  Code  Gb  stm32f4xx_hal_rcc.o [1]
HAL_RCC_GetHCLKFreq     0x08004297    0x6  Code  Gb  stm32f4xx_hal_rcc.o [1]
HAL_RCC_GetPCLK1Freq    0x0800429d   0x16  Code  Gb  stm32f4xx_hal_rcc.o [1]
HAL_RCC_GetPCLK2Freq    0x080042b3   0x16  Code  Gb  stm32f4xx_hal_rcc.o [1]
HAL_RCC_GetSysClockFreq
                        0x080042e1   0x64  Code  Wk  stm32f4xx_hal_rcc.o [1]
HAL_RCC_OscConfig       0x08006691  0x2f0  Code  Wk  stm32f4xx_hal_rcc.o [1]
HAL_SYSTICK_Config      0x08004ac1    0x2  Code  Gb  stm32f4xx_hal_cortex.o [1]
HAL_TIMEx_ConfigBreakDeadTime
                        0x08006c59   0x5c  Code  Gb  stm32f4xx_hal_tim_ex.o [1]
HAL_TIMEx_MasterConfigSynchronization
                        0x08006c0d   0x4c  Code  Gb  stm32f4xx_hal_tim_ex.o [1]
HAL_TIM_Base_Init       0x08005c2d   0x32  Code  Gb  stm32f4xx_hal_tim.o [1]
HAL_TIM_Base_MspInit    0x0800402b   0x24  Code  Gb  stm32f4xx_hal_msp.o [1]
HAL_TIM_ConfigClockSource
                        0x08005dab   0xfe  Code  Gb  stm32f4xx_hal_tim.o [1]
HAL_TIM_MspPostInit     0x0800404f   0x4c  Code  Gb  stm32f4xx_hal_msp.o [1]
HAL_TIM_PWM_ConfigChannel
                        0x08005cd9   0xd2  Code  Gb  stm32f4xx_hal_tim.o [1]
HAL_TIM_PWM_Init        0x08005c5f   0x32  Code  Gb  stm32f4xx_hal_tim.o [1]
HAL_TIM_PWM_MspInit     0x080061a5    0x2  Code  Wk  stm32f4xx_hal_tim.o [1]
HAL_TIM_PWM_Start       0x08005c91   0x3e  Code  Gb  stm32f4xx_hal_tim.o [1]
HAL_UART_DMAStop        0x08004d33   0x64  Code  Gb  stm32f4xx_hal_uart.o [1]
HAL_UART_ErrorCallback  0x0800543d   0x2e  Code  Gb  sbus.o [1]
HAL_UART_IRQHandler     0x08004d97  0x10c  Code  Gb  stm32f4xx_hal_uart.o [1]
HAL_UART_Init           0x08004b6d   0x5e  Code  Gb  stm32f4xx_hal_uart.o [1]
HAL_UART_MspInit        0x0800409b   0xc2  Code  Gb  stm32f4xx_hal_msp.o [1]
HAL_UART_Receive_DMA    0x08004c9b   0x98  Code  Gb  stm32f4xx_hal_uart.o [1]
HAL_UART_RxCpltCallback
                        0x0800546b   0x40  Code  Gb  sbus.o [1]
HAL_UART_RxHalfCpltCallback
                        0x08005835    0x2  Code  Wk  stm32f4xx_hal_uart.o [1]
HAL_UART_Transmit       0x08004bcb   0xd0  Code  Gb  stm32f4xx_hal_uart.o [1]
HAL_UART_TxCpltCallback
                        0x08005837    0x2  Code  Wk  stm32f4xx_hal_uart.o [1]
HEAP$$Base              0x20001210          --   Gb  - Linker created -
HEAP$$Limit             0x20002210          --   Gb  - Linker created -
I2C1_EV_IRQHandler      0x08007401    0x4  Code  Gb  interrupt_mgr.o [1]
I2C_DMAAbort(__DMA_HandleTypeDef *)
                        0x08003f35   0x52  Code  Lc  stm32f4xx_hal_i2c.o [1]
I2C_ITError(I2C_HandleTypeDef *)
                        0x08003deb  0x12c  Code  Lc  stm32f4xx_hal_i2c.o [1]
I2C_Init                0x08006a21   0x2e  Code  Gb  i2c.o [1]
I2C_InterruptHandler    0x08006a4f    0x6  Code  Gb  i2c.o [1]
I2C_MasterReceive_BTF(I2C_HandleTypeDef *)
                        0x080038fd   0xee  Code  Lc  stm32f4xx_hal_i2c.o [1]
I2C_MasterReceive_RXNE(I2C_HandleTypeDef *)
                        0x08003875   0x88  Code  Lc  stm32f4xx_hal_i2c.o [1]
I2C_MasterTransmit_BTF(I2C_HandleTypeDef *)
                        0x080037e5   0x8c  Code  Lc  stm32f4xx_hal_i2c.o [1]
I2C_MasterTransmit_TXE(I2C_HandleTypeDef *)
                        0x080036bd  0x128  Code  Lc  stm32f4xx_hal_i2c.o [1]
I2C_Master_ADD10(I2C_HandleTypeDef *)
                        0x08003a6f    0xc  Code  Lc  stm32f4xx_hal_i2c.o [1]
I2C_Master_ADDR(I2C_HandleTypeDef *)
                        0x08003a7b  0x1a4  Code  Lc  stm32f4xx_hal_i2c.o [1]
I2C_Master_SB(I2C_HandleTypeDef *)
                        0x080039eb   0x84  Code  Lc  stm32f4xx_hal_i2c.o [1]
I2C_SlaveReceive_BTF(I2C_HandleTypeDef *)
                        0x08003cc5   0x1c  Code  Lc  stm32f4xx_hal_i2c.o [1]
I2C_SlaveReceive_RXNE(I2C_HandleTypeDef *)
                        0x08003c81   0x44  Code  Lc  stm32f4xx_hal_i2c.o [1]
I2C_SlaveTransmit_BTF(I2C_HandleTypeDef *)
                        0x08003c65   0x1c  Code  Lc  stm32f4xx_hal_i2c.o [1]
I2C_SlaveTransmit_TXE(I2C_HandleTypeDef *)
                        0x08003c21   0x44  Code  Lc  stm32f4xx_hal_i2c.o [1]
I2C_Slave_ADDR(I2C_HandleTypeDef *)
                        0x08003ce1   0x24  Code  Lc  stm32f4xx_hal_i2c.o [1]
I2C_Slave_STOPF(I2C_HandleTypeDef *)
                        0x08003d05   0xe6  Code  Lc  stm32f4xx_hal_i2c.o [1]
LED_Init                0x080058c5   0x36  Code  Gb  led.o [1]
LED_SetOn               0x080058fb   0x36  Code  Gb  led.o [1]
LEVEL_MAP               0x20000000    0x4  Data  Lc  logging.o [1]
LoadInt                 0x08001d77   0x6e  Code  Lc  xprintffull.o [3]
LogPrint(int, char const *, char const *, ...)
                        0x08005839   0x4a  Code  Gb  logging.o [1]
MX_TIM1_Init()          0x08006a61  0x118  Code  Lc  pwm.o [1]
Madgwick::Madgwick()    0x08007209   0x22  Code  Gb  MadgwickAHRS.o [1]
Madgwick::begin(float)  0x08007231    0xe  Code  Gb  TestIMU.o [1]
MotorCtrl::GetInstance()
                        0x08007155   0x10  Code  Gb  motor_ctrl.o [1]
MotorCtrl::GetInstance()::motorCtrl
                        0x20002960    0x4  Data  Lc  motor_ctrl.o [1]
MotorCtrl::GetInstance()::static guard for motorCtrl
                        0x2000295c    0x1  Data  Lc  motor_ctrl.o [1]
NVIC_EnableIRQ(IRQn_Type)
                        0x08004a15   0x12  Code  Lc  stm32f4xx_hal_cortex.o [1]
NVIC_EncodePriority(unsigned int, unsigned int, unsigned int)
                        0x08004a41   0x36  Code  Lc  stm32f4xx_hal_cortex.o [1]
NVIC_GetPriorityGrouping()
                        0x08004a0b    0xa  Code  Lc  stm32f4xx_hal_cortex.o [1]
NVIC_SetPriority(IRQn_Type, unsigned int)
                        0x08004a27   0x1a  Code  Lc  stm32f4xx_hal_cortex.o [1]
NVIC_SetPriorityGrouping(unsigned int)
                        0x080049f1   0x1a  Code  Lc  stm32f4xx_hal_cortex.o [1]
PID::PID(float *, float *, float *, float, float, float, int)
                        0x08006cb5   0x58  Code  Gb  PID.o [1]
PID::SetControllerDirection(int)
                        0x08006e17   0x3a  Code  Gb  PID.o [1]
PID::SetOutputLimits(float, float)
                        0x08006da9   0x6e  Code  Gb  PID.o [1]
PID::SetTunings(float, float, float)
                        0x08006da5    0x4  Code  Gb  PID.o [1]
PID::SetTunings(float, float, float, int)
                        0x08006d0d   0x8a  Code  Gb  PID.o [1]
PWM_Init                0x08006b79   0x32  Code  Gb  pwm.o [1]
PWM_Start               0x08006bab   0x28  Code  Gb  pwm.o [1]
PendSV_Handler          0x08007423    0x2  Code  Gb  stm32f4xx_it.o [1]
PingPongBuffer_DeInit(PPBufferType *)
                        0x08005993   0x26  Code  Gb  ping_pong_buffer.o [1]
PingPongBuffer_Init(unsigned int)
                        0x08005935   0x5e  Code  Gb  ping_pong_buffer.o [1]
PingPongBuffer_Read(PPBufferType *, uint8_t *, uint32_t *)::__func__
                        0x08005aa4   0x14  Data  Lc  ping_pong_buffer.o [1]
PingPongBuffer_Read(PPBufferType *, unsigned char *, unsigned int *)
                        0x08005a01   0x54  Code  Gb  ping_pong_buffer.o [1]
PingPongBuffer_Write(PPBufferType *, uint8_t const *, uint32_t)::__func__
                        0x08005a78   0x18  Data  Lc  ping_pong_buffer.o [1]
PingPongBuffer_Write(PPBufferType *, unsigned char const *, unsigned int)
                        0x080059b9   0x48  Code  Gb  ping_pong_buffer.o [1]
Print(char const *, ...)
                        0x08005883   0x2e  Code  Gb  logging.o [1]
Region$$Table$$Base     0x0800733c          --   Gb  - Linker created -
Region$$Table$$Limit    0x08007360          --   Gb  - Linker created -
SBUS_DMAInterruptHandler
                        0x08005437    0x6  Code  Gb  sbus.o [1]
SBUS_Init               0x080054ab   0x60  Code  Gb  sbus.o [1]
SBUS_InterruptHandler   0x08005409   0x2e  Code  Gb  sbus.o [1]
SBUS_Read               0x0800556d  0x1b6  Code  Gb  sbus.o [1]
SBUS_Start              0x0800550b   0x60  Code  Gb  sbus.o [1]
SHT$$INIT_ARRAY$$Base   0x0800759c          --   Gb  - Linker created -
SHT$$INIT_ARRAY$$Limit  0x080075a0          --   Gb  - Linker created -
SHT$$PREINIT_ARRAY$$Base
                        0x0800759c          --   Gb  - Linker created -
SHT$$PREINIT_ARRAY$$Limit
                        0x0800759c          --   Gb  - Linker created -
SVC_Handler             0x08007421    0x2  Code  Gb  stm32f4xx_it.o [1]
SensorReader::GetInstance()
                        0x08007305   0x10  Code  Gb  sensor_reader.o [1]
SensorReader::GetInstance()::sensorReader
                        0x20002950    0xc  Data  Lc  sensor_reader.o [1]
SensorReader::GetInstance()::static guard for sensorReader
                        0x2000294c    0x1  Data  Lc  sensor_reader.o [1]
StateEstimator::GetInstance()
                        0x080071e7   0x18  Code  Gb  state_estimator.o [1]
StateEstimator::GetInstance()::stateEstimator
                        0x20002838   0x40  Data  Lc  state_estimator.o [1]
StateEstimator::GetInstance()::static guard for stateEstimator
                        0x20002834    0x1  Data  Lc  state_estimator.o [1]
StateEstimator::StateEstimator()
                        0x080071c9   0x1e  Code  Gb  state_estimator.o [1]
SysTick_Config(unsigned int)
                        0x08004a77   0x28  Code  Lc  stm32f4xx_hal_cortex.o [1]
SysTick_Handler         0x08007425    0x4  Code  Gb  stm32f4xx_it.o [1]
SystemClock_Config()    0x080061a9   0xb2  Code  Lc  DeviceCtrl.o [1]
SystemCoreClock         0x2000010c    0x4  Data  Gb  system_stm32f4xx.o [1]
SystemInit              0x08007169   0x3a  Code  Gb  system_stm32f4xx.o [1]
TIM_Base_SetConfig      0x08005eab   0xc8  Code  Gb  stm32f4xx_hal_tim.o [1]
TIM_CCxChannelCmd       0x08005fd7   0x1a  Code  Gb  stm32f4xx_hal_tim.o [1]
TIM_ETR_SetConfig(TIM_TypeDef *, unsigned int, unsigned int, unsigned int)
                        0x0800618f   0x16  Code  Lc  stm32f4xx_hal_tim.o [1]
TIM_ITRx_SetConfig(TIM_TypeDef *, unsigned short)
                        0x0800617f   0x10  Code  Lc  stm32f4xx_hal_tim.o [1]
TIM_OC1_SetConfig(TIM_TypeDef *, TIM_OC_InitTypeDef *)
                        0x08005ff3   0x5c  Code  Lc  stm32f4xx_hal_tim.o [1]
TIM_OC2_SetConfig       0x08005f73   0x64  Code  Gb  stm32f4xx_hal_tim.o [1]
TIM_OC3_SetConfig(TIM_TypeDef *, TIM_OC_InitTypeDef *)
                        0x0800604f   0x62  Code  Lc  stm32f4xx_hal_tim.o [1]
TIM_OC4_SetConfig(TIM_TypeDef *, TIM_OC_InitTypeDef *)
                        0x080060b1   0x52  Code  Lc  stm32f4xx_hal_tim.o [1]
TIM_TI1_ConfigInputStage(TIM_TypeDef *, unsigned int, unsigned int)
                        0x08006135   0x24  Code  Lc  stm32f4xx_hal_tim.o [1]
TIM_TI2_ConfigInputStage(TIM_TypeDef *, unsigned int, unsigned int)
                        0x08006159   0x26  Code  Lc  stm32f4xx_hal_tim.o [1]
TestCmdListener()       0x08006e51   0xa0  Code  Gb  TestIMU.o [1]
UART_DMAAbortOnError(__DMA_HandleTypeDef *)
                        0x08004fd1    0xc  Code  Lc  stm32f4xx_hal_uart.o [1]
UART_DMAError(__DMA_HandleTypeDef *)
                        0x08004ee5   0x56  Code  Lc  stm32f4xx_hal_uart.o [1]
UART_DMAReceiveCplt(__DMA_HandleTypeDef *)
                        0x08004ea5   0x38  Code  Lc  stm32f4xx_hal_uart.o [1]
UART_DMARxHalfCplt(__DMA_HandleTypeDef *)
                        0x08004edd    0x6  Code  Lc  stm32f4xx_hal_uart.o [1]
UART_EndRxTransfer(UART_HandleTypeDef *)
                        0x08004fb3   0x1c  Code  Lc  stm32f4xx_hal_uart.o [1]
UART_EndTransmit_IT(UART_HandleTypeDef *)
                        0x0800503f   0x1a  Code  Lc  stm32f4xx_hal_uart.o [1]
UART_EndTxTransfer(UART_HandleTypeDef *)
                        0x08004fa1   0x12  Code  Lc  stm32f4xx_hal_uart.o [1]
UART_Init               0x08005b51   0x3e  Code  Gb  uart.o [1]
UART_Init()             0x0800538f   0x7a  Code  Lc  sbus.o [1]
UART_Receive_IT(UART_HandleTypeDef *)
                        0x08005059   0x8e  Code  Lc  stm32f4xx_hal_uart.o [1]
UART_Send               0x08005b8f    0xe  Code  Gb  uart.o [1]
UART_SetConfig(UART_HandleTypeDef *)
                        0x080050e7  0x26c  Code  Lc  stm32f4xx_hal_uart.o [1]
UART_Transmit_IT(UART_HandleTypeDef *)
                        0x08004fdd   0x62  Code  Lc  stm32f4xx_hal_uart.o [1]
UART_WaitOnFlagUntilTimeout(UART_HandleTypeDef *, unsigned int, FlagStatus, unsigned int, unsigned int)
                        0x08004f3b   0x66  Code  Lc  stm32f4xx_hal_uart.o [1]
USART6_IRQHandler       0x08007409    0x4  Code  Gb  interrupt_mgr.o [1]
VelController::VelController()
                        0x080070a5   0x3a  Code  Gb  controller_vel.o [1]
_EncodingSb_Mbtowc      0x0800335f   0x30  Code  Gb  xencoding_sb.o [3]
_EncodingSb_Mbtowc::initial
                        0x0800339c    0x8  Data  Lc  xencoding_sb.o [3]
_EncodingSb_Wctomb      0x08003345   0x1a  Code  Gb  xencoding_sb.o [3]
_EncodingSb_Wctomb::initial
                        0x08003394    0x8  Data  Lc  xencoding_sb.o [3]
_GenldFull              0x080025fd  0x254  Code  Lc  xprintffull.o [3]
_IsdstStr               0x2000019c    0x4  Data  Gb  setlocale.o [3]
_LdtobFull              0x080021fd  0x3fa  Code  Lc  xprintffull.o [3]
_LitobFull              0x080020f1  0x10a  Code  Lc  xprintffull.o [3]
_LocaleEncoding         0x08003331    0xe  Code  Gb  setlocale.o [3]
_LocaleReturnString     0x200001bc   0x50  Data  Lc  setlocale.o [3]
_Locale_Profile         0x200001a0   0x1c  Data  Gb  setlocale.o [3]
_Locale_aeabi_lconv     0x20000160   0x38  Data  Gb  localeconv.o [3]
_Locale_lconv           0x20000110   0x50  Data  Gb  localeconv.o [3]
_Mbtowc                 0x0800289b   0x20  Code  Gb  xmbtowc.o [3]
_PrintfFull             0x08001701  0x660  Code  Gb  xprintffull.o [3]
_PutcharsFull           0x08002851   0x2e  Code  Lc  xprintffull.o [3]
_PutstrFull             0x08001de5  0x306  Code  Lc  xprintffull.o [3]
_SNProut                0x080016a7   0x1a  Code  Gb  xsnprout.o [3]
_SProut                 0x080028bb    0xa  Code  Gb  xsprout.o [3]
_TzoneStr               0x20000198    0x4  Data  Gb  setlocale.o [3]
_Wctomb                 0x08002977   0x1a  Code  Gb  xwctomb.o [3]
__aeabi_cdcmple         0x08002b3d         Code  Gb  DblCmpLe.o [6]
__aeabi_cdrcmple        0x08002b6d         Code  Gb  DblCmpGe.o [6]
__aeabi_d2iz            0x08002cb1         Code  Gb  DblToI32.o [6]
__aeabi_d2uiz           0x08002cdd         Code  Gb  DblToI32.o [6]
__aeabi_ddiv            0x0800305d         Code  Gb  DblDiv.o [6]
__aeabi_dmul            0x08002eb9         Code  Gb  DblMul.o [6]
__aeabi_dsub            0x08002d39         Code  Gb  DblSub.o [6]
__aeabi_f2d             0x08006fd5         Code  Gb  FltToDbl.o [6]
__aeabi_i2d             0x08002d09         Code  Gb  I32ToDbl.o [6]
__aeabi_ldiv0           0x080033a5         Code  Gb  I64DivZer.o [7]
__aeabi_memclr4         0x080047e9         Code  Gb  ABImemclr4.o [7]
__aeabi_memset          0x08005bc5         Code  Gb  ABImemset.o [7]
__aeabi_memset4         0x08004b31         Code  Gb  ABImemset48.o [7]
__aeabi_memset8         0x08004b31         Code  Gb  ABImemset48.o [7]
__aeabi_ui2d            0x08002d1d         Code  Gb  I32ToDbl.o [6]
__aeabi_uldivmod        0x08002a09         Code  Gb  I64DivMod.o [7]
__call_ctors            0x08007381   0x18  Code  Gb  cppinit.o [3]
__cmain                 0x08007399         Code  Gb  cmain.o [7]
__data_GetMemChunk      0x080016c1   0x2c  Code  Gb  xgetmemchunk.o [3]
__data_GetMemChunk::start
                        0x20002964    0x4  Data  Lc  xgetmemchunk.o [3]
__exit                  0x080016ed   0x14  Code  Gb  exit.o [8]
__iar_Dnorm             0x08002af7   0x44  Code  Gb  xdnorm.o [6]
__iar_Dscale            0x08002b9d  0x114  Code  Gb  xdscale.o [6]
__iar_Locale_lconv_init
                        0x080032b5   0x3a  Code  Gb  localeconv.o [3]
__iar_Mbcurmax          0x0800296d    0xa  Code  Gb  xmbcurmax.o [3]
__iar_Memchr            0x08002915         Code  Gb  memchr.o [7]
__iar_Memset            0x08005bc5         Code  Gb  ABImemset.o [7]
__iar_Memset4_word      0x08004b39         Code  Gb  ABImemset48.o [7]
__iar_Memset8_word      0x08004b39         Code  Gb  ABImemset48.o [7]
__iar_Memset_word       0x08005bcd         Code  Gb  ABImemset.o [7]
__iar_Strchr            0x080028c5         Code  Gb  strchr.o [7]
__iar_cstart_call_ctors
                        0x08007361   0x20  Code  Gb  cmain_call_ctors.o [7]
__iar_d2uiz             0x08002ce9         Code  Gb  DblToI32.o [6]
__iar_dadd              0x080033a9         Code  Gb  DblAdd.o [6]
__iar_data_init3        0x080072b9   0x28  Code  Gb  data_init.o [7]
__iar_dlfree            0x0800117f  0x51a  Code  Gb  dlmalloc.o [3]
__iar_dlib_perthread_access
                        0x0800347d    0x2  Code  Gb  xtls.o [3]
__iar_dlmalloc          0x08000ec9  0x2aa  Code  Gb  dlmalloc.o [3]
__iar_dsub              0x08002d4d         Code  Gb  DblSub.o [6]
__iar_dsubStart         0x08002d5f         Code  Gb  DblSub.o [6]
__iar_init_vfp          0x08007319         Code  Gb  fpinit_M.o [6]
__iar_packbits_init_single3
                        0x0800727f   0x38  Code  Gb  packbits_init_single.o [7]
__iar_program_start     0x0800740d         Code  Gb  cstartup_M.o [7]
__iar_ui2d              0x08002d21         Code  Gb  I32ToDbl.o [6]
__iar_unaligned___aeabi_memcpy
                        0x08002991         Code  Gb  ABImemcpy_unaligned.o [7]
__iar_unaligned___aeabi_memcpy4
                        0x080029b1         Code  Gb  ABImemcpy_unaligned.o [7]
__iar_unaligned___aeabi_memcpy8
                        0x080029b1         Code  Gb  ABImemcpy_unaligned.o [7]
__iar_zero_init3        0x0800723f   0x40  Code  Gb  zero_init3.o [7]
__low_level_init        0x080073b3    0x4  Code  Gb  low_level_init.o [3]
__sti__routine          0x080072e1   0x1e  Code  Lc  main_app.o [1]
__vector_table          0x08000000         Data  Gb  startup_stm32f429xx.o [1]
_call_main              0x080073a5         Code  Gb  cmain.o [7]
_exit                   0x080073d5         Code  Gb  cexit.o [7]
_gm_                    0x200025a8  0x1d8  Data  Lc  dlmalloc.o [3]
_main                   0x080073af         Code  Gb  cmain.o [7]
abort                   0x080016a1    0x6  Code  Gb  abort.o [3]
div                     0x08003321    0xe  Code  Gb  div.o [3]
exit                    0x080073cf    0x4  Code  Gb  exit.o [3]
hdma_usart6_rx          0x20002780   0x60  Data  Lc  sbus.o [1]
headerBuf               0x20000004   0x10  Data  Lc  logging.o [1]
hi2c1                   0x200027e0   0x54  Data  Lc  i2c.o [1]
htim1                   0x200028b8   0x3c  Data  Lc  pwm.o [1]
huart3                  0x20002878   0x40  Data  Lc  uart.o [1]
huart6                  0x200000b4   0x40  Data  Lc  sbus.o [1]
init_mparams            0x080001c9   0x32  Code  Lc  dlmalloc.o [3]
init_top                0x080001fb   0x34  Code  Lc  dlmalloc.o [3]
localeconv              0x080032ef   0x16  Code  Gb  localeconv.o [3]
main                    0x080073b7   0x18  Code  Gb  main.o [1]
memchr                  0x08002915         Code  Gb  memchr.o [7]
mparams                 0x20002920   0x18  Data  Lc  dlmalloc.o [3]
msgBuf                  0x20000014   0x80  Data  Lc  logging.o [1]
prepend_alloc           0x0800022f  0x372  Code  Lc  dlmalloc.o [3]
sChannelOutMax          0x200000fc    0x4  Data  Lc  sbus.o [1]
sChannelOutMin          0x200000f8    0x4  Data  Lc  sbus.o [1]
sCmdListener            0x20002904    0x4  Data  Lc  main_app.o [1]
sController             0x200028fc    0x4  Data  Lc  main_app.o [1]
sMeas                   0x20002908   0x18  Data  Lc  main_app.o [1]
sRecBuffer              0x20000098   0x1c  Data  Lc  sbus.o [1]
sRetryCnt               0x20000095    0x1  Data  Lc  sbus.o [1]
sSensorReader           0x20002900    0x4  Data  Lc  main_app.o [1]
sStarted                0x20000094    0x1  Data  Lc  sbus.o [1]
sStateEstimator         0x200028f8    0x4  Data  Lc  main_app.o [1]
sTimerCnt               0x200028f4    0x4  Data  Lc  main_app.o [1]
segment_holding         0x080001ad   0x1c  Code  Lc  dlmalloc.o [3]
snprintf                0x08005b0d   0x44  Code  Gb  snprintf.o [3]
spPPBuffer              0x200000f4    0x4  Data  Lc  sbus.o [1]
strchr                  0x080028c5         Code  Gb  strchr.o [7]
strlen                  0x080028dd         Code  Gb  strlen.o [7]
sys_alloc               0x080005a1  0x388  Code  Lc  dlmalloc.o [3]
tmalloc_large           0x08000935  0x380  Code  Lc  dlmalloc.o [3]
tmalloc_small           0x08000cb5  0x206  Code  Lc  dlmalloc.o [3]
uwTick                  0x20000104    0x4  Data  Gb  stm32f4xx_hal.o [1]
uwTickFreq              0x20000100    0x1  Data  Gb  stm32f4xx_hal.o [1]
uwTickPrio              0x20000108    0x4  Data  Gb  stm32f4xx_hal.o [1]
vsprintf                0x08005ae1   0x2c  Code  Gb  vsprintf.o [3]


[1] = D:\MyLife\work\UAV\Custom-Flight-Controller\FlightController\FlightController\EWARM\FlightController\Obj
[2] = command line
[3] = dl7M_tlf.a
[4] = dlpp7M_tl_fe.a
[5] = iar_cortexM4lf_math.a
[6] = m7M_tls.a
[7] = rt7M_tl.a
[8] = shb_l.a

  30 062 bytes of readonly  code memory
      84 bytes of readonly  data memory
  10 596 bytes of readwrite data memory

Errors: none
Warnings: none
