###############################################################################
#
# IAR ELF Linker V7.80.3.12102/W32 for ARM                10/Mar/2019  17:23:41
# Copyright 2007-2016 IAR Systems AB.
#
#    Output file  =  
#        D:\MyLife\work\UAV\Custom-Flight-Controller\FlightController\FlightController\EWARM\FlightController\Exe\FlightController.out
#    Map file     =  
#        D:\MyLife\work\UAV\Custom-Flight-Controller\FlightController\FlightController\EWARM\FlightController\List\FlightController.map
#    Command line =  
#        D:\MyLife\work\UAV\Custom-Flight-Controller\FlightController\FlightController\EWARM\FlightController\Obj\cmd_listener.o
#        D:\MyLife\work\UAV\Custom-Flight-Controller\FlightController\FlightController\EWARM\FlightController\Obj\controller.o
#        D:\MyLife\work\UAV\Custom-Flight-Controller\FlightController\FlightController\EWARM\FlightController\Obj\controller_att.o
#        D:\MyLife\work\UAV\Custom-Flight-Controller\FlightController\FlightController\EWARM\FlightController\Obj\controller_att_rate.o
#        D:\MyLife\work\UAV\Custom-Flight-Controller\FlightController\FlightController\EWARM\FlightController\Obj\controller_util.o
#        D:\MyLife\work\UAV\Custom-Flight-Controller\FlightController\FlightController\EWARM\FlightController\Obj\controller_vel.o
#        D:\MyLife\work\UAV\Custom-Flight-Controller\FlightController\FlightController\EWARM\FlightController\Obj\DeviceCtrl.o
#        D:\MyLife\work\UAV\Custom-Flight-Controller\FlightController\FlightController\EWARM\FlightController\Obj\i2c.o
#        D:\MyLife\work\UAV\Custom-Flight-Controller\FlightController\FlightController\EWARM\FlightController\Obj\IMU.o
#        D:\MyLife\work\UAV\Custom-Flight-Controller\FlightController\FlightController\EWARM\FlightController\Obj\interrupt_mgr.o
#        D:\MyLife\work\UAV\Custom-Flight-Controller\FlightController\FlightController\EWARM\FlightController\Obj\led.o
#        D:\MyLife\work\UAV\Custom-Flight-Controller\FlightController\FlightController\EWARM\FlightController\Obj\logging.o
#        D:\MyLife\work\UAV\Custom-Flight-Controller\FlightController\FlightController\EWARM\FlightController\Obj\MadgwickAHRS.o
#        D:\MyLife\work\UAV\Custom-Flight-Controller\FlightController\FlightController\EWARM\FlightController\Obj\main.o
#        D:\MyLife\work\UAV\Custom-Flight-Controller\FlightController\FlightController\EWARM\FlightController\Obj\main_app.o
#        D:\MyLife\work\UAV\Custom-Flight-Controller\FlightController\FlightController\EWARM\FlightController\Obj\motor_ctrl.o
#        D:\MyLife\work\UAV\Custom-Flight-Controller\FlightController\FlightController\EWARM\FlightController\Obj\MPU9250.o
#        D:\MyLife\work\UAV\Custom-Flight-Controller\FlightController\FlightController\EWARM\FlightController\Obj\PID.o
#        D:\MyLife\work\UAV\Custom-Flight-Controller\FlightController\FlightController\EWARM\FlightController\Obj\ping_pong_buffer.o
#        D:\MyLife\work\UAV\Custom-Flight-Controller\FlightController\FlightController\EWARM\FlightController\Obj\pwm.o
#        D:\MyLife\work\UAV\Custom-Flight-Controller\FlightController\FlightController\EWARM\FlightController\Obj\QKF.o
#        D:\MyLife\work\UAV\Custom-Flight-Controller\FlightController\FlightController\EWARM\FlightController\Obj\receiver.o
#        D:\MyLife\work\UAV\Custom-Flight-Controller\FlightController\FlightController\EWARM\FlightController\Obj\ringbuf.o
#        D:\MyLife\work\UAV\Custom-Flight-Controller\FlightController\FlightController\EWARM\FlightController\Obj\sbus.o
#        D:\MyLife\work\UAV\Custom-Flight-Controller\FlightController\FlightController\EWARM\FlightController\Obj\sensor_reader.o
#        D:\MyLife\work\UAV\Custom-Flight-Controller\FlightController\FlightController\EWARM\FlightController\Obj\startup_stm32f429xx.o
#        D:\MyLife\work\UAV\Custom-Flight-Controller\FlightController\FlightController\EWARM\FlightController\Obj\state_estimator.o
#        D:\MyLife\work\UAV\Custom-Flight-Controller\FlightController\FlightController\EWARM\FlightController\Obj\stm32f4xx_hal.o
#        D:\MyLife\work\UAV\Custom-Flight-Controller\FlightController\FlightController\EWARM\FlightController\Obj\stm32f4xx_hal_cortex.o
#        D:\MyLife\work\UAV\Custom-Flight-Controller\FlightController\FlightController\EWARM\FlightController\Obj\stm32f4xx_hal_dma.o
#        D:\MyLife\work\UAV\Custom-Flight-Controller\FlightController\FlightController\EWARM\FlightController\Obj\stm32f4xx_hal_dma_ex.o
#        D:\MyLife\work\UAV\Custom-Flight-Controller\FlightController\FlightController\EWARM\FlightController\Obj\stm32f4xx_hal_flash.o
#        D:\MyLife\work\UAV\Custom-Flight-Controller\FlightController\FlightController\EWARM\FlightController\Obj\stm32f4xx_hal_flash_ex.o
#        D:\MyLife\work\UAV\Custom-Flight-Controller\FlightController\FlightController\EWARM\FlightController\Obj\stm32f4xx_hal_flash_ramfunc.o
#        D:\MyLife\work\UAV\Custom-Flight-Controller\FlightController\FlightController\EWARM\FlightController\Obj\stm32f4xx_hal_gpio.o
#        D:\MyLife\work\UAV\Custom-Flight-Controller\FlightController\FlightController\EWARM\FlightController\Obj\stm32f4xx_hal_i2c.o
#        D:\MyLife\work\UAV\Custom-Flight-Controller\FlightController\FlightController\EWARM\FlightController\Obj\stm32f4xx_hal_i2c_ex.o
#        D:\MyLife\work\UAV\Custom-Flight-Controller\FlightController\FlightController\EWARM\FlightController\Obj\stm32f4xx_hal_msp.o
#        D:\MyLife\work\UAV\Custom-Flight-Controller\FlightController\FlightController\EWARM\FlightController\Obj\stm32f4xx_hal_pwr.o
#        D:\MyLife\work\UAV\Custom-Flight-Controller\FlightController\FlightController\EWARM\FlightController\Obj\stm32f4xx_hal_pwr_ex.o
#        D:\MyLife\work\UAV\Custom-Flight-Controller\FlightController\FlightController\EWARM\FlightController\Obj\stm32f4xx_hal_rcc.o
#        D:\MyLife\work\UAV\Custom-Flight-Controller\FlightController\FlightController\EWARM\FlightController\Obj\stm32f4xx_hal_rcc_ex.o
#        D:\MyLife\work\UAV\Custom-Flight-Controller\FlightController\FlightController\EWARM\FlightController\Obj\stm32f4xx_hal_tim.o
#        D:\MyLife\work\UAV\Custom-Flight-Controller\FlightController\FlightController\EWARM\FlightController\Obj\stm32f4xx_hal_tim_ex.o
#        D:\MyLife\work\UAV\Custom-Flight-Controller\FlightController\FlightController\EWARM\FlightController\Obj\stm32f4xx_hal_uart.o
#        D:\MyLife\work\UAV\Custom-Flight-Controller\FlightController\FlightController\EWARM\FlightController\Obj\stm32f4xx_it.o
#        D:\MyLife\work\UAV\Custom-Flight-Controller\FlightController\FlightController\EWARM\FlightController\Obj\system_stm32f4xx.o
#        D:\MyLife\work\UAV\Custom-Flight-Controller\FlightController\FlightController\EWARM\FlightController\Obj\TestIMU.o
#        D:\MyLife\work\UAV\Custom-Flight-Controller\FlightController\FlightController\EWARM\FlightController\Obj\uart.o
#        --redirect _Printf=_PrintfFull --redirect _Scanf=_ScanfFull -o
#        D:\MyLife\work\UAV\Custom-Flight-Controller\FlightController\FlightController\EWARM\FlightController\Exe\FlightController.out
#        --map
#        D:\MyLife\work\UAV\Custom-Flight-Controller\FlightController\FlightController\EWARM\FlightController\List\FlightController.map
#        --config
#        D:\MyLife\work\UAV\Custom-Flight-Controller\FlightController\FlightController\EWARM/stm32f429xx_flash.icf
#        --semihosting --entry __iar_program_start
#        E:\software\IAR\arm\CMSIS\Lib\IAR\iar_cortexM4lf_math.a --vfe
#
###############################################################################

*******************************************************************************
*** RUNTIME MODEL ATTRIBUTES
***

CppFlavor                     = *
__CPP_Language                = EC++
__Heap_Handler                = DLMalloc
__SystemLibrary               = DLib
__dlib_dynamic_initialization = normal


*******************************************************************************
*** PLACEMENT SUMMARY
***

"A0":  place at 0x08000000 { ro section .intvec };
"P1":  place in [from 0x08000000 to 0x081fffff] { ro };
"P2":  place in [from 0x20000000 to 0x2002ffff] { rw, block CSTACK, block HEAP };
initialize by copy { rw };

  Section             Kind        Address    Size  Object
  -------             ----        -------    ----  ------
"A0":                                       0x1ac
  .intvec             ro code  0x08000000   0x1ac  startup_stm32f429xx.o [1]
                             - 0x080001ac   0x1ac

"P1":                                      0x87f6
  .text               ro code  0x080001ac  0x14f4  dlmalloc.o [3]
  .text               ro code  0x080016a0     0x6  abort.o [3]
  .text               ro code  0x080016a6    0x1a  xsnprout.o [3]
  .text               ro code  0x080016c0    0x2c  xgetmemchunk.o [3]
  .text               ro code  0x080016ec    0x14  exit.o [7]
  .text               ro code  0x08001700  0x138e  stm32f4xx_hal_i2c.o [1]
  .text               ro code  0x08002a8e     0xa  xsprout.o [3]
  .text               ro code  0x08002a98   0x200  stm32f4xx_hal_msp.o [1]
  .text               ro code  0x08002c98   0x1bc  stm32f4xx_hal_rcc.o [1]
  .text               ro code  0x08002e54     0xc  stm32f4xx_hal.o [1]
  .text               ro code  0x08002e60     0x2  stm32f4xx_hal_i2c.o [1]
  .text               ro code  0x08002e62     0x2  stm32f4xx_hal_i2c.o [1]
  .text               ro code  0x08002e64     0x2  stm32f4xx_hal_i2c.o [1]
  .text               ro code  0x08002e66     0x2  stm32f4xx_hal_i2c.o [1]
  .text               ro code  0x08002e68     0x2  stm32f4xx_hal_i2c.o [1]
  .text               ro code  0x08002e6a     0x2  stm32f4xx_hal_i2c.o [1]
  .text               ro code  0x08002e6c     0x2  stm32f4xx_hal_i2c.o [1]
  .text               ro code  0x08002e6e     0x2  stm32f4xx_hal_i2c.o [1]
  .text               ro code  0x08002e70   0x490  stm32f4xx_hal_dma.o [1]
  .text               ro code  0x08003300     0x2  stm32f4xx_hal_i2c.o [1]
  .text               ro code  0x08003302     0x2  stm32f4xx_hal_i2c.o [1]
  .text               ro code  0x08003304     0x6  ABImemclr4.o [6]
  .text               ro code  0x0800330c   0x200  stm32f4xx_hal_gpio.o [1]
  .text               ro code  0x0800350c    0xec  stm32f4xx_hal_cortex.o [1]
  .text               ro code  0x080035f8    0x48  stm32f4xx_hal.o [1]
  .text               ro code  0x08003640    0xee  I64DivMod.o [6]
  .text               ro code  0x08003730    0x3a  ABImemset48.o [6]
  .text               ro code  0x0800376c     0x2  I64DivZer.o [6]
  .text               ro code  0x08003770  0x119a  xprintffull.o [3]
  .text               ro code  0x0800490a    0x20  xmbtowc.o [3]
  .text               ro code  0x0800492c    0x16  strchr.o [6]
  .text               ro code  0x08004944    0x36  strlen.o [6]
  .text               ro code  0x0800497c    0x58  memchr.o [6]
  .text               ro code  0x080049d4     0xa  xmbcurmax.o [3]
  .text               ro code  0x080049de    0x1a  xwctomb.o [3]
  .text               ro code  0x080049f8    0x76  ABImemcpy_unaligned.o [6]
  .text               ro code  0x08004a6e    0x44  xdnorm.o [5]
  .text               ro code  0x08004ab4    0x2e  DblCmpLe.o [5]
  .text               ro code  0x08004ae4    0x2e  DblCmpGe.o [5]
  .text               ro code  0x08004b14   0x114  xdscale.o [5]
  .text               ro code  0x08004c28    0x58  DblToI32.o [5]
  .text               ro code  0x08004c80    0x30  I32ToDbl.o [5]
  .text               ro code  0x08004cb0   0x180  DblSub.o [5]
  .text               ro code  0x08004e30   0x1a2  DblMul.o [5]
  .text               ro code  0x08004fd4   0x256  DblDiv.o [5]
  .text               ro code  0x0800522c    0x6c  localeconv.o [3]
  .text               ro code  0x08005298     0xe  div.o [3]
  .text               ro code  0x080052a8    0x14  setlocale.o [3]
  .text               ro code  0x080052bc    0x60  xencoding_sb.o [3]
  .text               ro code  0x0800531c    0xd4  DblAdd.o [5]
  .text               ro code  0x080053f0     0x2  xtls.o [3]
  .text               ro code  0x080053f4   0x7f4  stm32f4xx_hal_uart.o [1]
  .text               ro code  0x08005be8   0x4d8  sbus.o [1]
  .text               ro code  0x080060c0     0x2  stm32f4xx_hal_uart.o [1]
  .text               ro code  0x080060c2     0x2  stm32f4xx_hal_uart.o [1]
  .text               ro code  0x080060c4    0x8c  logging.o [1]
  .text               ro code  0x08006150    0x70  led.o [1]
  .text               ro code  0x080061c0   0x184  ping_pong_buffer.o [1]
  .text               ro code  0x08006344    0x28  stm32f4xx_hal.o [1]
  .text               ro code  0x0800636c    0x2c  vsprintf.o [3]
  .text               ro code  0x08006398    0x44  snprintf.o [3]
  .text               ro code  0x080063dc    0x74  uart.o [1]
  .text               ro code  0x08006450    0x66  ABImemset.o [6]
  .text               ro code  0x080064b8   0x5c0  DeviceCtrl.o [1]
  .text               ro code  0x08006a78   0x2f0  stm32f4xx_hal_rcc.o [1]
  .text               ro code  0x08006d68    0x6c  stm32f4xx_hal_pwr_ex.o [1]
  .text               ro code  0x08006dd4   0x114  i2c.o [1]
  .text               ro code  0x08006ee8   0x1ac  pwm.o [1]
  .text               ro code  0x08007094    0x44  state_estimator.o [1]
  .text               ro code  0x080070d8    0xdc  sensor_reader.o [1]
  .text               ro code  0x080071b4    0x84  controller.o [1]
  .text               ro code  0x08007238    0x4a  cmd_listener.o [1]
  .text               ro code  0x08007284    0x34  stm32f4xx_hal.o [1]
  .text               ro code  0x080072b8   0x578  stm32f4xx_hal_tim.o [1]
  .text               ro code  0x08007830    0xa8  stm32f4xx_hal_tim_ex.o [1]
  .text               ro code  0x080078d8    0x28  MadgwickAHRS.o [1]
  .text               ro code  0x08007900     0xe  TestIMU.o [1]
  .text               ro code  0x08007910   0x478  IMU.o [1]
  .text               ro code  0x08007d88    0x3a  controller_vel.o [1]
  .text               ro code  0x08007dc2    0x3a  controller_att.o [1]
  .text               ro code  0x08007dfc    0x3a  controller_att_rate.o [1]
  .text               ro code  0x08007e38    0x14  motor_ctrl.o [1]
  .text               ro code  0x08007e4c    0xa0  receiver.o [1]
  .text               ro code  0x08007eec     0x2  stm32f4xx_hal_tim.o [1]
  .text               ro code  0x08007ef0   0x4a8  MPU9250.o [1]
  .text               ro code  0x08008398    0x4e  FltToDbl.o [5]
  .text               ro code  0x080083e8   0x19c  PID.o [1]
  .text               ro code  0x08008584    0x9c  TestIMU.o [1]
  .text               ro code  0x08008620    0x60  system_stm32f4xx.o [1]
  .text               ro code  0x08008680    0x40  zero_init3.o [6]
  .text               ro code  0x080086c0    0x38  packbits_init_single.o [6]
  .text               ro code  0x080086f8    0x2c  interrupt_mgr.o [1]
  .text               ro code  0x08008724    0x10  stm32f4xx_hal.o [1]
  .text               ro code  0x08008734    0x28  data_init.o [6]
  .text               ro code  0x0800875c    0x22  fpinit_M.o [5]
  .iar.init_table     const    0x08008780    0x20  - Linker created -
  .text               ro code  0x080087a0    0x1a  cmain.o [6]
  .text               ro code  0x080087ba     0x4  low_level_init.o [3]
  .text               ro code  0x080087be    0x18  main.o [1]
  .text               ro code  0x080087d6     0x4  exit.o [3]
  .text               ro code  0x080087dc     0xa  cexit.o [6]
  .text               ro code  0x080087e8    0x10  startup_stm32f429xx.o [1]
  .text               ro code  0x080087f8     0xc  cstartup_M.o [6]
  .rodata             const    0x08008804     0x8  system_stm32f4xx.o [1]
  .text               ro code  0x0800880c     0x4  startup_stm32f429xx.o [1]
  .text               ro code  0x08008810     0x4  startup_stm32f429xx.o [1]
  .text               ro code  0x08008814     0x4  startup_stm32f429xx.o [1]
  .text               ro code  0x08008818     0x4  startup_stm32f429xx.o [1]
  .text               ro code  0x0800881c     0x4  startup_stm32f429xx.o [1]
  .text               ro code  0x08008820     0x4  startup_stm32f429xx.o [1]
  .text               ro code  0x08008824     0x4  startup_stm32f429xx.o [1]
  .text               ro code  0x08008828     0x4  startup_stm32f429xx.o [1]
  .text               ro code  0x0800882c     0x4  startup_stm32f429xx.o [1]
  .text               ro code  0x08008830     0x4  startup_stm32f429xx.o [1]
  .text               ro code  0x08008834     0x4  startup_stm32f429xx.o [1]
  .text               ro code  0x08008838     0x4  startup_stm32f429xx.o [1]
  .text               ro code  0x0800883c     0x4  startup_stm32f429xx.o [1]
  .text               ro code  0x08008840     0x4  startup_stm32f429xx.o [1]
  .text               ro code  0x08008844     0x4  startup_stm32f429xx.o [1]
  .text               ro code  0x08008848     0x4  startup_stm32f429xx.o [1]
  .text               ro code  0x0800884c     0x4  startup_stm32f429xx.o [1]
  .text               ro code  0x08008850     0x4  startup_stm32f429xx.o [1]
  .text               ro code  0x08008854     0x4  startup_stm32f429xx.o [1]
  .text               ro code  0x08008858     0x4  startup_stm32f429xx.o [1]
  .text               ro code  0x0800885c     0x4  startup_stm32f429xx.o [1]
  .text               ro code  0x08008860     0x4  startup_stm32f429xx.o [1]
  .text               ro code  0x08008864     0x4  startup_stm32f429xx.o [1]
  .text               ro code  0x08008868     0x4  startup_stm32f429xx.o [1]
  .text               ro code  0x0800886c     0x4  startup_stm32f429xx.o [1]
  .text               ro code  0x08008870     0x4  startup_stm32f429xx.o [1]
  .text               ro code  0x08008874     0x4  startup_stm32f429xx.o [1]
  .text               ro code  0x08008878     0x4  startup_stm32f429xx.o [1]
  .text               ro code  0x0800887c     0x4  startup_stm32f429xx.o [1]
  .text               ro code  0x08008880     0x4  startup_stm32f429xx.o [1]
  .text               ro code  0x08008884     0x4  startup_stm32f429xx.o [1]
  .text               ro code  0x08008888     0x4  startup_stm32f429xx.o [1]
  .text               ro code  0x0800888c     0x4  startup_stm32f429xx.o [1]
  .text               ro code  0x08008890     0x4  startup_stm32f429xx.o [1]
  .text               ro code  0x08008894     0x4  startup_stm32f429xx.o [1]
  .text               ro code  0x08008898     0x4  startup_stm32f429xx.o [1]
  .text               ro code  0x0800889c     0x4  startup_stm32f429xx.o [1]
  .text               ro code  0x080088a0     0x4  startup_stm32f429xx.o [1]
  .text               ro code  0x080088a4     0x4  startup_stm32f429xx.o [1]
  .text               ro code  0x080088a8     0x4  startup_stm32f429xx.o [1]
  .text               ro code  0x080088ac     0x4  startup_stm32f429xx.o [1]
  .text               ro code  0x080088b0     0x4  startup_stm32f429xx.o [1]
  .text               ro code  0x080088b4     0x4  startup_stm32f429xx.o [1]
  .text               ro code  0x080088b8     0x4  startup_stm32f429xx.o [1]
  .text               ro code  0x080088bc     0x4  startup_stm32f429xx.o [1]
  .text               ro code  0x080088c0     0x4  startup_stm32f429xx.o [1]
  .text               ro code  0x080088c4     0x4  startup_stm32f429xx.o [1]
  .text               ro code  0x080088c8     0x4  startup_stm32f429xx.o [1]
  .text               ro code  0x080088cc     0x4  startup_stm32f429xx.o [1]
  .text               ro code  0x080088d0     0x4  startup_stm32f429xx.o [1]
  .text               ro code  0x080088d4     0x4  startup_stm32f429xx.o [1]
  .text               ro code  0x080088d8     0x4  startup_stm32f429xx.o [1]
  .text               ro code  0x080088dc     0x4  startup_stm32f429xx.o [1]
  .text               ro code  0x080088e0     0x4  startup_stm32f429xx.o [1]
  .text               ro code  0x080088e4     0x4  startup_stm32f429xx.o [1]
  .text               ro code  0x080088e8     0x4  startup_stm32f429xx.o [1]
  .text               ro code  0x080088ec     0x4  startup_stm32f429xx.o [1]
  .text               ro code  0x080088f0     0x4  startup_stm32f429xx.o [1]
  .text               ro code  0x080088f4     0x4  startup_stm32f429xx.o [1]
  .text               ro code  0x080088f8     0x4  startup_stm32f429xx.o [1]
  .text               ro code  0x080088fc     0x4  startup_stm32f429xx.o [1]
  .text               ro code  0x08008900     0x4  startup_stm32f429xx.o [1]
  .text               ro code  0x08008904     0x4  startup_stm32f429xx.o [1]
  .text               ro code  0x08008908     0x4  startup_stm32f429xx.o [1]
  .text               ro code  0x0800890c     0x4  startup_stm32f429xx.o [1]
  .text               ro code  0x08008910     0x4  startup_stm32f429xx.o [1]
  .text               ro code  0x08008914     0x4  startup_stm32f429xx.o [1]
  .text               ro code  0x08008918     0x4  startup_stm32f429xx.o [1]
  .text               ro code  0x0800891c     0x4  startup_stm32f429xx.o [1]
  .text               ro code  0x08008920     0x4  startup_stm32f429xx.o [1]
  .text               ro code  0x08008924     0x4  startup_stm32f429xx.o [1]
  .text               ro code  0x08008928     0x4  startup_stm32f429xx.o [1]
  .text               ro code  0x0800892c     0x4  startup_stm32f429xx.o [1]
  .text               ro code  0x08008930     0x4  startup_stm32f429xx.o [1]
  .text               ro code  0x08008934     0x4  startup_stm32f429xx.o [1]
  .text               ro code  0x08008938     0x4  startup_stm32f429xx.o [1]
  .text               ro code  0x0800893c     0x4  startup_stm32f429xx.o [1]
  .text               ro code  0x08008940     0x4  startup_stm32f429xx.o [1]
  .text               ro code  0x08008944     0x4  startup_stm32f429xx.o [1]
  .text               ro code  0x08008948     0x4  startup_stm32f429xx.o [1]
  .text               ro code  0x0800894c     0x4  startup_stm32f429xx.o [1]
  .text               ro code  0x08008950     0x4  startup_stm32f429xx.o [1]
  .text               ro code  0x08008954     0x4  startup_stm32f429xx.o [1]
  .text               ro code  0x08008958     0x4  startup_stm32f429xx.o [1]
  .text               ro code  0x0800895c     0x4  startup_stm32f429xx.o [1]
  .text               ro code  0x08008960     0x4  startup_stm32f429xx.o [1]
  .text               ro code  0x08008964     0x4  startup_stm32f429xx.o [1]
  .text               ro code  0x08008968     0x4  startup_stm32f429xx.o [1]
  .text               ro code  0x0800896c     0x4  startup_stm32f429xx.o [1]
  .text               ro code  0x08008970     0x4  startup_stm32f429xx.o [1]
  .text               ro code  0x08008974     0x4  startup_stm32f429xx.o [1]
  .text               ro code  0x08008978     0x4  startup_stm32f429xx.o [1]
  .text               ro code  0x0800897c     0x4  startup_stm32f429xx.o [1]
  .rodata             const    0x08008980     0x0  zero_init3.o [6]
  .rodata             const    0x08008980     0x0  packbits_init_single.o [6]
  Initializer bytes   const    0x08008980    0x22  <for P2-1>
                             - 0x080089a2  0x87f6

"P2", part 1 of 3:                          0x20c
  P2-1                         0x20000000   0x20c  <Init block>
    .data             inited   0x20000000    0x94  logging.o [1]
    .data             inited   0x20000094    0x6c  sbus.o [1]
    .data             inited   0x20000100     0xc  stm32f4xx_hal.o [1]
    .data             inited   0x2000010c     0x4  system_stm32f4xx.o [1]
    __DLIB_PERTHREAD  inited   0x20000110    0x88  localeconv.o [3]
    __DLIB_PERTHREAD  inited   0x20000198    0x74  setlocale.o [3]
                             - 0x2000020c   0x20c

"P2", part 2 of 3:                         0x2000
  CSTACK                       0x20000210  0x1000  <Block>
    CSTACK            uninit   0x20000210  0x1000  <Block tail>
  HEAP                         0x20001210  0x1000  <Block>
    HEAP              uninit   0x20001210  0x1000  <Block tail>
                             - 0x20002210  0x2000

"P2", part 3 of 3:                          0x7c0
  .bss                zero     0x20002210   0x398  controller.o [1]
  .bss                zero     0x200025a8   0x1d8  dlmalloc.o [3]
  .bss                zero     0x20002780    0x88  IMU.o [1]
  .bss                zero     0x20002808    0x60  sbus.o [1]
  .bss                zero     0x20002868    0x54  i2c.o [1]
  .bss                zero     0x200028bc    0x44  state_estimator.o [1]
  .bss                zero     0x20002900    0x40  uart.o [1]
  .bss                zero     0x20002940    0x3c  pwm.o [1]
  .bss                zero     0x2000297c    0x18  dlmalloc.o [3]
  .bss                zero     0x20002994    0x14  cmd_listener.o [1]
  .bss                zero     0x200029a8    0x10  sensor_reader.o [1]
  .bss                zero     0x200029b8     0x8  motor_ctrl.o [1]
  .bss                zero     0x200029c0     0x8  receiver.o [1]
  .bss                zero     0x200029c8     0x4  interrupt_mgr.o [1]
  .bss                zero     0x200029cc     0x4  xgetmemchunk.o [3]
                             - 0x200029d0   0x7c0


*******************************************************************************
*** INIT TABLE
***

          Address     Size
          -------     ----
Zero (__iar_zero_init3)
    1 destination range, total size 0x7c0:
          0x20002210  0x7c0

Copy/packbits (__iar_packbits_init_single3)
    1 source range, total size 0x22 (6% of destination):
          0x08008980   0x22
    1 destination range, total size 0x20c:
          0x20000000  0x20c



*******************************************************************************
*** MODULE SUMMARY
***

    Module                  ro code  ro data  rw data
    ------                  -------  -------  -------
D:\MyLife\work\UAV\Custom-Flight-Controller\FlightController\FlightController\EWARM\FlightController\Obj: [1]
    DeviceCtrl.o              1 472
    IMU.o                     1 144               136
    MPU9250.o                 1 192
    MadgwickAHRS.o               40
    PID.o                       412
    TestIMU.o                   170
    cmd_listener.o               74                20
    controller.o                132               920
    controller_att.o             58
    controller_att_rate.o        58
    controller_vel.o             58
    i2c.o                       276                84
    interrupt_mgr.o              44                 4
    led.o                       112
    logging.o                   140        9      148
    main.o                       24
    motor_ctrl.o                 20                 8
    ping_pong_buffer.o          388
    pwm.o                       428                60
    receiver.o                  160                 8
    sbus.o                    1 240        7      204
    sensor_reader.o             220                16
    startup_stm32f429xx.o       816
    state_estimator.o            68                68
    stm32f4xx_hal.o             192        1       12
    stm32f4xx_hal_cortex.o      236
    stm32f4xx_hal_dma.o       1 168
    stm32f4xx_hal_gpio.o        512
    stm32f4xx_hal_i2c.o       5 026
    stm32f4xx_hal_msp.o         512
    stm32f4xx_hal_pwr_ex.o      108
    stm32f4xx_hal_rcc.o       1 196
    stm32f4xx_hal_tim.o       1 402
    stm32f4xx_hal_tim_ex.o      168
    stm32f4xx_hal_uart.o      2 040
    system_stm32f4xx.o           96        8        4
    uart.o                      116                64
    -------------------------------------------------
    Total:                   21 518       25    1 756

command line: [2]
    -------------------------------------------------
    Total:

dl7M_tlf.a: [3]
    abort.o                       6
    div.o                        14
    dlmalloc.o                5 364               496
    exit.o                        4
    localeconv.o                108        9      136
    low_level_init.o              4
    setlocale.o                  20        8      116
    snprintf.o                   68
    vsprintf.o                   44
    xencoding_sb.o               96
    xgetmemchunk.o               44                 4
    xmbcurmax.o                  10
    xmbtowc.o                    32
    xprintffull.o             4 506
    xsnprout.o                   26
    xsprout.o                    10
    xtls.o                        2
    xwctomb.o                    26
    -------------------------------------------------
    Total:                   10 384       17      752

iar_cortexM4lf_math.a: [4]
    -------------------------------------------------
    Total:

m7M_tls.a: [5]
    DblAdd.o                    212
    DblCmpGe.o                   46
    DblCmpLe.o                   46
    DblDiv.o                    598
    DblMul.o                    418
    DblSub.o                    384
    DblToI32.o                   88
    FltToDbl.o                   78
    I32ToDbl.o                   48
    fpinit_M.o                   34
    xdnorm.o                     68
    xdscale.o                   276
    -------------------------------------------------
    Total:                    2 296

rt7M_tl.a: [6]
    ABImemclr4.o                  6
    ABImemcpy_unaligned.o       118
    ABImemset.o                 102
    ABImemset48.o                58
    I64DivMod.o                 238
    I64DivZer.o                   2
    cexit.o                      10
    cmain.o                      26
    cstartup_M.o                 12
    data_init.o                  40
    memchr.o                     88
    packbits_init_single.o       56
    strchr.o                     22
    strlen.o                     54
    zero_init3.o                 64
    -------------------------------------------------
    Total:                      896

shb_l.a: [7]
    exit.o                       20
    -------------------------------------------------
    Total:                       20

    Gaps                         44        2
    Linker created                        32    8 192
-----------------------------------------------------
    Grand Total:             35 158       76   10 700


*******************************************************************************
*** ENTRY LIST
***

Entry                      Address   Size  Type      Object
-----                      -------   ----  ----      ------
.iar.init_table$$Base   0x08008780          --   Gb  - Linker created -
.iar.init_table$$Limit  0x080087a0          --   Gb  - Linker created -
?main                   0x080087a1         Code  Gb  cmain.o [6]
AHBPrescTable           0x08008670   0x10  Data  Gb  system_stm32f4xx.o [1]
APBPrescTable           0x08008804    0x8  Data  Gb  system_stm32f4xx.o [1]
AttController::AttController()
                        0x08007dc3   0x3a  Code  Gb  controller_att.o [1]
AttRateController::AttRateController()
                        0x08007dfd   0x3a  Code  Gb  controller_att_rate.o [1]
CSTACK$$Base            0x20000210          --   Gb  - Linker created -
CSTACK$$Limit           0x20001210          --   Gb  - Linker created -
CmdListener::GetCmd(FCCmdType &)
                        0x08007271   0x12  Code  Gb  cmd_listener.o [1]
CmdListener::GetInstance()
                        0x08007239   0x10  Code  Gb  cmd_listener.o [1]
CmdListener::GetInstance()::cmdListener
                        0x20002998   0x10  Data  Lc  cmd_listener.o [1]
CmdListener::GetInstance()::static guard for cmdListener
                        0x20002994    0x1  Data  Lc  cmd_listener.o [1]
CmdListener::Init()     0x0800724d   0x24  Code  Gb  cmd_listener.o [1]
Controller::Controller()
                        0x080071b5   0x60  Code  Gb  controller.o [1]
Controller::GetInstance()
                        0x08007215   0x18  Code  Gb  controller.o [1]
Controller::GetInstance()::controller
                        0x20002214  0x394  Data  Lc  controller.o [1]
Controller::GetInstance()::static guard for controller
                        0x20002210    0x1  Data  Lc  controller.o [1]
Controller::Init()      0x08007235    0x4  Code  Gb  controller.o [1]
DMA2_Stream1_IRQHandler
                        0x080086fd    0x4  Code  Gb  interrupt_mgr.o [1]
DMA_CalcBaseAndBitshift(DMA_HandleTypeDef *)::flagBitshiftOffset
                        0x080032f8    0x8  Data  Lc  stm32f4xx_hal_dma.o [1]
DMA_CalcBaseAndBitshift(__DMA_HandleTypeDef *)
                        0x0800325b   0x28  Code  Lc  stm32f4xx_hal_dma.o [1]
DMA_CheckFifoParam(__DMA_HandleTypeDef *)
                        0x08003285   0x72  Code  Lc  stm32f4xx_hal_dma.o [1]
DMA_Init()              0x08005be9   0x2e  Code  Lc  sbus.o [1]
DMA_SetConfig(__DMA_HandleTypeDef *, unsigned int, unsigned int, unsigned int)
                        0x08003231   0x2a  Code  Lc  stm32f4xx_hal_dma.o [1]
DeviceGPIOInit()        0x0800656b  0x1b8  Code  Lc  DeviceCtrl.o [1]
DeviceInit()            0x08006865   0x72  Code  Gb  DeviceCtrl.o [1]
DriversInit()           0x08006749   0x9e  Code  Lc  DeviceCtrl.o [1]
HAL_DMA_Abort           0x08002fa9   0x8a  Code  Gb  stm32f4xx_hal_dma.o [1]
HAL_DMA_Abort_IT        0x08003033   0x24  Code  Gb  stm32f4xx_hal_dma.o [1]
HAL_DMA_IRQHandler      0x08003057  0x1ce  Code  Gb  stm32f4xx_hal_dma.o [1]
HAL_DMA_Init            0x08002e71   0xc8  Code  Gb  stm32f4xx_hal_dma.o [1]
HAL_DMA_Start_IT        0x08002f39   0x70  Code  Gb  stm32f4xx_hal_dma.o [1]
HAL_Delay               0x08006345   0x28  Code  Wk  stm32f4xx_hal.o [1]
HAL_GPIO_Init           0x0800330d  0x1bc  Code  Gb  stm32f4xx_hal_gpio.o [1]
HAL_GPIO_WritePin       0x080034c9    0xe  Code  Gb  stm32f4xx_hal_gpio.o [1]
HAL_GetTick             0x08002e55    0xc  Code  Wk  stm32f4xx_hal.o [1]
HAL_I2C_AbortCpltCallback
                        0x08003301    0x2  Code  Wk  stm32f4xx_hal_i2c.o [1]
HAL_I2C_AddrCallback    0x08002e6d    0x2  Code  Wk  stm32f4xx_hal_i2c.o [1]
HAL_I2C_EV_IRQHandler   0x08001c17  0x13e  Code  Gb  stm32f4xx_hal_i2c.o [1]
HAL_I2C_ErrorCallback   0x08003303    0x2  Code  Wk  stm32f4xx_hal_i2c.o [1]
HAL_I2C_Init            0x08001701   0xf4  Code  Gb  stm32f4xx_hal_i2c.o [1]
HAL_I2C_ListenCpltCallback
                        0x08002e6f    0x2  Code  Wk  stm32f4xx_hal_i2c.o [1]
HAL_I2C_MasterRxCpltCallback
                        0x08002e67    0x2  Code  Wk  stm32f4xx_hal_i2c.o [1]
HAL_I2C_MasterTxCpltCallback
                        0x08002e61    0x2  Code  Wk  stm32f4xx_hal_i2c.o [1]
HAL_I2C_MemRxCpltCallback
                        0x08002e65    0x2  Code  Wk  stm32f4xx_hal_i2c.o [1]
HAL_I2C_MemTxCpltCallback
                        0x08002e63    0x2  Code  Wk  stm32f4xx_hal_i2c.o [1]
HAL_I2C_Mem_Read        0x0800196d  0x2aa  Code  Gb  stm32f4xx_hal_i2c.o [1]
HAL_I2C_Mem_Write       0x080017fd  0x16e  Code  Gb  stm32f4xx_hal_i2c.o [1]
HAL_I2C_MspInit         0x08002ac9   0x72  Code  Gb  stm32f4xx_hal_msp.o [1]
HAL_I2C_SlaveRxCpltCallback
                        0x08002e6b    0x2  Code  Wk  stm32f4xx_hal_i2c.o [1]
HAL_I2C_SlaveTxCpltCallback
                        0x08002e69    0x2  Code  Wk  stm32f4xx_hal_i2c.o [1]
HAL_IncTick             0x08008725   0x10  Code  Wk  stm32f4xx_hal.o [1]
HAL_Init                0x08007285   0x30  Code  Gb  stm32f4xx_hal.o [1]
HAL_InitTick            0x080035f9   0x48  Code  Wk  stm32f4xx_hal.o [1]
HAL_MspInit             0x08002a99   0x30  Code  Gb  stm32f4xx_hal_msp.o [1]
HAL_NVIC_EnableIRQ      0x080035db    0x2  Code  Gb  stm32f4xx_hal_cortex.o [1]
HAL_NVIC_SetPriority    0x080035bd   0x1e  Code  Gb  stm32f4xx_hal_cortex.o [1]
HAL_NVIC_SetPriorityGrouping
                        0x080035bb    0x2  Code  Gb  stm32f4xx_hal_cortex.o [1]
HAL_PWREx_EnableOverDrive
                        0x08006d69   0x60  Code  Gb  stm32f4xx_hal_pwr_ex.o [1]
HAL_RCC_ClockConfig     0x08002c99  0x10e  Code  Gb  stm32f4xx_hal_rcc.o [1]
HAL_RCC_GetHCLKFreq     0x08002da7    0x6  Code  Gb  stm32f4xx_hal_rcc.o [1]
HAL_RCC_GetPCLK1Freq    0x08002dad   0x16  Code  Gb  stm32f4xx_hal_rcc.o [1]
HAL_RCC_GetPCLK2Freq    0x08002dc3   0x16  Code  Gb  stm32f4xx_hal_rcc.o [1]
HAL_RCC_GetSysClockFreq
                        0x08002df1   0x64  Code  Wk  stm32f4xx_hal_rcc.o [1]
HAL_RCC_OscConfig       0x08006a79  0x2f0  Code  Wk  stm32f4xx_hal_rcc.o [1]
HAL_SYSTICK_Config      0x080035dd    0x2  Code  Gb  stm32f4xx_hal_cortex.o [1]
HAL_TIMEx_ConfigBreakDeadTime
                        0x0800787d   0x5c  Code  Gb  stm32f4xx_hal_tim_ex.o [1]
HAL_TIMEx_MasterConfigSynchronization
                        0x08007831   0x4c  Code  Gb  stm32f4xx_hal_tim_ex.o [1]
HAL_TIM_Base_Init       0x080072b9   0x32  Code  Gb  stm32f4xx_hal_tim.o [1]
HAL_TIM_Base_MspInit    0x08002b3b   0x24  Code  Gb  stm32f4xx_hal_msp.o [1]
HAL_TIM_ConfigClockSource
                        0x08007437   0xfe  Code  Gb  stm32f4xx_hal_tim.o [1]
HAL_TIM_MspPostInit     0x08002b5f   0x4c  Code  Gb  stm32f4xx_hal_msp.o [1]
HAL_TIM_PWM_ConfigChannel
                        0x08007365   0xd2  Code  Gb  stm32f4xx_hal_tim.o [1]
HAL_TIM_PWM_Init        0x080072eb   0x32  Code  Gb  stm32f4xx_hal_tim.o [1]
HAL_TIM_PWM_MspInit     0x08007eed    0x2  Code  Wk  stm32f4xx_hal_tim.o [1]
HAL_TIM_PWM_Start       0x0800731d   0x3e  Code  Gb  stm32f4xx_hal_tim.o [1]
HAL_UART_DMAStop        0x080055bb   0x64  Code  Gb  stm32f4xx_hal_uart.o [1]
HAL_UART_ErrorCallback  0x08005cc5   0x3a  Code  Gb  sbus.o [1]
HAL_UART_IRQHandler     0x0800561f  0x10c  Code  Gb  stm32f4xx_hal_uart.o [1]
HAL_UART_Init           0x080053f5   0x5e  Code  Gb  stm32f4xx_hal_uart.o [1]
HAL_UART_MspInit        0x08002bab   0xc2  Code  Gb  stm32f4xx_hal_msp.o [1]
HAL_UART_Receive_DMA    0x08005523   0x98  Code  Gb  stm32f4xx_hal_uart.o [1]
HAL_UART_RxCpltCallback
                        0x08005cff   0x40  Code  Gb  sbus.o [1]
HAL_UART_RxHalfCpltCallback
                        0x080060c1    0x2  Code  Wk  stm32f4xx_hal_uart.o [1]
HAL_UART_Transmit       0x08005453   0xd0  Code  Gb  stm32f4xx_hal_uart.o [1]
HAL_UART_TxCpltCallback
                        0x080060c3    0x2  Code  Wk  stm32f4xx_hal_uart.o [1]
HEAP$$Base              0x20001210          --   Gb  - Linker created -
HEAP$$Limit             0x20002210          --   Gb  - Linker created -
I2C1_EV_IRQHandler      0x080086f9    0x4  Code  Gb  interrupt_mgr.o [1]
I2C_DMAAbort(__DMA_HandleTypeDef *)
                        0x080027fd   0x52  Code  Lc  stm32f4xx_hal_i2c.o [1]
I2C_ITError(I2C_HandleTypeDef *)
                        0x0800248f  0x12c  Code  Lc  stm32f4xx_hal_i2c.o [1]
I2C_Init                0x08006dd5   0x2e  Code  Gb  i2c.o [1]
I2C_InterruptHandler    0x08006e03    0x6  Code  Gb  i2c.o [1]
I2C_IsAcknowledgeFailed(I2C_HandleTypeDef *)
                        0x08002a65   0x2a  Code  Lc  stm32f4xx_hal_i2c.o [1]
I2C_MasterReceive_BTF(I2C_HandleTypeDef *)
                        0x08001fa1   0xee  Code  Lc  stm32f4xx_hal_i2c.o [1]
I2C_MasterReceive_RXNE(I2C_HandleTypeDef *)
                        0x08001f19   0x88  Code  Lc  stm32f4xx_hal_i2c.o [1]
I2C_MasterTransmit_BTF(I2C_HandleTypeDef *)
                        0x08001e89   0x8c  Code  Lc  stm32f4xx_hal_i2c.o [1]
I2C_MasterTransmit_TXE(I2C_HandleTypeDef *)
                        0x08001d5d  0x128  Code  Lc  stm32f4xx_hal_i2c.o [1]
I2C_Master_ADD10(I2C_HandleTypeDef *)
                        0x08002113    0xc  Code  Lc  stm32f4xx_hal_i2c.o [1]
I2C_Master_ADDR(I2C_HandleTypeDef *)
                        0x0800211f  0x1a4  Code  Lc  stm32f4xx_hal_i2c.o [1]
I2C_Master_SB(I2C_HandleTypeDef *)
                        0x0800208f   0x84  Code  Lc  stm32f4xx_hal_i2c.o [1]
I2C_Read                0x08006e3f   0x38  Code  Gb  i2c.o [1]
I2C_RequestMemoryRead(I2C_HandleTypeDef *, unsigned short, unsigned short, unsigned short, unsigned int, unsigned int)
                        0x080026a1  0x152  Code  Lc  stm32f4xx_hal_i2c.o [1]
I2C_RequestMemoryWrite(I2C_HandleTypeDef *, unsigned short, unsigned short, unsigned short, unsigned int, unsigned int)
                        0x080025cd   0xcc  Code  Lc  stm32f4xx_hal_i2c.o [1]
I2C_SlaveReceive_BTF(I2C_HandleTypeDef *)
                        0x08002369   0x1c  Code  Lc  stm32f4xx_hal_i2c.o [1]
I2C_SlaveReceive_RXNE(I2C_HandleTypeDef *)
                        0x08002325   0x44  Code  Lc  stm32f4xx_hal_i2c.o [1]
I2C_SlaveTransmit_BTF(I2C_HandleTypeDef *)
                        0x08002309   0x1c  Code  Lc  stm32f4xx_hal_i2c.o [1]
I2C_SlaveTransmit_TXE(I2C_HandleTypeDef *)
                        0x080022c5   0x44  Code  Lc  stm32f4xx_hal_i2c.o [1]
I2C_Slave_ADDR(I2C_HandleTypeDef *)
                        0x08002385   0x24  Code  Lc  stm32f4xx_hal_i2c.o [1]
I2C_Slave_STOPF(I2C_HandleTypeDef *)
                        0x080023a9   0xe6  Code  Lc  stm32f4xx_hal_i2c.o [1]
I2C_WaitOnBTFFlagUntilTimeout(I2C_HandleTypeDef *, unsigned int, unsigned int)
                        0x080029b7   0x52  Code  Lc  stm32f4xx_hal_i2c.o [1]
I2C_WaitOnFlagUntilTimeout(I2C_HandleTypeDef *, unsigned int, FlagStatus, unsigned int, unsigned int)
                        0x0800284f   0x7e  Code  Lc  stm32f4xx_hal_i2c.o [1]
I2C_WaitOnMasterAddressFlagUntilTimeout(I2C_HandleTypeDef *, unsigned int, unsigned int, unsigned int)
                        0x080028cd   0x98  Code  Lc  stm32f4xx_hal_i2c.o [1]
I2C_WaitOnRXNEFlagUntilTimeout(I2C_HandleTypeDef *, unsigned int, unsigned int)
                        0x08002a09   0x5c  Code  Lc  stm32f4xx_hal_i2c.o [1]
I2C_WaitOnTXEFlagUntilTimeout(I2C_HandleTypeDef *, unsigned int, unsigned int)
                        0x08002965   0x52  Code  Lc  stm32f4xx_hal_i2c.o [1]
I2C_Write               0x08006e09   0x36  Code  Gb  i2c.o [1]
IMU::CalibrateSensorBias()
                        0x08007b69  0x170  Code  Gb  IMU.o [1]
IMU::GetAccelData(FCSensorDataType *)
                        0x08007a11   0x6e  Code  Gb  IMU.o [1]
IMU::GetCompassData(FCSensorDataType *)
                        0x08007a7f   0xe0  Code  Gb  IMU.o [1]
IMU::GetInstance()      0x0800794d   0x1a  Code  Gb  IMU.o [1]
IMU::GetInstance()::imu
                        0x20002784   0x84  Data  Lc  IMU.o [1]
IMU::GetInstance()::static guard for imu
                        0x20002780    0x1  Data  Lc  IMU.o [1]
IMU::GetRawGyroData(FCSensorDataType *)
                        0x080079b1   0x5e  Code  Gb  IMU.o [1]
IMU::IMU()              0x08007911   0x3c  Code  Gb  IMU.o [1]
IMU::Init()             0x08007967   0x2c  Code  Gb  IMU.o [1]
IMU::Start()            0x08007993   0x1e  Code  Gb  IMU.o [1]
LED_Init                0x08006151   0x36  Code  Gb  led.o [1]
LED_SetOn               0x08006187   0x36  Code  Gb  led.o [1]
LEVEL_MAP               0x20000000    0x4  Data  Lc  logging.o [1]
LoadInt                 0x08003de7   0x6e  Code  Lc  xprintffull.o [3]
LogPrint(int, char const *, char const *, ...)
                        0x080060c5   0x4a  Code  Gb  logging.o [1]
MPU9250::GetMagSensitivityAdjData(float *)
                        0x0800830f   0x64  Code  Gb  MPU9250.o [1]
MPU9250::Init()         0x08007f55   0x4e  Code  Gb  MPU9250.o [1]
MPU9250::MPU9250()      0x08007ef1   0x5c  Code  Gb  MPU9250.o [1]
MPU9250::getAcceleration(short *, short *, short *)
                        0x080080e1   0x42  Code  Gb  MPU9250.o [1]
MPU9250::getCompassDataReady()
                        0x080082eb   0x24  Code  Gb  MPU9250.o [1]
MPU9250::getDeviceID()  0x0800819b   0x1e  Code  Gb  MPU9250.o [1]
MPU9250::getMagData(short *, short *, short *)
                        0x0800829d   0x4e  Code  Gb  MPU9250.o [1]
MPU9250::getRotation(short *, short *, short *)
                        0x08008123   0x3e  Code  Gb  MPU9250.o [1]
MPU9250::setAccDLPFMode(unsigned char)
                        0x080080a3   0x3e  Code  Gb  MPU9250.o [1]
MPU9250::setBypassEnable(unsigned char)
                        0x080081b9   0x50  Code  Gb  MPU9250.o [1]
MPU9250::setClockSource(unsigned char)
                        0x08008161   0x3a  Code  Gb  MPU9250.o [1]
MPU9250::setFullScaleAccelRange(unsigned char)
                        0x08008045   0x5e  Code  Gb  MPU9250.o [1]
MPU9250::setFullScaleGyroRange(unsigned char)
                        0x08007fdd   0x68  Code  Gb  MPU9250.o [1]
MPU9250::setGyroDLPFMode(unsigned char)
                        0x08007fa3   0x3a  Code  Gb  MPU9250.o [1]
MPU9250::setMagContMeasMode(unsigned char)
                        0x08008253   0x4a  Code  Gb  MPU9250.o [1]
MPU9250::setMagMeasOutputBit(unsigned char)
                        0x08008209   0x4a  Code  Gb  MPU9250.o [1]
MX_TIM1_Init()          0x08006ee9  0x118  Code  Lc  pwm.o [1]
Madgwick::Madgwick()    0x080078d9   0x22  Code  Gb  MadgwickAHRS.o [1]
Madgwick::begin(float)  0x08007901    0xe  Code  Gb  TestIMU.o [1]
MotorCtrl::GetInstance()
                        0x08007e39   0x10  Code  Gb  motor_ctrl.o [1]
MotorCtrl::GetInstance()::motorCtrl
                        0x200029bc    0x4  Data  Lc  motor_ctrl.o [1]
MotorCtrl::GetInstance()::static guard for motorCtrl
                        0x200029b8    0x1  Data  Lc  motor_ctrl.o [1]
NVIC_EnableIRQ(IRQn_Type)
                        0x08003531   0x12  Code  Lc  stm32f4xx_hal_cortex.o [1]
NVIC_EncodePriority(unsigned int, unsigned int, unsigned int)
                        0x0800355d   0x36  Code  Lc  stm32f4xx_hal_cortex.o [1]
NVIC_GetPriorityGrouping()
                        0x08003527    0xa  Code  Lc  stm32f4xx_hal_cortex.o [1]
NVIC_SetPriority(IRQn_Type, unsigned int)
                        0x08003543   0x1a  Code  Lc  stm32f4xx_hal_cortex.o [1]
NVIC_SetPriorityGrouping(unsigned int)
                        0x0800350d   0x1a  Code  Lc  stm32f4xx_hal_cortex.o [1]
PID::PID(float *, float *, float *, float, float, float, int)
                        0x080083e9   0x58  Code  Gb  PID.o [1]
PID::SetControllerDirection(int)
                        0x0800854b   0x3a  Code  Gb  PID.o [1]
PID::SetOutputLimits(float, float)
                        0x080084dd   0x6e  Code  Gb  PID.o [1]
PID::SetTunings(float, float, float)
                        0x080084d9    0x4  Code  Gb  PID.o [1]
PID::SetTunings(float, float, float, int)
                        0x08008441   0x8a  Code  Gb  PID.o [1]
PWM_Init                0x08007001   0x32  Code  Gb  pwm.o [1]
PWM_Start               0x08007033   0x28  Code  Gb  pwm.o [1]
PendSV_Handler          0x08008707    0x2  Code  Gb  interrupt_mgr.o [1]
PingPongBuffer_DeInit(PPBufferType *)
                        0x0800621f   0x26  Code  Gb  ping_pong_buffer.o [1]
PingPongBuffer_Init(unsigned int)
                        0x080061c1   0x5e  Code  Gb  ping_pong_buffer.o [1]
PingPongBuffer_Read(PPBufferType *, uint8_t *, uint32_t *)::__func__
                        0x08006330   0x14  Data  Lc  ping_pong_buffer.o [1]
PingPongBuffer_Read(PPBufferType *, unsigned char *, unsigned int *)
                        0x0800628d   0x54  Code  Gb  ping_pong_buffer.o [1]
PingPongBuffer_Write(PPBufferType *, uint8_t const *, uint32_t)::__func__
                        0x08006304   0x18  Data  Lc  ping_pong_buffer.o [1]
PingPongBuffer_Write(PPBufferType *, unsigned char const *, unsigned int)
                        0x08006245   0x48  Code  Gb  ping_pong_buffer.o [1]
Print(char const *, ...)
                        0x0800610f   0x2e  Code  Gb  logging.o [1]
ProductInit()           0x080067e7   0x7e  Code  Lc  DeviceCtrl.o [1]
Receiver::GetCmd(FCCmdType &)
                        0x08007e69   0x5c  Code  Gb  receiver.o [1]
Receiver::GetInstance()
                        0x08007e4d   0x10  Code  Gb  receiver.o [1]
Receiver::GetInstance()::receiver
                        0x200029c4    0x4  Data  Lc  receiver.o [1]
Receiver::GetInstance()::static guard for receiver
                        0x200029c0    0x1  Data  Lc  receiver.o [1]
Receiver::Init()        0x08007e61    0x4  Code  Gb  receiver.o [1]
Receiver::Start()       0x08007e65    0x4  Code  Gb  receiver.o [1]
Region$$Table$$Base     0x08008780          --   Gb  - Linker created -
Region$$Table$$Limit    0x080087a0          --   Gb  - Linker created -
SBUS_DMAInterruptHandler
                        0x08005cbf    0x6  Code  Gb  sbus.o [1]
SBUS_Init               0x08005d3f   0x60  Code  Gb  sbus.o [1]
SBUS_InterruptHandler   0x08005c91   0x2e  Code  Gb  sbus.o [1]
SBUS_Read               0x08005df9  0x1b6  Code  Gb  sbus.o [1]
SBUS_Start              0x08005d9f   0x58  Code  Gb  sbus.o [1]
SVC_Handler             0x08008705    0x2  Code  Gb  interrupt_mgr.o [1]
SensorReader::GetInstance()
                        0x080070d9   0x10  Code  Gb  sensor_reader.o [1]
SensorReader::GetInstance()::sensorReader
                        0x200029ac    0xc  Data  Lc  sensor_reader.o [1]
SensorReader::GetInstance()::static guard for sensorReader
                        0x200029a8    0x1  Data  Lc  sensor_reader.o [1]
SensorReader::Init()    0x080070ed   0x60  Code  Gb  sensor_reader.o [1]
StateEstimator::GetInstance()
                        0x080070b3   0x18  Code  Gb  state_estimator.o [1]
StateEstimator::GetInstance()::stateEstimator
                        0x200028c0   0x40  Data  Lc  state_estimator.o [1]
StateEstimator::GetInstance()::static guard for stateEstimator
                        0x200028bc    0x1  Data  Lc  state_estimator.o [1]
StateEstimator::Init()  0x080070d5    0x4  Code  Gb  state_estimator.o [1]
StateEstimator::StateEstimator()
                        0x08007095   0x1e  Code  Gb  state_estimator.o [1]
SysTick_Config(unsigned int)
                        0x08003593   0x28  Code  Lc  stm32f4xx_hal_cortex.o [1]
SysTick_Handler         0x08008709   0x16  Code  Gb  interrupt_mgr.o [1]
SystemClock_Config()    0x080064b9   0xb2  Code  Lc  DeviceCtrl.o [1]
SystemCoreClock         0x2000010c    0x4  Data  Gb  system_stm32f4xx.o [1]
SystemInit              0x08008621   0x3a  Code  Gb  system_stm32f4xx.o [1]
TIM_Base_SetConfig      0x08007537   0xc8  Code  Gb  stm32f4xx_hal_tim.o [1]
TIM_CCxChannelCmd       0x08007663   0x1a  Code  Gb  stm32f4xx_hal_tim.o [1]
TIM_ETR_SetConfig(TIM_TypeDef *, unsigned int, unsigned int, unsigned int)
                        0x0800781b   0x16  Code  Lc  stm32f4xx_hal_tim.o [1]
TIM_ITRx_SetConfig(TIM_TypeDef *, unsigned short)
                        0x0800780b   0x10  Code  Lc  stm32f4xx_hal_tim.o [1]
TIM_OC1_SetConfig(TIM_TypeDef *, TIM_OC_InitTypeDef *)
                        0x0800767f   0x5c  Code  Lc  stm32f4xx_hal_tim.o [1]
TIM_OC2_SetConfig       0x080075ff   0x64  Code  Gb  stm32f4xx_hal_tim.o [1]
TIM_OC3_SetConfig(TIM_TypeDef *, TIM_OC_InitTypeDef *)
                        0x080076db   0x62  Code  Lc  stm32f4xx_hal_tim.o [1]
TIM_OC4_SetConfig(TIM_TypeDef *, TIM_OC_InitTypeDef *)
                        0x0800773d   0x52  Code  Lc  stm32f4xx_hal_tim.o [1]
TIM_TI1_ConfigInputStage(TIM_TypeDef *, unsigned int, unsigned int)
                        0x080077c1   0x24  Code  Lc  stm32f4xx_hal_tim.o [1]
TIM_TI2_ConfigInputStage(TIM_TypeDef *, unsigned int, unsigned int)
                        0x080077e5   0x26  Code  Lc  stm32f4xx_hal_tim.o [1]
TestCmdListener()       0x08008585   0x50  Code  Gb  TestIMU.o [1]
UART_DMAAbortOnError(__DMA_HandleTypeDef *)
                        0x08005859    0xc  Code  Lc  stm32f4xx_hal_uart.o [1]
UART_DMAError(__DMA_HandleTypeDef *)
                        0x0800576d   0x56  Code  Lc  stm32f4xx_hal_uart.o [1]
UART_DMAReceiveCplt(__DMA_HandleTypeDef *)
                        0x0800572d   0x38  Code  Lc  stm32f4xx_hal_uart.o [1]
UART_DMARxHalfCplt(__DMA_HandleTypeDef *)
                        0x08005765    0x6  Code  Lc  stm32f4xx_hal_uart.o [1]
UART_EndRxTransfer(UART_HandleTypeDef *)
                        0x0800583b   0x1c  Code  Lc  stm32f4xx_hal_uart.o [1]
UART_EndTransmit_IT(UART_HandleTypeDef *)
                        0x080058c7   0x1a  Code  Lc  stm32f4xx_hal_uart.o [1]
UART_EndTxTransfer(UART_HandleTypeDef *)
                        0x08005829   0x12  Code  Lc  stm32f4xx_hal_uart.o [1]
UART_Init               0x080063dd   0x3e  Code  Gb  uart.o [1]
UART_Init()             0x08005c17   0x7a  Code  Lc  sbus.o [1]
UART_Receive_IT(UART_HandleTypeDef *)
                        0x080058e1   0x8e  Code  Lc  stm32f4xx_hal_uart.o [1]
UART_Send               0x0800641b    0xe  Code  Gb  uart.o [1]
UART_SetConfig(UART_HandleTypeDef *)
                        0x0800596f  0x26c  Code  Lc  stm32f4xx_hal_uart.o [1]
UART_Transmit_IT(UART_HandleTypeDef *)
                        0x08005865   0x62  Code  Lc  stm32f4xx_hal_uart.o [1]
UART_WaitOnFlagUntilTimeout(UART_HandleTypeDef *, unsigned int, FlagStatus, unsigned int, unsigned int)
                        0x080057c3   0x66  Code  Lc  stm32f4xx_hal_uart.o [1]
USART6_IRQHandler       0x08008701    0x4  Code  Gb  interrupt_mgr.o [1]
VelController::VelController()
                        0x08007d89   0x3a  Code  Gb  controller_vel.o [1]
_EncodingSb_Mbtowc      0x080052d7   0x30  Code  Gb  xencoding_sb.o [3]
_EncodingSb_Mbtowc::initial
                        0x08005314    0x8  Data  Lc  xencoding_sb.o [3]
_EncodingSb_Wctomb      0x080052bd   0x1a  Code  Gb  xencoding_sb.o [3]
_EncodingSb_Wctomb::initial
                        0x0800530c    0x8  Data  Lc  xencoding_sb.o [3]
_GenldFull              0x0800466d  0x254  Code  Lc  xprintffull.o [3]
_IsdstStr               0x2000019c    0x4  Data  Gb  setlocale.o [3]
_LdtobFull              0x0800426d  0x3fa  Code  Lc  xprintffull.o [3]
_LitobFull              0x08004161  0x10a  Code  Lc  xprintffull.o [3]
_LocaleEncoding         0x080052a9    0xe  Code  Gb  setlocale.o [3]
_LocaleReturnString     0x200001bc   0x50  Data  Lc  setlocale.o [3]
_Locale_Profile         0x200001a0   0x1c  Data  Gb  setlocale.o [3]
_Locale_aeabi_lconv     0x20000160   0x38  Data  Gb  localeconv.o [3]
_Locale_lconv           0x20000110   0x50  Data  Gb  localeconv.o [3]
_Mbtowc                 0x0800490b   0x20  Code  Gb  xmbtowc.o [3]
_PrintfFull             0x08003771  0x660  Code  Gb  xprintffull.o [3]
_PutcharsFull           0x080048c1   0x2e  Code  Lc  xprintffull.o [3]
_PutstrFull             0x08003e55  0x306  Code  Lc  xprintffull.o [3]
_SNProut                0x080016a7   0x1a  Code  Gb  xsnprout.o [3]
_SProut                 0x08002a8f    0xa  Code  Gb  xsprout.o [3]
_TzoneStr               0x20000198    0x4  Data  Gb  setlocale.o [3]
_Wctomb                 0x080049df   0x1a  Code  Gb  xwctomb.o [3]
__aeabi_cdcmple         0x08004ab5         Code  Gb  DblCmpLe.o [5]
__aeabi_cdrcmple        0x08004ae5         Code  Gb  DblCmpGe.o [5]
__aeabi_d2iz            0x08004c29         Code  Gb  DblToI32.o [5]
__aeabi_d2uiz           0x08004c55         Code  Gb  DblToI32.o [5]
__aeabi_ddiv            0x08004fd5         Code  Gb  DblDiv.o [5]
__aeabi_dmul            0x08004e31         Code  Gb  DblMul.o [5]
__aeabi_dsub            0x08004cb1         Code  Gb  DblSub.o [5]
__aeabi_f2d             0x08008399         Code  Gb  FltToDbl.o [5]
__aeabi_i2d             0x08004c81         Code  Gb  I32ToDbl.o [5]
__aeabi_ldiv0           0x0800376d         Code  Gb  I64DivZer.o [6]
__aeabi_memclr4         0x08003305         Code  Gb  ABImemclr4.o [6]
__aeabi_memset          0x08006451         Code  Gb  ABImemset.o [6]
__aeabi_memset4         0x08003731         Code  Gb  ABImemset48.o [6]
__aeabi_memset8         0x08003731         Code  Gb  ABImemset48.o [6]
__aeabi_ui2d            0x08004c95         Code  Gb  I32ToDbl.o [5]
__aeabi_uldivmod        0x08003641         Code  Gb  I64DivMod.o [6]
__cmain                 0x080087a1         Code  Gb  cmain.o [6]
__data_GetMemChunk      0x080016c1   0x2c  Code  Gb  xgetmemchunk.o [3]
__data_GetMemChunk::start
                        0x200029cc    0x4  Data  Lc  xgetmemchunk.o [3]
__exit                  0x080016ed   0x14  Code  Gb  exit.o [7]
__iar_Dnorm             0x08004a6f   0x44  Code  Gb  xdnorm.o [5]
__iar_Dscale            0x08004b15  0x114  Code  Gb  xdscale.o [5]
__iar_Locale_lconv_init
                        0x0800522d   0x3a  Code  Gb  localeconv.o [3]
__iar_Mbcurmax          0x080049d5    0xa  Code  Gb  xmbcurmax.o [3]
__iar_Memchr            0x0800497d         Code  Gb  memchr.o [6]
__iar_Memset            0x08006451         Code  Gb  ABImemset.o [6]
__iar_Memset4_word      0x08003739         Code  Gb  ABImemset48.o [6]
__iar_Memset8_word      0x08003739         Code  Gb  ABImemset48.o [6]
__iar_Memset_word       0x08006459         Code  Gb  ABImemset.o [6]
__iar_Strchr            0x0800492d         Code  Gb  strchr.o [6]
__iar_d2uiz             0x08004c61         Code  Gb  DblToI32.o [5]
__iar_dadd              0x0800531d         Code  Gb  DblAdd.o [5]
__iar_data_init3        0x08008735   0x28  Code  Gb  data_init.o [6]
__iar_dlfree            0x0800117f  0x51a  Code  Gb  dlmalloc.o [3]
__iar_dlib_perthread_access
                        0x080053f1    0x2  Code  Gb  xtls.o [3]
__iar_dlmalloc          0x08000ec9  0x2aa  Code  Gb  dlmalloc.o [3]
__iar_dsub              0x08004cc5         Code  Gb  DblSub.o [5]
__iar_dsubStart         0x08004cd7         Code  Gb  DblSub.o [5]
__iar_init_vfp          0x0800875d         Code  Gb  fpinit_M.o [5]
__iar_packbits_init_single3
                        0x080086c1   0x38  Code  Gb  packbits_init_single.o [6]
__iar_program_start     0x080087f9         Code  Gb  cstartup_M.o [6]
__iar_ui2d              0x08004c99         Code  Gb  I32ToDbl.o [5]
__iar_unaligned___aeabi_memcpy
                        0x080049f9         Code  Gb  ABImemcpy_unaligned.o [6]
__iar_unaligned___aeabi_memcpy4
                        0x08004a19         Code  Gb  ABImemcpy_unaligned.o [6]
__iar_unaligned___aeabi_memcpy8
                        0x08004a19         Code  Gb  ABImemcpy_unaligned.o [6]
__iar_zero_init3        0x08008681   0x40  Code  Gb  zero_init3.o [6]
__low_level_init        0x080087bb    0x4  Code  Gb  low_level_init.o [3]
__vector_table          0x08000000         Data  Gb  startup_stm32f429xx.o [1]
_call_main              0x080087ad         Code  Gb  cmain.o [6]
_exit                   0x080087dd         Code  Gb  cexit.o [6]
_gm_                    0x200025a8  0x1d8  Data  Lc  dlmalloc.o [3]
_main                   0x080087b7         Code  Gb  cmain.o [6]
abort                   0x080016a1    0x6  Code  Gb  abort.o [3]
div                     0x08005299    0xe  Code  Gb  div.o [3]
exit                    0x080087d7    0x4  Code  Gb  exit.o [3]
hdma_usart6_rx          0x20002808   0x60  Data  Lc  sbus.o [1]
headerBuf               0x20000004   0x10  Data  Lc  logging.o [1]
hi2c1                   0x20002868   0x54  Data  Lc  i2c.o [1]
htim1                   0x20002940   0x3c  Data  Lc  pwm.o [1]
huart3                  0x20002900   0x40  Data  Lc  uart.o [1]
huart6                  0x200000b4   0x40  Data  Lc  sbus.o [1]
init_mparams            0x080001c9   0x32  Code  Lc  dlmalloc.o [3]
init_top                0x080001fb   0x34  Code  Lc  dlmalloc.o [3]
localeconv              0x08005267   0x16  Code  Gb  localeconv.o [3]
main                    0x080087bf   0x18  Code  Gb  main.o [1]
memchr                  0x0800497d         Code  Gb  memchr.o [6]
mparams                 0x2000297c   0x18  Data  Lc  dlmalloc.o [3]
msgBuf                  0x20000014   0x80  Data  Lc  logging.o [1]
prepend_alloc           0x0800022f  0x372  Code  Lc  dlmalloc.o [3]
sChannelOutMax          0x200000fc    0x4  Data  Lc  sbus.o [1]
sChannelOutMin          0x200000f8    0x4  Data  Lc  sbus.o [1]
sRecBuffer              0x20000098   0x1c  Data  Lc  sbus.o [1]
sRetryCnt               0x20000095    0x1  Data  Lc  sbus.o [1]
sStarted                0x20000094    0x1  Data  Lc  sbus.o [1]
sSystickHandler         0x200029c8    0x4  Data  Lc  interrupt_mgr.o [1]
segment_holding         0x080001ad   0x1c  Code  Lc  dlmalloc.o [3]
snprintf                0x08006399   0x44  Code  Gb  snprintf.o [3]
spPPBuffer              0x200000f4    0x4  Data  Lc  sbus.o [1]
strchr                  0x0800492d         Code  Gb  strchr.o [6]
strlen                  0x08004945         Code  Gb  strlen.o [6]
sys_alloc               0x080005a1  0x388  Code  Lc  dlmalloc.o [3]
tmalloc_large           0x08000935  0x380  Code  Lc  dlmalloc.o [3]
tmalloc_small           0x08000cb5  0x206  Code  Lc  dlmalloc.o [3]
uwTick                  0x20000104    0x4  Data  Gb  stm32f4xx_hal.o [1]
uwTickFreq              0x20000100    0x1  Data  Gb  stm32f4xx_hal.o [1]
uwTickPrio              0x20000108    0x4  Data  Gb  stm32f4xx_hal.o [1]
vsprintf                0x0800636d   0x2c  Code  Gb  vsprintf.o [3]


[1] = D:\MyLife\work\UAV\Custom-Flight-Controller\FlightController\FlightController\EWARM\FlightController\Obj
[2] = command line
[3] = dl7M_tlf.a
[4] = iar_cortexM4lf_math.a
[5] = m7M_tls.a
[6] = rt7M_tl.a
[7] = shb_l.a

  35 158 bytes of readonly  code memory
      76 bytes of readonly  data memory
  10 700 bytes of readwrite data memory

Errors: none
Warnings: none
