###############################################################################
#
# IAR ELF Linker V7.80.3.12102/W32 for ARM                09/Feb/2020  16:56:47
# Copyright 2007-2016 IAR Systems AB.
#
#    Output file  =  
#        D:\MyLife\work\UAV\Custom-Flight-Controller\FlightController\FlightControllerV2\EWARM\FlightControllerV2\Exe\FlightControllerV2.out
#    Map file     =  
#        D:\MyLife\work\UAV\Custom-Flight-Controller\FlightController\FlightControllerV2\EWARM\FlightControllerV2\List\FlightControllerV2.map
#    Command line =  
#        D:\MyLife\work\UAV\Custom-Flight-Controller\FlightController\FlightControllerV2\EWARM\FlightControllerV2\Obj\cmd_listener.o
#        D:\MyLife\work\UAV\Custom-Flight-Controller\FlightController\FlightControllerV2\EWARM\FlightControllerV2\Obj\controller.o
#        D:\MyLife\work\UAV\Custom-Flight-Controller\FlightController\FlightControllerV2\EWARM\FlightControllerV2\Obj\controller_att.o
#        D:\MyLife\work\UAV\Custom-Flight-Controller\FlightController\FlightControllerV2\EWARM\FlightControllerV2\Obj\controller_att_rate.o
#        D:\MyLife\work\UAV\Custom-Flight-Controller\FlightController\FlightControllerV2\EWARM\FlightControllerV2\Obj\controller_util.o
#        D:\MyLife\work\UAV\Custom-Flight-Controller\FlightController\FlightControllerV2\EWARM\FlightControllerV2\Obj\controller_vel.o
#        D:\MyLife\work\UAV\Custom-Flight-Controller\FlightController\FlightControllerV2\EWARM\FlightControllerV2\Obj\device_ctrl.o
#        D:\MyLife\work\UAV\Custom-Flight-Controller\FlightController\FlightControllerV2\EWARM\FlightControllerV2\Obj\i2c.o
#        D:\MyLife\work\UAV\Custom-Flight-Controller\FlightController\FlightControllerV2\EWARM\FlightControllerV2\Obj\IMU.o
#        D:\MyLife\work\UAV\Custom-Flight-Controller\FlightController\FlightControllerV2\EWARM\FlightControllerV2\Obj\inv_mpu.o
#        D:\MyLife\work\UAV\Custom-Flight-Controller\FlightController\FlightControllerV2\EWARM\FlightControllerV2\Obj\inv_mpu_dmp_motion_driver.o
#        D:\MyLife\work\UAV\Custom-Flight-Controller\FlightController\FlightControllerV2\EWARM\FlightControllerV2\Obj\led.o
#        D:\MyLife\work\UAV\Custom-Flight-Controller\FlightController\FlightControllerV2\EWARM\FlightControllerV2\Obj\logging.o
#        D:\MyLife\work\UAV\Custom-Flight-Controller\FlightController\FlightControllerV2\EWARM\FlightControllerV2\Obj\MadgwickAHRS.o
#        D:\MyLife\work\UAV\Custom-Flight-Controller\FlightController\FlightControllerV2\EWARM\FlightControllerV2\Obj\main.o
#        D:\MyLife\work\UAV\Custom-Flight-Controller\FlightController\FlightControllerV2\EWARM\FlightControllerV2\Obj\main_app.o
#        D:\MyLife\work\UAV\Custom-Flight-Controller\FlightController\FlightControllerV2\EWARM\FlightControllerV2\Obj\motor_ctrl.o
#        D:\MyLife\work\UAV\Custom-Flight-Controller\FlightController\FlightControllerV2\EWARM\FlightControllerV2\Obj\MPU9250.o
#        D:\MyLife\work\UAV\Custom-Flight-Controller\FlightController\FlightControllerV2\EWARM\FlightControllerV2\Obj\PID.o
#        D:\MyLife\work\UAV\Custom-Flight-Controller\FlightController\FlightControllerV2\EWARM\FlightControllerV2\Obj\ping_pong_buffer.o
#        D:\MyLife\work\UAV\Custom-Flight-Controller\FlightController\FlightControllerV2\EWARM\FlightControllerV2\Obj\pwm.o
#        D:\MyLife\work\UAV\Custom-Flight-Controller\FlightController\FlightControllerV2\EWARM\FlightControllerV2\Obj\QKF.o
#        D:\MyLife\work\UAV\Custom-Flight-Controller\FlightController\FlightControllerV2\EWARM\FlightControllerV2\Obj\receiver.o
#        D:\MyLife\work\UAV\Custom-Flight-Controller\FlightController\FlightControllerV2\EWARM\FlightControllerV2\Obj\ring_buffer.o
#        D:\MyLife\work\UAV\Custom-Flight-Controller\FlightController\FlightControllerV2\EWARM\FlightControllerV2\Obj\sbus.o
#        D:\MyLife\work\UAV\Custom-Flight-Controller\FlightController\FlightControllerV2\EWARM\FlightControllerV2\Obj\sensor_reader.o
#        D:\MyLife\work\UAV\Custom-Flight-Controller\FlightController\FlightControllerV2\EWARM\FlightControllerV2\Obj\SparkFunMPU9250-DMP.o
#        D:\MyLife\work\UAV\Custom-Flight-Controller\FlightController\FlightControllerV2\EWARM\FlightControllerV2\Obj\startup_stm32f103xb.o
#        D:\MyLife\work\UAV\Custom-Flight-Controller\FlightController\FlightControllerV2\EWARM\FlightControllerV2\Obj\state_estimator.o
#        D:\MyLife\work\UAV\Custom-Flight-Controller\FlightController\FlightControllerV2\EWARM\FlightControllerV2\Obj\stm32f1xx_hal.o
#        D:\MyLife\work\UAV\Custom-Flight-Controller\FlightController\FlightControllerV2\EWARM\FlightControllerV2\Obj\stm32f1xx_hal_cortex.o
#        D:\MyLife\work\UAV\Custom-Flight-Controller\FlightController\FlightControllerV2\EWARM\FlightControllerV2\Obj\stm32f1xx_hal_dma.o
#        D:\MyLife\work\UAV\Custom-Flight-Controller\FlightController\FlightControllerV2\EWARM\FlightControllerV2\Obj\stm32f1xx_hal_flash.o
#        D:\MyLife\work\UAV\Custom-Flight-Controller\FlightController\FlightControllerV2\EWARM\FlightControllerV2\Obj\stm32f1xx_hal_flash_ex.o
#        D:\MyLife\work\UAV\Custom-Flight-Controller\FlightController\FlightControllerV2\EWARM\FlightControllerV2\Obj\stm32f1xx_hal_gpio.o
#        D:\MyLife\work\UAV\Custom-Flight-Controller\FlightController\FlightControllerV2\EWARM\FlightControllerV2\Obj\stm32f1xx_hal_gpio_ex.o
#        D:\MyLife\work\UAV\Custom-Flight-Controller\FlightController\FlightControllerV2\EWARM\FlightControllerV2\Obj\stm32f1xx_hal_i2c.o
#        D:\MyLife\work\UAV\Custom-Flight-Controller\FlightController\FlightControllerV2\EWARM\FlightControllerV2\Obj\stm32f1xx_hal_msp.o
#        D:\MyLife\work\UAV\Custom-Flight-Controller\FlightController\FlightControllerV2\EWARM\FlightControllerV2\Obj\stm32f1xx_hal_pwr.o
#        D:\MyLife\work\UAV\Custom-Flight-Controller\FlightController\FlightControllerV2\EWARM\FlightControllerV2\Obj\stm32f1xx_hal_rcc.o
#        D:\MyLife\work\UAV\Custom-Flight-Controller\FlightController\FlightControllerV2\EWARM\FlightControllerV2\Obj\stm32f1xx_hal_rcc_ex.o
#        D:\MyLife\work\UAV\Custom-Flight-Controller\FlightController\FlightControllerV2\EWARM\FlightControllerV2\Obj\stm32f1xx_hal_tim.o
#        D:\MyLife\work\UAV\Custom-Flight-Controller\FlightController\FlightControllerV2\EWARM\FlightControllerV2\Obj\stm32f1xx_hal_tim_ex.o
#        D:\MyLife\work\UAV\Custom-Flight-Controller\FlightController\FlightControllerV2\EWARM\FlightControllerV2\Obj\stm32f1xx_hal_uart.o
#        D:\MyLife\work\UAV\Custom-Flight-Controller\FlightController\FlightControllerV2\EWARM\FlightControllerV2\Obj\stm32f1xx_it.o
#        D:\MyLife\work\UAV\Custom-Flight-Controller\FlightController\FlightControllerV2\EWARM\FlightControllerV2\Obj\system_stm32f1xx.o
#        D:\MyLife\work\UAV\Custom-Flight-Controller\FlightController\FlightControllerV2\EWARM\FlightControllerV2\Obj\test_app.o
#        D:\MyLife\work\UAV\Custom-Flight-Controller\FlightController\FlightControllerV2\EWARM\FlightControllerV2\Obj\uart.o
#        D:\MyLife\work\UAV\Custom-Flight-Controller\FlightController\FlightControllerV2\EWARM\FlightControllerV2\Obj\util.o
#        --redirect _Printf=_PrintfFull --redirect _Scanf=_ScanfFull -o
#        D:\MyLife\work\UAV\Custom-Flight-Controller\FlightController\FlightControllerV2\EWARM\FlightControllerV2\Exe\FlightControllerV2.out
#        --map
#        D:\MyLife\work\UAV\Custom-Flight-Controller\FlightController\FlightControllerV2\EWARM\FlightControllerV2\List\FlightControllerV2.map
#        --config
#        D:\MyLife\work\UAV\Custom-Flight-Controller\FlightController\FlightControllerV2\EWARM/stm32f103xb_flash.icf
#        --semihosting --entry __iar_program_start
#        E:\software\IAR\arm\CMSIS\Lib\IAR\iar_cortexM3l_math.a --vfe
#
###############################################################################

*******************************************************************************
*** RUNTIME MODEL ATTRIBUTES
***

CppFlavor        = *
__CPP_Exceptions = Disabled
__CPP_Language   = C++
__Heap_Handler   = DLMalloc
__SystemLibrary  = DLib


*******************************************************************************
*** PLACEMENT SUMMARY
***

"A0":  place at 0x08000000 { ro section .intvec };
"P1":  place in [from 0x08000000 to 0x0801ffff] { ro };
"P2":  place in [from 0x20000000 to 0x20004fff] { rw, block CSTACK, block HEAP };
initialize by copy { rw };

  Section             Kind        Address    Size  Object
  -------             ----        -------    ----  ------
"A0":                                        0xec
  .intvec             ro code  0x08000000    0xec  startup_stm32f103xb.o [1]
                             - 0x080000ec    0xec

"P1":                                      0x6fc4
  .text               ro code  0x080000ec  0x14f4  dlmalloc.o [3]
  .text               ro code  0x080015e0     0x6  abort.o [3]
  .rodata             const    0x080015e6     0x1  unwind_debug.o [7]
  .text               ro code  0x080015e8    0x2c  xgetmemchunk.o [3]
  .text               ro code  0x08001614    0x14  exit.o [7]
  .text               ro code  0x08001628   0x82c  stm32f1xx_hal_i2c.o [1]
  .text               ro code  0x08001e54   0x1f8  stm32f1xx_hal_msp.o [1]
  .text               ro code  0x0800204c   0x4c2  stm32f1xx_hal_rcc.o [1]
  .text               ro code  0x08002510     0xc  stm32f1xx_hal.o [1]
  .text               ro code  0x0800251c   0x1b0  stm32f1xx_hal_gpio.o [1]
  .text               ro code  0x080026cc     0x6  ABImemclr4.o [6]
  .text               ro code  0x080026d4   0x33a  stm32f1xx_hal_dma.o [1]
  .text               ro code  0x08002a10   0x25c  main.o [1]
  .text               ro code  0x08002c6c    0xc4  stm32f1xx_hal_cortex.o [1]
  .text               ro code  0x08002d30    0x40  stm32f1xx_hal.o [1]
  .text               ro code  0x08002d70    0x76  ABImemcpy_unaligned.o [6]
  .text               ro code  0x08002de8    0x32  ABImemset48.o [6]
  .text               ro code  0x08002e1c    0x24  stm32f1xx_hal.o [1]
  .text               ro code  0x08002e40   0x4f0  stm32f1xx_hal_uart.o [1]
  .text               ro code  0x08003330    0x28  stm32f1xx_hal.o [1]
  .text               ro code  0x08003358   0x65c  main_app.o [1]
  .text               ro code  0x080039b4   0x50e  stm32f1xx_hal_tim.o [1]
  .text               ro code  0x08003ec4    0xa8  stm32f1xx_hal_tim_ex.o [1]
  .text               ro code  0x08003f6c   0x2a8  sbus.o [1]
  .text               ro code  0x08004214     0x2  stm32f1xx_hal_uart.o [1]
  .text               ro code  0x08004216     0x2  stm32f1xx_hal_uart.o [1]
  .text               ro code  0x08004218    0x1c  FltCmpEq.o [5]
  .text               ro code  0x08004234   0x25c  controller.o [1]
  .text               ro code  0x08004490    0x4e  FltToDbl.o [5]
  .text               ro code  0x080044e0    0xe8  DblAdd.o [5]
  .text               ro code  0x080045c8    0x90  DblToFlt.o [5]
  .text               ro code  0x08004658   0x150  controller_att_rate.o [1]
  .text               ro code  0x080047a8    0x6e  led.o [1]
  .text               ro code  0x08004818   0x24c  device_ctrl.o [1]
  .text               ro code  0x08004a64     0x6  logging.o [1]
  .text               ro code  0x08004a6c    0xcc  state_estimator.o [1]
  .text               ro code  0x08004b38    0xec  sensor_reader.o [1]
  .text               ro code  0x08004c24    0x94  cmd_listener.o [1]
  .text               ro code  0x08004cb8   0x158  motor_ctrl.o [1]
  .text               ro code  0x08004e10     0x2  stm32f1xx_hal_tim.o [1]
  .text               ro code  0x08004e14   0x16c  ping_pong_buffer.o [1]
  .text               ro code  0x08004f80    0x78  controller_vel.o [1]
  .text               ro code  0x08004ff8    0x96  controller_att.o [1]
  .text               ro code  0x08005090    0x54  controller_util.o [1]
  .text               ro code  0x080050e4   0x16c  DblSub.o [5]
  .text               ro code  0x08005250   0x28e  PID.o [1]
  .text               ro code  0x080054e0     0x4  uart.o [1]
  .text               ro code  0x080054e4    0xdc  i2c.o [1]
  .text               ro code  0x080055c0    0xb4  pwm.o [1]
  .text               ro code  0x08005674   0x5de  MadgwickAHRS.o [1]
  .text               ro code  0x08005c54    0xd8  FltMul.o [5]
  .text               ro code  0x08005d2c   0x488  IMU.o [1]
  .text               ro code  0x080061b4   0x148  receiver.o [1]
  .text               ro code  0x080062fc    0x24  FltCmpGe.o [5]
  .text               ro code  0x08006320    0xe6  FltSub.o [5]
  .text               ro code  0x08006408    0x84  FltAdd.o [5]
  .text               ro code  0x0800648c    0x44  FltToS32.o [5]
  .text               ro code  0x080064d0     0x6  ABImemclr.o [6]
  .text               ro code  0x080064d6     0x8  arm_mat_init_f32.o [4]
  .text               ro code  0x080064e0    0x24  FltCmpLe.o [5]
  .text               ro code  0x08006504    0x32  I32ToFlt.o [5]
  .text               ro code  0x08006538    0xfc  FltDiv.o [5]
  .text               ro code  0x08006634    0xcc  atan2f.o [5]
  .text               ro code  0x08006700    0xb0  asinf.o [5]
  .text               ro code  0x080067b0   0x42c  MPU9250.o [1]
  .text               ro code  0x08006bdc    0x5e  util.o [1]
  .text               ro code  0x08006c3c    0x5e  ABImemset.o [6]
  .text               ro code  0x08006c9c    0xf4  xfatan.o [5]
  .text               ro code  0x08006d90    0x72  sqrtf.o [5]
  .text               ro code  0x08006e04     0xc  errno.o [3]
  .text               ro code  0x08006e10     0xc  iarEdom.o [6]
  .text               ro code  0x08006e1c     0x2  xtls.o [3]
  .text               ro code  0x08006e20    0x5c  system_stm32f1xx.o [1]
  .text               ro code  0x08006e7c    0x48  stm32f1xx_it.o [1]
  .text               ro code  0x08006ec4    0x10  stm32f1xx_hal.o [1]
  .text               ro code  0x08006ed4    0x40  zero_init3.o [6]
  .text               ro code  0x08006f14    0x38  packbits_init_single.o [6]
  .text               ro code  0x08006f4c    0x28  data_init.o [6]
  .iar.init_table     const    0x08006f74    0x20  - Linker created -
  .text               ro code  0x08006f94    0x1a  cmain.o [6]
  .text               ro code  0x08006fae     0x4  low_level_init.o [3]
  .text               ro code  0x08006fb2     0x4  exit.o [3]
  .text               ro code  0x08006fb8     0xa  cexit.o [6]
  .text               ro code  0x08006fc4    0x10  startup_stm32f103xb.o [1]
  .text               ro code  0x08006fd4     0xc  cstartup_M.o [6]
  .rodata             const    0x08006fe0     0x8  system_stm32f1xx.o [1]
  .text               ro code  0x08006fe8     0x4  startup_stm32f103xb.o [1]
  .text               ro code  0x08006fec     0x4  startup_stm32f103xb.o [1]
  .text               ro code  0x08006ff0     0x4  startup_stm32f103xb.o [1]
  .text               ro code  0x08006ff4     0x4  startup_stm32f103xb.o [1]
  .text               ro code  0x08006ff8     0x4  startup_stm32f103xb.o [1]
  .text               ro code  0x08006ffc     0x4  startup_stm32f103xb.o [1]
  .text               ro code  0x08007000     0x4  startup_stm32f103xb.o [1]
  .text               ro code  0x08007004     0x4  startup_stm32f103xb.o [1]
  .text               ro code  0x08007008     0x4  startup_stm32f103xb.o [1]
  .text               ro code  0x0800700c     0x4  startup_stm32f103xb.o [1]
  .text               ro code  0x08007010     0x4  startup_stm32f103xb.o [1]
  .text               ro code  0x08007014     0x4  startup_stm32f103xb.o [1]
  .text               ro code  0x08007018     0x4  startup_stm32f103xb.o [1]
  .text               ro code  0x0800701c     0x4  startup_stm32f103xb.o [1]
  .text               ro code  0x08007020     0x4  startup_stm32f103xb.o [1]
  .text               ro code  0x08007024     0x4  startup_stm32f103xb.o [1]
  .text               ro code  0x08007028     0x4  startup_stm32f103xb.o [1]
  .text               ro code  0x0800702c     0x4  startup_stm32f103xb.o [1]
  .text               ro code  0x08007030     0x4  startup_stm32f103xb.o [1]
  .text               ro code  0x08007034     0x4  startup_stm32f103xb.o [1]
  .text               ro code  0x08007038     0x4  startup_stm32f103xb.o [1]
  .text               ro code  0x0800703c     0x4  startup_stm32f103xb.o [1]
  .text               ro code  0x08007040     0x4  startup_stm32f103xb.o [1]
  .text               ro code  0x08007044     0x4  startup_stm32f103xb.o [1]
  .text               ro code  0x08007048     0x4  startup_stm32f103xb.o [1]
  .text               ro code  0x0800704c     0x4  startup_stm32f103xb.o [1]
  .text               ro code  0x08007050     0x4  startup_stm32f103xb.o [1]
  .text               ro code  0x08007054     0x4  startup_stm32f103xb.o [1]
  .text               ro code  0x08007058     0x4  startup_stm32f103xb.o [1]
  .text               ro code  0x0800705c     0x4  startup_stm32f103xb.o [1]
  .text               ro code  0x08007060     0x4  startup_stm32f103xb.o [1]
  .text               ro code  0x08007064     0x4  startup_stm32f103xb.o [1]
  .text               ro code  0x08007068     0x4  startup_stm32f103xb.o [1]
  .text               ro code  0x0800706c     0x4  startup_stm32f103xb.o [1]
  .text               ro code  0x08007070     0x4  startup_stm32f103xb.o [1]
  .text               ro code  0x08007074     0x4  startup_stm32f103xb.o [1]
  .text               ro code  0x08007078     0x4  startup_stm32f103xb.o [1]
  .text               ro code  0x0800707c     0x4  startup_stm32f103xb.o [1]
  .text               ro code  0x08007080     0x4  startup_stm32f103xb.o [1]
  .text               ro code  0x08007084     0x4  startup_stm32f103xb.o [1]
  .text               ro code  0x08007088     0x4  startup_stm32f103xb.o [1]
  .rodata             const    0x0800708c     0x0  zero_init3.o [6]
  .rodata             const    0x0800708c     0x0  packbits_init_single.o [6]
  Initializer bytes   const    0x0800708c    0x24  <for P2-1>
                             - 0x080070b0  0x6fc4

"P2", part 1 of 3:                           0x4c
  P2-1                         0x20000000    0x4c  <Init block>
    .data             inited   0x20000000    0x38  main_app.o [1]
    .data             inited   0x20000038     0xc  stm32f1xx_hal.o [1]
    .data             inited   0x20000044     0x4  system_stm32f1xx.o [1]
    __DLIB_PERTHREAD  inited   0x20000048     0x4  errno.o [3]
                             - 0x2000004c    0x4c

"P2", part 2 of 3:                          0x600
  CSTACK                       0x20000050   0x400  <Block>
    CSTACK            uninit   0x20000050   0x400  <Block tail>
  HEAP                         0x20000450   0x200  <Block>
    HEAP              uninit   0x20000450   0x200  <Block tail>
                             - 0x20000650   0x600

"P2", part 3 of 3:                          0x89c
  .bss                zero     0x20000650   0x3c0  controller.o [1]
  .bss                zero     0x20000a10   0x1d8  dlmalloc.o [3]
  .bss                zero     0x20000be8    0xd4  main.o [1]
  .bss                zero     0x20000cbc    0x98  IMU.o [1]
  .bss                zero     0x20000d54    0x54  controller_util.o [1]
  .bss                zero     0x20000da8    0x44  main.o [1]
  .bss                zero     0x20000dec    0x44  state_estimator.o [1]
  .bss                zero     0x20000e30    0x40  main.o [1]
  .bss                zero     0x20000e70    0x24  sbus.o [1]
  .bss                zero     0x20000e94    0x18  cmd_listener.o [1]
  .bss                zero     0x20000eac    0x18  dlmalloc.o [3]
  .bss                zero     0x20000ec4    0x10  sensor_reader.o [1]
  .bss                zero     0x20000ed4     0x8  motor_ctrl.o [1]
  .bss                zero     0x20000edc     0x8  receiver.o [1]
  .bss                zero     0x20000ee4     0x4  xgetmemchunk.o [3]
  .bss                zero     0x20000ee8     0x1  led.o [1]
                             - 0x20000ee9   0x899


*******************************************************************************
*** INIT TABLE
***

          Address     Size
          -------     ----
Zero (__iar_zero_init3)
    1 destination range, total size 0x899:
          0x20000650  0x899

Copy/packbits (__iar_packbits_init_single3)
    1 source range, total size 0x24 (47% of destination):
          0x0800708c   0x24
    1 destination range, total size 0x4c:
          0x20000000   0x4c



*******************************************************************************
*** MODULE SUMMARY
***

    Module                  ro code  ro data  rw data
    ------                  -------  -------  -------
D:\MyLife\work\UAV\Custom-Flight-Controller\FlightController\FlightControllerV2\EWARM\FlightControllerV2\Obj: [1]
    IMU.o                     1 160               152
    MPU9250.o                 1 068
    MadgwickAHRS.o            1 502
    PID.o                       654
    cmd_listener.o              148                24
    controller.o                604               960
    controller_att.o            150
    controller_att_rate.o       336
    controller_util.o            84                84
    controller_vel.o            120
    device_ctrl.o               588
    i2c.o                       220
    led.o                       110                 1
    logging.o                     6
    main.o                      604               344
    main_app.o                1 628       26       56
    motor_ctrl.o                344                 8
    ping_pong_buffer.o          364
    pwm.o                       180
    receiver.o                  328                 8
    sbus.o                      680                36
    sensor_reader.o             236                16
    startup_stm32f103xb.o       416
    state_estimator.o           204                68
    stm32f1xx_hal.o             168        6       12
    stm32f1xx_hal_cortex.o      196
    stm32f1xx_hal_dma.o         826
    stm32f1xx_hal_gpio.o        432
    stm32f1xx_hal_i2c.o       2 092
    stm32f1xx_hal_msp.o         504
    stm32f1xx_hal_rcc.o       1 218
    stm32f1xx_hal_tim.o       1 296
    stm32f1xx_hal_tim_ex.o      168
    stm32f1xx_hal_uart.o      1 268
    stm32f1xx_it.o               72
    system_stm32f1xx.o           92       10        4
    uart.o                        4
    util.o                       94
    -------------------------------------------------
    Total:                   20 164       42    1 773

command line: [2]
    -------------------------------------------------
    Total:

dl7M_tlf.a: [3]
    abort.o                       6
    dlmalloc.o                5 364               496
    errno.o                      12        2        4
    exit.o                        4
    low_level_init.o              4
    xgetmemchunk.o               44                 4
    xtls.o                        2
    -------------------------------------------------
    Total:                    5 436        2      504

iar_cortexM3l_math.a: [4]
    arm_mat_init_f32.o            8
    -------------------------------------------------
    Total:                        8

m7M_tl.a: [5]
    DblAdd.o                    232
    DblSub.o                    364
    DblToFlt.o                  144
    FltAdd.o                    132
    FltCmpEq.o                   28
    FltCmpGe.o                   36
    FltCmpLe.o                   36
    FltDiv.o                    252
    FltMul.o                    216
    FltSub.o                    230
    FltToDbl.o                   78
    FltToS32.o                   68
    I32ToFlt.o                   50
    asinf.o                     176
    atan2f.o                    204
    sqrtf.o                     114
    xfatan.o                    244
    -------------------------------------------------
    Total:                    2 604

rt7M_tl.a: [6]
    ABImemclr.o                   6
    ABImemclr4.o                  6
    ABImemcpy_unaligned.o       118
    ABImemset.o                  94
    ABImemset48.o                50
    cexit.o                      10
    cmain.o                      26
    cstartup_M.o                 12
    data_init.o                  40
    iarEdom.o                    12
    packbits_init_single.o       56
    zero_init3.o                 64
    -------------------------------------------------
    Total:                      494

shb_l.a: [7]
    exit.o                       20
    unwind_debug.o                         1
    -------------------------------------------------
    Total:                       20        1

    Gaps                         45
    Linker created                        32    1 536
-----------------------------------------------------
    Grand Total:             28 771       77    3 813


*******************************************************************************
*** ENTRY LIST
***

Entry                      Address   Size  Type      Object
-----                      -------   ----  ----      ------
.iar.init_table$$Base   0x08006f74          --   Gb  - Linker created -
.iar.init_table$$Limit  0x08006f94          --   Gb  - Linker created -
?main                   0x08006f95         Code  Gb  cmain.o [6]
AHBPrescTable           0x08006e6c   0x10  Data  Gb  system_stm32f1xx.o [1]
APBPrescTable           0x08006fe0    0x8  Data  Gb  system_stm32f1xx.o [1]
AttController::AttController(int)
                        0x08004ff9   0x6a  Code  Gb  controller_att.o [1]
AttController::SetPID(float, float, float)
                        0x0800506d    0xa  Code  Gb  controller_att.o [1]
AttController::SetPeriodMs(int)
                        0x08005083    0xc  Code  Gb  controller_att.o [1]
AttRateController::AttRateController(int)
                        0x08004659   0x6a  Code  Gb  controller_att_rate.o [1]
AttRateController::GetDesiredMotorThrust(float, float)
                        0x080046cd   0x40  Code  Gb  controller_att_rate.o [1]
AttRateController::GetKd()
                        0x0800474f    0x4  Code  Gb  controller_att_rate.o [1]
AttRateController::GetKi()
                        0x08004753    0x4  Code  Gb  controller_att_rate.o [1]
AttRateController::GetKp()
                        0x0800474b    0x4  Code  Gb  controller_att_rate.o [1]
AttRateController::SetKd(float)
                        0x08004723    0x6  Code  Gb  controller_att_rate.o [1]
AttRateController::SetKi(float)
                        0x08004735    0xa  Code  Gb  controller_att_rate.o [1]
AttRateController::SetKp(float)
                        0x08004719    0xa  Code  Gb  controller_att_rate.o [1]
AttRateController::SetPID(float, float, float)
                        0x0800470d    0xc  Code  Gb  controller_att_rate.o [1]
AttRateController::SetPeriodMs(int)
                        0x0800473f    0xc  Code  Gb  controller_att_rate.o [1]
BusFault_Handler        0x08006e83    0x2  Code  Gb  stm32f1xx_it.o [1]
CSTACK$$Base            0x20000050          --   Gb  - Linker created -
CSTACK$$Limit           0x20000450          --   Gb  - Linker created -
CmdListener::GetCmd(FCCmdType &)
                        0x08004c7b   0x12  Code  Gb  cmd_listener.o [1]
CmdListener::GetInstance()
                        0x08004c25    0xe  Code  Gb  cmd_listener.o [1]
CmdListener::GetInstance()::cmdListener
                        0x20000e98   0x14  Data  Lc  cmd_listener.o [1]
CmdListener::GetInstance()::static guard for cmdListener
                        0x20000e94    0x1  Data  Lc  cmd_listener.o [1]
CmdListener::Init()     0x08004c39   0x10  Code  Gb  cmd_listener.o [1]
CmdListener::Start()    0x08004c49   0x32  Code  Gb  cmd_listener.o [1]
Controller::Controller()
                        0x08004235   0xcc  Code  Gb  controller.o [1]
Controller::GetInstance()
                        0x08004301   0x16  Code  Gb  controller.o [1]
Controller::GetInstance()::controller
                        0x20000654  0x3bc  Data  Lc  controller.o [1]
Controller::GetInstance()::static guard for controller
                        0x20000650    0x1  Data  Lc  controller.o [1]
Controller::Init()      0x0800432d    0x4  Code  Gb  controller.o [1]
Controller::RunAttCtrl()
                        0x08004385    0x4  Code  Gb  controller.o [1]
Controller::RunAttRateCtrl()
                        0x08004389   0x90  Code  Gb  controller.o [1]
Controller::SetAccSetpoint(FCSensorDataType &)
                        0x08004419    0x6  Code  Gb  controller.o [1]
Controller::SetAttPeriodMs(int)
                        0x08004331   0x1e  Code  Gb  controller.o [1]
Controller::SetAttRatePeriodMs(int)
                        0x0800435b    0xa  Code  Gb  controller.o [1]
Controller::SetAttRateSetpoint(FCAttType &)
                        0x0800444d    0x6  Code  Gb  controller.o [1]
Controller::SetCurAtt(FCAttType &)
                        0x08004431    0x6  Code  Gb  controller.o [1]
Controller::SetCurAttRate(FCAttType &)
                        0x08004437    0x4  Code  Gb  controller.o [1]
ControllerUtil_Init()   0x08005091   0x36  Code  Gb  controller_util.o [1]
DMA1_Channel3_IRQHandler
                        0x08006e9b   0x10  Code  Gb  stm32f1xx_it.o [1]
DMA_SetConfig(__DMA_HandleTypeDef *, unsigned int, unsigned int, unsigned int)
                        0x080029ed   0x22  Code  Lc  stm32f1xx_hal_dma.o [1]
DebugMon_Handler        0x08006e89    0x2  Code  Gb  stm32f1xx_it.o [1]
DeviceInit()            0x08004819   0xd2  Code  Gb  device_ctrl.o [1]
Error_Handler           0x08002c61    0x2  Code  Gb  main.o [1]
GetHeightThrustFromVelSetpointZ(float)
                        0x080050c7   0x14  Code  Gb  controller_util.o [1]
HAL_DMA_Abort           0x080027b9   0x30  Code  Gb  stm32f1xx_hal_dma.o [1]
HAL_DMA_Abort_IT        0x080027e9   0x9c  Code  Gb  stm32f1xx_hal_dma.o [1]
HAL_DMA_IRQHandler      0x08002885  0x142  Code  Gb  stm32f1xx_hal_dma.o [1]
HAL_DMA_Init            0x080026d5   0x60  Code  Gb  stm32f1xx_hal_dma.o [1]
HAL_DMA_Start_IT        0x08002735   0x5e  Code  Gb  stm32f1xx_hal_dma.o [1]
HAL_Delay               0x08003331   0x28  Code  Wk  stm32f1xx_hal.o [1]
HAL_GPIO_Init           0x0800251d  0x172  Code  Gb  stm32f1xx_hal_gpio.o [1]
HAL_GPIO_WritePin       0x0800268f    0x8  Code  Gb  stm32f1xx_hal_gpio.o [1]
HAL_GetTick             0x08002511    0xc  Code  Wk  stm32f1xx_hal.o [1]
HAL_I2C_Init            0x08001629   0xd4  Code  Gb  stm32f1xx_hal_i2c.o [1]
HAL_I2C_Mem_Read        0x0800187d  0x10a  Code  Gb  stm32f1xx_hal_i2c.o [1]
HAL_I2C_Mem_Write       0x08001765   0xba  Code  Gb  stm32f1xx_hal_i2c.o [1]
HAL_I2C_MspInit         0x08001e8b   0x4a  Code  Gb  stm32f1xx_hal_msp.o [1]
HAL_IncTick             0x08006ec5   0x10  Code  Wk  stm32f1xx_hal.o [1]
HAL_Init                0x08002e1d   0x20  Code  Gb  stm32f1xx_hal.o [1]
HAL_InitTick            0x08002d31   0x40  Code  Wk  stm32f1xx_hal.o [1]
HAL_MspInit             0x08001e55   0x36  Code  Gb  stm32f1xx_hal_msp.o [1]
HAL_NVIC_EnableIRQ      0x08002cdb    0xc  Code  Gb  stm32f1xx_hal_cortex.o [1]
HAL_NVIC_SetPriority    0x08002ca1   0x3a  Code  Gb  stm32f1xx_hal_cortex.o [1]
HAL_NVIC_SetPriorityGrouping
                        0x08002c87   0x1a  Code  Gb  stm32f1xx_hal_cortex.o [1]
HAL_RCC_ClockConfig     0x08002325  0x124  Code  Gb  stm32f1xx_hal_rcc.o [1]
HAL_RCC_GetPCLK1Freq    0x080024ab   0x10  Code  Gb  stm32f1xx_hal_rcc.o [1]
HAL_RCC_GetPCLK2Freq    0x080024bb    0xe  Code  Gb  stm32f1xx_hal_rcc.o [1]
HAL_RCC_GetSysClockFreq
                        0x0800245d   0x4e  Code  Gb  stm32f1xx_hal_rcc.o [1]
HAL_RCC_OscConfig       0x0800204d  0x2d0  Code  Gb  stm32f1xx_hal_rcc.o [1]
HAL_SYSTICK_Config      0x08002cef   0x28  Code  Gb  stm32f1xx_hal_cortex.o [1]
HAL_TIMEx_ConfigBreakDeadTime
                        0x08003ed1   0x52  Code  Gb  stm32f1xx_hal_tim_ex.o [1]
HAL_TIMEx_MasterConfigSynchronization
                        0x08003f23   0x4a  Code  Gb  stm32f1xx_hal_tim_ex.o [1]
HAL_TIM_Base_Init       0x080039b5   0x1a  Code  Gb  stm32f1xx_hal_tim.o [1]
HAL_TIM_Base_MspInit    0x08001ed5   0x20  Code  Gb  stm32f1xx_hal_msp.o [1]
HAL_TIM_ConfigClockSource
                        0x08003bc9   0xa8  Code  Gb  stm32f1xx_hal_tim.o [1]
HAL_TIM_MspPostInit     0x08001ef5   0x28  Code  Gb  stm32f1xx_hal_msp.o [1]
HAL_TIM_PWM_ConfigChannel
                        0x08003af1   0xb8  Code  Gb  stm32f1xx_hal_tim.o [1]
HAL_TIM_PWM_Init        0x080039e3   0x1a  Code  Gb  stm32f1xx_hal_tim.o [1]
HAL_TIM_PWM_MspInit     0x08004e11    0x2  Code  Wk  stm32f1xx_hal_tim.o [1]
HAL_TIM_PWM_Start       0x08003a05    0x8  Code  Gb  stm32f1xx_hal_tim.o [1]
HAL_TIM_PWM_Stop        0x08003a0d   0x24  Code  Gb  stm32f1xx_hal_tim.o [1]
HAL_UART_DMAStop        0x08002f43   0x48  Code  Gb  stm32f1xx_hal_uart.o [1]
HAL_UART_ErrorCallback  0x08003f99   0x12  Code  Gb  sbus.o [1]
HAL_UART_IRQHandler     0x08002fa3  0x14e  Code  Gb  stm32f1xx_hal_uart.o [1]
HAL_UART_Init           0x08002e41   0x24  Code  Gb  stm32f1xx_hal_uart.o [1]
HAL_UART_MspInit        0x08001f27   0xbc  Code  Gb  stm32f1xx_hal_msp.o [1]
HAL_UART_Receive_DMA    0x08002eb1   0x8c  Code  Gb  stm32f1xx_hal_uart.o [1]
HAL_UART_RxCpltCallback
                        0x08003fab   0x3e  Code  Gb  sbus.o [1]
HAL_UART_RxHalfCpltCallback
                        0x08004217    0x2  Code  Wk  stm32f1xx_hal_uart.o [1]
HAL_UART_TxCpltCallback
                        0x08004215    0x2  Code  Wk  stm32f1xx_hal_uart.o [1]
HEAP$$Base              0x20000450          --   Gb  - Linker created -
HEAP$$Limit             0x20000650          --   Gb  - Linker created -
HardFault_Handler       0x08006e7f    0x2  Code  Gb  stm32f1xx_it.o [1]
I2C_Init                0x080054e5    0x4  Code  Gb  i2c.o [1]
I2C_IsAcknowledgeFailed(I2C_HandleTypeDef *)
                        0x08001e2d   0x28  Code  Lc  stm32f1xx_hal_i2c.o [1]
I2C_Read                0x0800551d   0x38  Code  Gb  i2c.o [1]
I2C_RequestMemoryRead(I2C_HandleTypeDef *, unsigned short, unsigned short, unsigned short, unsigned int, unsigned int)
                        0x08001b89   0xbe  Code  Lc  stm32f1xx_hal_i2c.o [1]
I2C_RequestMemoryWrite(I2C_HandleTypeDef *, unsigned short, unsigned short, unsigned short, unsigned int, unsigned int)
                        0x08001af9   0x7c  Code  Lc  stm32f1xx_hal_i2c.o [1]
I2C_WaitOnBTFFlagUntilTimeout(I2C_HandleTypeDef *, unsigned int, unsigned int)
                        0x08001d85   0x32  Code  Lc  stm32f1xx_hal_i2c.o [1]
I2C_WaitOnFlagUntilTimeout(I2C_HandleTypeDef *, unsigned int, FlagStatus, unsigned int, unsigned int)
                        0x08001c79   0x5e  Code  Lc  stm32f1xx_hal_i2c.o [1]
I2C_WaitOnMasterAddressFlagUntilTimeout(I2C_HandleTypeDef *, unsigned int, unsigned int, unsigned int)
                        0x08001cd7   0x6c  Code  Lc  stm32f1xx_hal_i2c.o [1]
I2C_WaitOnRXNEFlagUntilTimeout(I2C_HandleTypeDef *, unsigned int, unsigned int)
                        0x08001dd3   0x3e  Code  Lc  stm32f1xx_hal_i2c.o [1]
I2C_WaitOnTXEFlagUntilTimeout(I2C_HandleTypeDef *, unsigned int, unsigned int)
                        0x08001d53   0x32  Code  Lc  stm32f1xx_hal_i2c.o [1]
I2C_Write               0x080054e9   0x34  Code  Gb  i2c.o [1]
IMU::CalibrateSensorBias()
                        0x08005fcd  0x12e  Code  Gb  IMU.o [1]
IMU::GetAccelData(FCSensorDataType *)
                        0x08005ea5   0x56  Code  Gb  IMU.o [1]
IMU::GetCompassData(FCSensorDataType *)
                        0x08005f03   0xa0  Code  Gb  IMU.o [1]
IMU::GetGyroData(FCSensorDataType *)
                        0x08005dc7   0x96  Code  Gb  IMU.o [1]
IMU::GetInstance()      0x08005d69   0x18  Code  Gb  IMU.o [1]
IMU::GetInstance()::imu
                        0x20000cc0   0x94  Data  Lc  IMU.o [1]
IMU::GetInstance()::static guard for imu
                        0x20000cbc    0x1  Data  Lc  IMU.o [1]
IMU::GetRawGyroData(FCSensorDataType *)
                        0x08005e5d   0x28  Code  Gb  IMU.o [1]
IMU::IMU()              0x08005d2d   0x3c  Code  Gb  IMU.o [1]
IMU::Init()             0x08005d81   0x2c  Code  Gb  IMU.o [1]
IMU::Start()            0x08005dad   0x1a  Code  Gb  IMU.o [1]
LED_Blink               0x080047f5   0x22  Code  Gb  led.o [1]
LED_Init                0x080047a9    0xc  Code  Gb  led.o [1]
LED_SetOn               0x080047b5   0x10  Code  Gb  led.o [1]
LED_Toggle              0x080047cf   0x1c  Code  Gb  led.o [1]
LogPrint(int, char const *, char const *, ...)
                        0x08004a65    0x6  Code  Gb  logging.o [1]
MPU9250::GetMagSensitivityAdjData(float *)
                        0x08006b51   0x68  Code  Gb  MPU9250.o [1]
MPU9250::Init()         0x08006811   0x4e  Code  Gb  MPU9250.o [1]
MPU9250::MPU9250()      0x080067b1   0x54  Code  Gb  MPU9250.o [1]
MPU9250::getAcceleration(short *, short *, short *)
                        0x08006981   0x12  Code  Gb  MPU9250.o [1]
MPU9250::getCompassDataReady()
                        0x08006b27   0x1c  Code  Gb  MPU9250.o [1]
MPU9250::getDeviceID()  0x08006a23   0x1e  Code  Gb  MPU9250.o [1]
MPU9250::getMagData(short *, short *, short *)
                        0x08006ad5   0x48  Code  Gb  MPU9250.o [1]
MPU9250::getRotation(short *, short *, short *)
                        0x080069a5   0x1e  Code  Gb  MPU9250.o [1]
MPU9250::setAccDLPFMode(unsigned char)
                        0x0800693b   0x22  Code  Gb  MPU9250.o [1]
MPU9250::setBypassEnable(unsigned char)
                        0x08006a41   0x3c  Code  Gb  MPU9250.o [1]
MPU9250::setClockSource(unsigned char)
                        0x080069ef   0x10  Code  Gb  MPU9250.o [1]
MPU9250::setFullScaleAccelRange(unsigned char)
                        0x080068d1   0x3a  Code  Gb  MPU9250.o [1]
MPU9250::setFullScaleGyroRange(unsigned char)
                        0x0800688d   0x44  Code  Gb  MPU9250.o [1]
MPU9250::setGyroDLPFMode(unsigned char)
                        0x0800685f   0x2c  Code  Gb  MPU9250.o [1]
MPU9250::setMagContMeasMode(unsigned char)
                        0x08006a91    0x2  Code  Gb  MPU9250.o [1]
MPU9250::setMagMeasOutputBit(unsigned char)
                        0x08006a8d    0x4  Code  Gb  MPU9250.o [1]
MX_TIM1_Init()          0x08002b77   0xbe  Code  Lc  main.o [1]
Madgwick::Madgwick()    0x08005675   0x22  Code  Gb  MadgwickAHRS.o [1]
Madgwick::computeAngles()
                        0x08005baf   0x9a  Code  Gb  MadgwickAHRS.o [1]
Madgwick::invSqrt(float)
                        0x08005b53   0x3c  Code  Gb  MadgwickAHRS.o [1]
Madgwick::updateIMU(float, float, float, float, float, float)
                        0x080056a9  0x3ec  Code  Gb  MadgwickAHRS.o [1]
MainApp()               0x0800359b  0x248  Code  Gb  main_app.o [1]
MainApp_OnCoreTimerTick()
                        0x08003391   0x70  Code  Gb  main_app.o [1]
MemManage_Handler       0x08006e81    0x2  Code  Gb  stm32f1xx_it.o [1]
MotorCtrl::EnableThrustClamp(bool)
                        0x08004cdd    0x6  Code  Gb  motor_ctrl.o [1]
MotorCtrl::GetInstance()
                        0x08004cb9   0x10  Code  Gb  motor_ctrl.o [1]
MotorCtrl::GetInstance()::motorCtrl
                        0x20000ed8    0x4  Data  Lc  motor_ctrl.o [1]
MotorCtrl::GetInstance()::static guard for motorCtrl
                        0x20000ed4    0x1  Data  Lc  motor_ctrl.o [1]
MotorCtrl::OutputMotor(float, float, float, float)
                        0x08004ce3   0xe8  Code  Gb  motor_ctrl.o [1]
MotorCtrl::StartMotor()
                        0x08004cd3    0xa  Code  Gb  motor_ctrl.o [1]
MotorCtrl::StopMotor()  0x08004cc9    0xa  Code  Gb  motor_ctrl.o [1]
NMI_Handler             0x08006e7d    0x2  Code  Gb  stm32f1xx_it.o [1]
NVIC_SetPriority(IRQn_Type, unsigned int)
                        0x08002c6d   0x1a  Code  Lc  stm32f1xx_hal_cortex.o [1]
PID::Compute()          0x08005291   0xbe  Code  Gb  PID.o [1]
PID::Initialize()       0x08005487   0x2a  Code  Gb  PID.o [1]
PID::PID(float *, float *, float *, float, float, float, int, int)
                        0x08005251   0x26  Code  Gb  PID.o [1]
PID::SetControllerDirection(int)
                        0x080054b1   0x2e  Code  Gb  PID.o [1]
PID::SetMode(int)       0x08005467   0x20  Code  Gb  PID.o [1]
PID::SetOutputLimits(float, float)
                        0x08005415   0x48  Code  Gb  PID.o [1]
PID::SetSampleTime(int)
                        0x080053db   0x3a  Code  Gb  PID.o [1]
PID::SetTunings(float, float, float)
                        0x080053cd    0xe  Code  Gb  PID.o [1]
PID::SetTunings(float, float, float, int)
                        0x0800534f   0x76  Code  Gb  PID.o [1]
PWM_Init                0x080055c1   0x12  Code  Gb  pwm.o [1]
PWM_SetDutyCycle        0x0800562d   0x42  Code  Gb  pwm.o [1]
PWM_Start               0x080055d3   0x32  Code  Gb  pwm.o [1]
PWM_Stop                0x08005605   0x28  Code  Gb  pwm.o [1]
PendSV_Handler          0x08006e8b    0x2  Code  Gb  stm32f1xx_it.o [1]
PingPongBuffer_DeInit(PPBufferType *)
                        0x08004e6f   0x22  Code  Gb  ping_pong_buffer.o [1]
PingPongBuffer_Init(unsigned int)
                        0x08004e15   0x5a  Code  Gb  ping_pong_buffer.o [1]
PingPongBuffer_Read(PPBufferType *, std::uint8_t *, unsigned int *)::__func__
                        0x08004f6c   0x14  Data  Lc  ping_pong_buffer.o [1]
PingPongBuffer_Read(PPBufferType *, unsigned char *, unsigned int *)
                        0x08004ec9   0x44  Code  Gb  ping_pong_buffer.o [1]
PingPongBuffer_Write(PPBufferType *, std::uint8_t const *, unsigned int)::__func__
                        0x08004f40   0x18  Data  Lc  ping_pong_buffer.o [1]
PingPongBuffer_Write(PPBufferType *, unsigned char const *, unsigned int)
                        0x08004e91   0x38  Code  Gb  ping_pong_buffer.o [1]
Receiver::GetCmd(FCCmdType &)
                        0x080061cb   0xd6  Code  Gb  receiver.o [1]
Receiver::GetInstance()
                        0x080061b5    0xe  Code  Gb  receiver.o [1]
Receiver::GetInstance()::receiver
                        0x20000ee0    0x4  Data  Lc  receiver.o [1]
Receiver::GetInstance()::static guard for receiver
                        0x20000edc    0x1  Data  Lc  receiver.o [1]
Receiver::Init()        0x080061c3    0x4  Code  Gb  receiver.o [1]
Receiver::Start()       0x080061c7    0x4  Code  Gb  receiver.o [1]
Region$$Table$$Base     0x08006f74          --   Gb  - Linker created -
Region$$Table$$Limit    0x08006f94          --   Gb  - Linker created -
SBUS_DMAInterruptHandler
                        0x08003f97    0x2  Code  Gb  sbus.o [1]
SBUS_Init               0x08003fe9   0x22  Code  Gb  sbus.o [1]
SBUS_InterruptHandler   0x08003f6d   0x2a  Code  Gb  sbus.o [1]
SBUS_Read               0x08004047  0x13c  Code  Gb  sbus.o [1]
SBUS_Start              0x0800400b   0x3c  Code  Gb  sbus.o [1]
SVC_Handler             0x08006e87    0x2  Code  Gb  stm32f1xx_it.o [1]
SensorReader::GetInstance()
                        0x08004b39    0xe  Code  Gb  sensor_reader.o [1]
SensorReader::GetInstance()::sensorReader
                        0x20000ec8    0xc  Data  Lc  sensor_reader.o [1]
SensorReader::GetInstance()::static guard for sensorReader
                        0x20000ec4    0x1  Data  Lc  sensor_reader.o [1]
SensorReader::GetSensorMeas(FCSensorMeasType &)
                        0x08004b9d   0x1e  Code  Gb  sensor_reader.o [1]
SensorReader::Init()    0x08004b4d   0x50  Code  Gb  sensor_reader.o [1]
StateEstimator::EstimateState(FCSensorMeasType &)
                        0x08004a9f   0x88  Code  Gb  state_estimator.o [1]
StateEstimator::GetInstance()
                        0x08004a85   0x16  Code  Gb  state_estimator.o [1]
StateEstimator::GetInstance()::stateEstimator
                        0x20000df0   0x40  Data  Lc  state_estimator.o [1]
StateEstimator::GetInstance()::static guard for stateEstimator
                        0x20000dec    0x1  Data  Lc  state_estimator.o [1]
StateEstimator::Init()  0x08004a9b    0x4  Code  Gb  state_estimator.o [1]
StateEstimator::StateEstimator()
                        0x08004a6d   0x18  Code  Gb  state_estimator.o [1]
SysTick_Handler         0x08006e8d    0xe  Code  Gb  stm32f1xx_it.o [1]
SystemClock_Config()    0x08002b21   0x56  Code  Gb  main.o [1]
SystemCoreClock         0x20000044    0x4  Data  Gb  system_stm32f1xx.o [1]
SystemInit              0x08006e21   0x3a  Code  Gb  system_stm32f1xx.o [1]
TIM_Base_SetConfig      0x08003c9b   0x5e  Code  Gb  stm32f1xx_hal_tim.o [1]
TIM_CCxChannelCmd       0x08003eab   0x18  Code  Gb  stm32f1xx_hal_tim.o [1]
TIM_ETR_SetConfig(TIM_TypeDef *, unsigned int, unsigned int, unsigned int)
                        0x08003e97   0x14  Code  Lc  stm32f1xx_hal_tim.o [1]
TIM_ITRx_SetConfig(TIM_TypeDef *, unsigned short)
                        0x08003e87   0x10  Code  Lc  stm32f1xx_hal_tim.o [1]
TIM_OC1_SetConfig(TIM_TypeDef *, TIM_OC_InitTypeDef *)
                        0x08003cfb   0x44  Code  Lc  stm32f1xx_hal_tim.o [1]
TIM_OC2_SetConfig       0x08003d3f   0x4c  Code  Gb  stm32f1xx_hal_tim.o [1]
TIM_OC3_SetConfig(TIM_TypeDef *, TIM_OC_InitTypeDef *)
                        0x08003d97   0x50  Code  Lc  stm32f1xx_hal_tim.o [1]
TIM_OC4_SetConfig(TIM_TypeDef *, TIM_OC_InitTypeDef *)
                        0x08003ded   0x40  Code  Lc  stm32f1xx_hal_tim.o [1]
TIM_TI1_ConfigInputStage(TIM_TypeDef *, unsigned int, unsigned int)
                        0x08003e41   0x22  Code  Lc  stm32f1xx_hal_tim.o [1]
TIM_TI2_ConfigInputStage(TIM_TypeDef *, unsigned int, unsigned int)
                        0x08003e63   0x24  Code  Lc  stm32f1xx_hal_tim.o [1]
ToCalibrateESC(FCCmdType &)
                        0x08003359   0x38  Code  Lc  main_app.o [1]
TunePID(FCCmdType &)    0x08003401  0x17c  Code  Lc  main_app.o [1]
UART_DMAAbortOnError(__DMA_HandleTypeDef *)
                        0x080031ad    0xc  Code  Lc  stm32f1xx_hal_uart.o [1]
UART_DMAError(__DMA_HandleTypeDef *)
                        0x08003131   0x4a  Code  Lc  stm32f1xx_hal_uart.o [1]
UART_DMAReceiveCplt(__DMA_HandleTypeDef *)
                        0x080030f1   0x38  Code  Lc  stm32f1xx_hal_uart.o [1]
UART_DMARxHalfCplt(__DMA_HandleTypeDef *)
                        0x08003129    0x6  Code  Lc  stm32f1xx_hal_uart.o [1]
UART_EndRxTransfer(UART_HandleTypeDef *)
                        0x0800318d   0x1c  Code  Lc  stm32f1xx_hal_uart.o [1]
UART_EndTxTransfer(UART_HandleTypeDef *)
                        0x0800317b   0x12  Code  Lc  stm32f1xx_hal_uart.o [1]
UART_Init               0x080054e1    0x4  Code  Gb  uart.o [1]
UART_Receive_IT(UART_HandleTypeDef *)
                        0x080031b9   0x92  Code  Lc  stm32f1xx_hal_uart.o [1]
UART_SetConfig(UART_HandleTypeDef *)
                        0x0800324b   0xdc  Code  Lc  stm32f1xx_hal_uart.o [1]
USART3_IRQHandler       0x08006eab   0x10  Code  Gb  stm32f1xx_it.o [1]
UsageFault_Handler      0x08006e85    0x2  Code  Gb  stm32f1xx_it.o [1]
Util_Constrain(float, float, float, float, float)
                        0x08006bdd   0x5e  Code  Gb  util.o [1]
VelController::VelController(int)
                        0x08004f81   0x6e  Code  Gb  controller_vel.o [1]
__aeabi_cfcmpeq         0x08004219         Code  Gb  FltCmpEq.o [5]
__aeabi_cfcmple         0x080064e1         Code  Gb  FltCmpLe.o [5]
__aeabi_cfrcmple        0x080062fd         Code  Gb  FltCmpGe.o [5]
__aeabi_d2f             0x080045c9         Code  Gb  DblToFlt.o [5]
__aeabi_dadd            0x080044e1         Code  Gb  DblAdd.o [5]
__aeabi_errno_addr      0x08006e05    0x6  Code  Gb  errno.o [3]
__aeabi_f2d             0x08004491         Code  Gb  FltToDbl.o [5]
__aeabi_f2iz            0x0800648d         Code  Gb  FltToS32.o [5]
__aeabi_fadd            0x08006409         Code  Gb  FltAdd.o [5]
__aeabi_fdiv            0x08006539         Code  Gb  FltDiv.o [5]
__aeabi_fmul            0x08005c55         Code  Gb  FltMul.o [5]
__aeabi_fsub            0x08006321         Code  Gb  FltSub.o [5]
__aeabi_i2f             0x08006505         Code  Gb  I32ToFlt.o [5]
__aeabi_memclr          0x080064d1         Code  Gb  ABImemclr.o [6]
__aeabi_memclr4         0x080026cd         Code  Gb  ABImemclr4.o [6]
__aeabi_ui2f            0x08006519         Code  Gb  I32ToFlt.o [5]
__cmain                 0x08006f95         Code  Gb  cmain.o [6]
__data_GetMemChunk      0x080015e9   0x2c  Code  Gb  xgetmemchunk.o [3]
__data_GetMemChunk::start
                        0x20000ee4    0x4  Data  Lc  xgetmemchunk.o [3]
__exit                  0x08001615   0x14  Code  Gb  exit.o [7]
__iar_Errno             0x20000048    0x4  Data  Gb  errno.o [3]
__iar_FAtan             0x08006c9d   0xb4  Code  Gb  xfatan.o [5]
__iar_Memset4_word      0x08002de9         Code  Gb  ABImemset48.o [6]
__iar_Memset8_word      0x08002de9         Code  Gb  ABImemset48.o [6]
__iar_Memset_word       0x08006c3d         Code  Gb  ABImemset.o [6]
__iar_dadd              0x080044f5         Code  Gb  DblAdd.o [5]
__iar_data_init3        0x08006f4d   0x28  Code  Gb  data_init.o [6]
__iar_debug_exceptions  0x080015e6    0x1  Data  Gb  unwind_debug.o [7]
__iar_dlfree            0x080010bf  0x51a  Code  Gb  dlmalloc.o [3]
__iar_dlib_perthread_access
                        0x08006e1d    0x2  Code  Gb  xtls.o [3]
__iar_dlmalloc          0x08000e09  0x2aa  Code  Gb  dlmalloc.o [3]
__iar_dsub              0x080050e5         Code  Gb  DblSub.o [5]
__iar_dsubStart         0x080050f7         Code  Gb  DblSub.o [5]
__iar_edom              0x08006e11         Code  Gb  iarEdom.o [6]
__iar_fadd              0x08006419         Code  Gb  FltAdd.o [5]
__iar_fsub              0x08006331         Code  Gb  FltSub.o [5]
__iar_fsubStart         0x08006341         Code  Gb  FltSub.o [5]
__iar_packbits_init_single3
                        0x08006f15   0x38  Code  Gb  packbits_init_single.o [6]
__iar_program_start     0x08006fd5         Code  Gb  cstartup_M.o [6]
__iar_sqrtf             0x08006d91         Code  Gb  sqrtf.o [5]
__iar_ui2f              0x0800651d         Code  Gb  I32ToFlt.o [5]
__iar_unaligned___aeabi_memcpy
                        0x08002d71         Code  Gb  ABImemcpy_unaligned.o [6]
__iar_unaligned___aeabi_memcpy4
                        0x08002d91         Code  Gb  ABImemcpy_unaligned.o [6]
__iar_unaligned___aeabi_memcpy8
                        0x08002d91         Code  Gb  ABImemcpy_unaligned.o [6]
__iar_zero_init3        0x08006ed5   0x40  Code  Gb  zero_init3.o [6]
__low_level_init        0x08006faf    0x4  Code  Gb  low_level_init.o [3]
__vector_table          0x08000000         Data  Gb  startup_stm32f103xb.o [1]
_call_main              0x08006fa1         Code  Gb  cmain.o [6]
_exit                   0x08006fb9         Code  Gb  cexit.o [6]
_gm_                    0x20000a10  0x1d8  Data  Lc  dlmalloc.o [3]
_main                   0x08006fab         Code  Gb  cmain.o [6]
a                       0x08006d70   0x20  Data  Lc  xfatan.o [5]
abort                   0x080015e1    0x6  Code  Gb  abort.o [3]
arm_mat_init_f32        0x080064d7    0x8  Code  Gb  arm_mat_init_f32.o [4]
asinf                   0x08006701   0xb0  Code  Gb  asinf.o [5]
atan2f                  0x08006635   0xcc  Code  Gb  atan2f.o [5]
exit                    0x08006fb3    0x4  Code  Gb  exit.o [3]
hdma_usart3_rx          0x20000da8   0x44  Data  Gb  main.o [1]
hi2c1                   0x20000be8   0x54  Data  Gb  main.o [1]
htim1                   0x20000e30   0x40  Data  Gb  main.o [1]
huart2                  0x20000c3c   0x40  Data  Gb  main.o [1]
huart3                  0x20000c7c   0x40  Data  Gb  main.o [1]
init_mparams            0x08000109   0x32  Code  Lc  dlmalloc.o [3]
init_top                0x0800013b   0x34  Code  Lc  dlmalloc.o [3]
main                    0x08002a11  0x110  Code  Gb  main.o [1]
mparams                 0x20000eac   0x18  Data  Lc  dlmalloc.o [3]
prepend_alloc           0x0800016f  0x372  Code  Lc  dlmalloc.o [3]
sArmed                  0x20000006    0x1  Data  Lc  main_app.o [1]
sControllerAttCnt       0x20000014    0x4  Data  Lc  main_app.o [1]
sControllerAttFlag      0x20000002    0x1  Data  Lc  main_app.o [1]
sControllerAttRateCnt   0x20000018    0x4  Data  Lc  main_app.o [1]
sControllerAttRateFlag  0x20000003    0x1  Data  Lc  main_app.o [1]
sEstimateStateCnt       0x20000010    0x4  Data  Lc  main_app.o [1]
sEstimateStateFlag      0x20000004    0x1  Data  Lc  main_app.o [1]
sListenCmdCnt           0x2000001c    0x4  Data  Lc  main_app.o [1]
sListenCmdFlag          0x20000001    0x1  Data  Lc  main_app.o [1]
sMatrixData_RotYawInv   0x20000d54   0x24  Data  Lc  controller_util.o [1]
sMatrix_RotYawInv       0x20000d90    0x8  Data  Lc  controller_util.o [1]
sMeas                   0x20000020   0x18  Data  Lc  main_app.o [1]
sOnBoardLedStatus       0x20000ee8    0x1  Data  Lc  led.o [1]
sReadSensorCnt          0x2000000c    0x4  Data  Lc  main_app.o [1]
sReadSensorFlag         0x20000000    0x1  Data  Lc  main_app.o [1]
sRecBuffer              0x20000e74   0x1c  Data  Lc  sbus.o [1]
sRetryCnt               0x20000e71    0x1  Data  Lc  sbus.o [1]
sStarted                0x20000005    0x1  Data  Lc  main_app.o [1]
sStarted                0x20000e70    0x1  Data  Lc  sbus.o [1]
sTimerCnt               0x20000008    0x4  Data  Lc  main_app.o [1]
sTunePID                0x20000007    0x1  Data  Lc  main_app.o [1]
sVectorData_DesiredAtt  0x20000d78    0xc  Data  Lc  controller_util.o [1]
sVectorData_Temp        0x20000d84    0xc  Data  Lc  controller_util.o [1]
sVector_DesiredAtt      0x20000d98    0x8  Data  Lc  controller_util.o [1]
sVector_Temp            0x20000da0    0x8  Data  Lc  controller_util.o [1]
segment_holding         0x080000ed   0x1c  Code  Lc  dlmalloc.o [3]
spPPBuffer              0x20000e90    0x4  Data  Lc  sbus.o [1]
sqrtf                   0x08006d91         Code  Gb  sqrtf.o [5]
sys_alloc               0x080004e1  0x388  Code  Lc  dlmalloc.o [3]
tmalloc_large           0x08000875  0x380  Code  Lc  dlmalloc.o [3]
tmalloc_small           0x08000bf5  0x206  Code  Lc  dlmalloc.o [3]
uwTick                  0x2000003c    0x4  Data  Gb  stm32f1xx_hal.o [1]
uwTickFreq              0x20000038    0x1  Data  Gb  stm32f1xx_hal.o [1]
uwTickPrio              0x20000040    0x4  Data  Gb  stm32f1xx_hal.o [1]


[1] = D:\MyLife\work\UAV\Custom-Flight-Controller\FlightController\FlightControllerV2\EWARM\FlightControllerV2\Obj
[2] = command line
[3] = dl7M_tlf.a
[4] = iar_cortexM3l_math.a
[5] = m7M_tl.a
[6] = rt7M_tl.a
[7] = shb_l.a

  28 771 bytes of readonly  code memory
      77 bytes of readonly  data memory
   3 813 bytes of readwrite data memory

Errors: none
Warnings: none
